Archive member included to satisfy reference by file (symbol)

../../libpico-tflmicro.a(kernel_util.cpp.o)
                              CMakeFiles/kernels_depthwise_conv_test.dir/depthwise_conv_test.cpp.o (tflite::TfLiteTypeGetSize(TfLiteType))
../../libpico-tflmicro.a(depthwise_conv.cpp.o)
                              CMakeFiles/kernels_depthwise_conv_test.dir/depthwise_conv_test.cpp.o (tflite::Register_DEPTHWISE_CONV_2D())
../../libpico-tflmicro.a(depthwise_conv_common.cpp.o)
                              ../../libpico-tflmicro.a(depthwise_conv.cpp.o) (tflite::DepthwiseConvParamsFloat(TfLiteDepthwiseConvParams const&, tflite::OpDataConv const&))
../../libpico-tflmicro.a(kernel_runner.cpp.o)
                              CMakeFiles/kernels_depthwise_conv_test.dir/depthwise_conv_test.cpp.o (tflite::micro::KernelRunner::KernelRunner(TFLMRegistration const&, TfLiteTensor*, int, TfLiteIntArray*, TfLiteIntArray*, void const*, TfLiteIntArray*))
../../libpico-tflmicro.a(kernel_util.cpp.o)
                              ../../libpico-tflmicro.a(depthwise_conv.cpp.o) (tflite::micro::RegisterOp(void* (*)(TfLiteContext*, char const*, unsigned int), TfLiteStatus (*)(TfLiteContext*, TfLiteNode*), TfLiteStatus (*)(TfLiteContext*, TfLiteNode*), void (*)(TfLiteContext*, void*), void (*)(TfLiteContext*, void*)))
../../libpico-tflmicro.a(memory_helpers.cpp.o)
                              ../../libpico-tflmicro.a(kernel_util.cpp.o) (tflite::TfLiteEvalTensorByteLength(TfLiteEvalTensor const*, unsigned int*))
../../libpico-tflmicro.a(micro_context.cpp.o)
                              ../../libpico-tflmicro.a(depthwise_conv.cpp.o) (tflite::MicroContext::AllocateTempInputTensor(TfLiteNode const*, int))
../../libpico-tflmicro.a(micro_log.cpp.o)
                              ../../libpico-tflmicro.a(micro_context.cpp.o) (VMicroPrintf(char const*, std::__va_list))
../../libpico-tflmicro.a(micro_utils.cpp.o)
                              CMakeFiles/kernels_depthwise_conv_test.dir/depthwise_conv_test.cpp.o (tflite::ElementCount(TfLiteIntArray const&))
../../libpico-tflmicro.a(mock_micro_graph.cpp.o)
                              ../../libpico-tflmicro.a(kernel_runner.cpp.o) (tflite::MockMicroGraph::MockMicroGraph(tflite::SingleArenaBufferAllocator*))
../../libpico-tflmicro.a(system_setup.cpp.o)
                              CMakeFiles/kernels_depthwise_conv_test.dir/depthwise_conv_test.cpp.o (tflite::InitializeTarget())
../../libpico-tflmicro.a(test_helpers.cpp.o)
                              CMakeFiles/kernels_depthwise_conv_test.dir/depthwise_conv_test.cpp.o (tflite::testing::IntArrayFromInts(int const*))
../../libpico-tflmicro.a(flatbuffer_conversions_bridge.cpp.o)
                              ../../libpico-tflmicro.a(memory_helpers.cpp.o) (tflite::ConvertTensorType(tflite::TensorType, TfLiteType*))
../../libpico-tflmicro.a(micro_error_reporter.cpp.o)
                              ../../libpico-tflmicro.a(flatbuffer_conversions_bridge.cpp.o) (tflite::GetMicroErrorReporter())
../../libpico-tflmicro.a(arm_depthwise_conv_get_buffer_sizes_s4.c.o)
                              ../../libpico-tflmicro.a(depthwise_conv.cpp.o) (arm_depthwise_conv_wrapper_s4_get_buffer_size)
../../libpico-tflmicro.a(arm_depthwise_conv_get_buffer_sizes_s8.c.o)
                              ../../libpico-tflmicro.a(arm_depthwise_conv_get_buffer_sizes_s4.c.o) (arm_depthwise_conv_s8_opt_get_buffer_size_mve)
../../libpico-tflmicro.a(arm_depthwise_conv_s16.c.o)
                              ../../libpico-tflmicro.a(depthwise_conv.cpp.o) (arm_depthwise_conv_s16)
../../libpico-tflmicro.a(arm_depthwise_conv_wrapper_s4.c.o)
                              ../../libpico-tflmicro.a(depthwise_conv.cpp.o) (arm_depthwise_conv_wrapper_s4)
../../libpico-tflmicro.a(arm_depthwise_conv_wrapper_s8.c.o)
                              ../../libpico-tflmicro.a(depthwise_conv.cpp.o) (arm_depthwise_conv_wrapper_s8)
../../libpico-tflmicro.a(flatbuffer_conversions.cpp.o)
                              ../../libpico-tflmicro.a(flatbuffer_conversions_bridge.cpp.o) (tflite::ConvertTensorType(tflite::TensorType, TfLiteType*, tflite::ErrorReporter*))
../../libpico-tflmicro.a(common.cpp.o)
                              ../../libpico-tflmicro.a(kernel_util.cpp.o) (TfLiteIntArrayGetSizeInBytes)
../../libpico-tflmicro.a(portable_tensor_utils.cpp.o)
                              ../../libpico-tflmicro.a(kernel_util.cpp.o) (tflite::tensor_utils::UnpackDenseInt4IntoInt8(signed char const*, int, signed char*))
../../libpico-tflmicro.a(quantization_util.cpp.o)
                              ../../libpico-tflmicro.a(kernel_util.cpp.o) (tflite::QuantizeMultiplier(double, long*, int*))
../../libpico-tflmicro.a(tensor_ctypes.cpp.o)
                              ../../libpico-tflmicro.a(depthwise_conv.cpp.o) (tflite::GetTensorShape(TfLiteTensor const*))
../../libpico-tflmicro.a(single_arena_buffer_allocator.cpp.o)
[...]
Memory Configuration

Name             Origin             Length             Attributes
FLASH            0x10000000         0x00200000         xr
RAM              0x20000000         0x00040000         xrw
SCRATCH_X        0x20040000         0x00001000         xrw
SCRATCH_Y        0x20041000         0x00001000         xrw
*default*        0x00000000         0xffffffff

Linker script and memory map

LOAD /home/sandra/.pico-sdk/toolchain/13_3_Rel1/bin/../lib/gcc/arm-none-eabi/13.3.1/thumb/v6-m/nofp/crti.o
LOAD /home/sandra/.pico-sdk/toolchain/13_3_Rel1/bin/../lib/gcc/arm-none-eabi/13.3.1/thumb/v6-m/nofp/crtbegin.o
LOAD /home/sandra/.pico-sdk/toolchain/13_3_Rel1/bin/../lib/gcc/arm-none-eabi/13.3.1/../../../../arm-none-eabi/lib/thumb/v6-m/nofp/crt0.o

.flash_begin    0x10000000        0x0
                0x10000000                        __flash_binary_start = .

.boot2          0x10000000      0x100
                0x10000000                        __boot2_start__ = .
 *(.boot2)
 .boot2         0x10000000      0x100 ../../pico-sdk/src/rp2040/boot_stage2/CMakeFiles/bs2_default_library.dir/bs2_default_padded_checksummed.S.o
                0x10000100                        __boot2_end__ = .
                0x00000001                        ASSERT (((__boot2_end__ - __boot2_start__) == 0x100), ERROR: Pico second stage bootloader must be 256 bytes in size)

.text           0x10000100    0x13630
                0x10000100                        __logical_binary_start = .
 *(.vectors)
 .vectors       0x10000100       0xd4 CMakeFiles/kernels_depthwise_conv_test.dir/home/sandra/.pico-sdk/sdk/2.1.0/src/rp2_common/pico_crt0/crt0.S.o
                0x10000100                __vectors
                0x10000100                __VECTOR_TABLE
                0x100001c0                isr_invalid
                0x100001c0                __default_isrs_start
                0x100001c2                isr_nmi
                0x100001c4                isr_hardfault
                0x100001c6                isr_svcall
                0x100001c8                isr_pendsv
                0x100001ca                isr_systick
                0x100001cc                isr_irq30
                0x100001cc                __unhandled_user_irq
                0x100001cc                isr_irq13
                0x100001cc                isr_irq27
                0x100001cc                isr_irq31
                0x100001cc                isr_irq5
                0x100001cc                isr_irq11
                0x100001cc                isr_irq23
                0x100001cc                isr_irq18
                0x100001cc                isr_irq28
                0x100001cc                isr_irq19
                0x100001cc                isr_irq0
                0x100001cc                isr_irq6
                0x100001cc                isr_irq22
                0x100001cc                isr_irq17
                0x100001cc                isr_irq14
                0x100001cc                isr_irq2
                0x100001cc                isr_irq10
                0x100001cc                isr_irq8
                0x100001cc                isr_irq24
                0x100001cc                isr_irq1
                0x100001cc                isr_irq7
                0x100001cc                isr_irq21
                0x100001cc                isr_irq20
                0x100001cc                isr_irq15
                0x100001cc                isr_irq25
                0x100001cc                isr_irq4
                0x100001cc                isr_irq16
                0x100001cc                isr_irq29
                0x100001cc                isr_irq26
                0x100001cc                __default_isrs_end
                0x100001cc                isr_irq3
                0x100001cc                isr_irq12
                0x100001cc                isr_irq9
                0x100001d2                unhandled_user_irq_num_in_r0
 *(.binary_info_header)
 .binary_info_header
                0x100001d4       0x14 CMakeFiles/kernels_depthwise_conv_test.dir/home/sandra/.pico-sdk/sdk/2.1.0/src/rp2_common/pico_crt0/crt0.S.o
                0x100001e8                        __binary_info_header_end = .
 *(.embedded_block)
                0x100001e8                        __embedded_block_end = .
 *(.reset)
 .reset         0x100001e8       0x9c CMakeFiles/kernels_depthwise_conv_test.dir/home/sandra/.pico-sdk/sdk/2.1.0/src/rp2_common/pico_crt0/crt0.S.o
                0x100001e8                _entry_point
 *(.init)
 .init          0x10000284        0x4 /home/sandra/.pico-sdk/toolchain/13_3_Rel1/bin/../lib/gcc/arm-none-eabi/13.3.1/thumb/v6-m/nofp/crti.o
                0x10000284                _init
 *(EXCLUDE_FILE(*libm.a: *libc.a:*lib_a-mem*.o *libgcc.a:) .text*)
 .text.register_tm_clones
                0x10000288       0x28 /home/sandra/.pico-sdk/toolchain/13_3_Rel1/bin/../lib/gcc/arm-none-eabi/13.3.1/thumb/v6-m/nofp/crtbegin.o
 .text.frame_dummy
                0x100002b0       0x24 /home/sandra/.pico-sdk/toolchain/13_3_Rel1/bin/../lib/gcc/arm-none-eabi/13.3.1/thumb/v6-m/nofp/crtbegin.o
 .text._ZN6tflite7testing12_GLOBAL__N_128ValidateDepthwiseConvGoldensIavvEE12TfLiteStatusPKT_iP25TfLiteDepthwiseConvParamsfiP12TfLiteTensor.constprop.0
                0x100002d4      0x12c CMakeFiles/kernels_depthwise_conv_test.dir/depthwise_conv_test.cpp.o
 .text._ZN6tflite7testing12_GLOBAL__N_128ValidateDepthwiseConvGoldensIavvEE12TfLiteStatusPKT_iP25TfLiteDepthwiseConvParamsfiP12TfLiteTensor.constprop.1
                0x10000400      0x390 CMakeFiles/kernels_depthwise_conv_test.dir/depthwise_conv_test.cpp.o
 .text._ZN6tflite7testing12_GLOBAL__N_128ValidateDepthwiseConvGoldensIavvEE12TfLiteStatusPKT_iP25TfLiteDepthwiseConvParamsfiP12TfLiteTensor.constprop.2
                0x10000790      0x134 CMakeFiles/kernels_depthwise_conv_test.dir/depthwise_conv_test.cpp.o
 .text._ZN6tflite27SymmetricPerChannelQuantizeIlEEvPKfPT_iiPfj.constprop.0
                0x100008c4       0xbc CMakeFiles/kernels_depthwise_conv_test.dir/depthwise_conv_test.cpp.o
 .text._ZN6tflite7testing35CreatePerChannelQuantizedBiasTensorIlEE12TfLiteTensorPKfPT_P14TfLiteIntArrayfS4_PfPiP24TfLiteAffineQuantizationib.constprop.0
                0x10000980       0xe8 CMakeFiles/kernels_depthwise_conv_test.dir/depthwise_conv_test.cpp.o
 .text._ZN6tflite7testing12_GLOBAL__N_122TestDepthwiseConvFloatEPiPKfS2_S4_S2_S4_S4_S2_P25TfLiteDepthwiseConvParamsPf
                0x10000a68      0x250 CMakeFiles/kernels_depthwise_conv_test.dir/depthwise_conv_test.cpp.o
 .text._ZN6tflite7testing12_GLOBAL__N_136TestDepthwiseConvQuantizedPerChannelIalEEvPiPKfPT_fiS3_S5_PaS3_S5_PT0_S3_S5_S7_S7_fiP25TfLiteDepthwiseConvParams10TfLiteType.constprop.0
                0x10000cb8      0x2e8 CMakeFiles/kernels_depthwise_conv_test.dir/depthwise_conv_test.cpp.o
 .text._ZN6tflite7testing35CreatePerChannelQuantizedBiasTensorIlEE12TfLiteTensorPKfPT_P14TfLiteIntArrayfS4_PfPiP24TfLiteAffineQuantizationib
                0x10000fa0       0xec CMakeFiles/kernels_depthwise_conv_test.dir/depthwise_conv_test.cpp.o
                0x10000fa0                TfLiteTensor tflite::testing::CreatePerChannelQuantizedBiasTensor<long>(float const*, long*, TfLiteIntArray*, float, float const*, float*, int*, TfLiteAffineQuantization*, int, bool)
 .text.startup.main
                0x1000108c     0x25c0 CMakeFiles/kernels_depthwise_conv_test.dir/depthwise_conv_test.cpp.o
                0x1000108c                main
 .text.rp2040_chip_version
                0x1000364c        0xc CMakeFiles/kernels_depthwise_conv_test.dir/home/sandra/.pico-sdk/sdk/2.1.0/src/rp2040/pico_platform/platform.c.o
                0x1000364c                rp2040_chip_version
 .text.panic    0x10003658       0x30 CMakeFiles/kernels_depthwise_conv_test.dir/home/sandra/.pico-sdk/sdk/2.1.0/src/rp2_common/pico_platform_panic/panic.c.o
                0x10003658                panic
 .text.hw_claim_or_assert
                0x10003688       0x44 CMakeFiles/kernels_depthwise_conv_test.dir/home/sandra/.pico-sdk/sdk/2.1.0/src/common/hardware_claim/claim.c.o
                0x10003688                hw_claim_or_assert
 .text.hw_claim_unused_from_range
                0x100036cc       0x9c CMakeFiles/kernels_depthwise_conv_test.dir/home/sandra/.pico-sdk/sdk/2.1.0/src/common/hardware_claim/claim.c.o
                0x100036cc                hw_claim_unused_from_range
 .text.next_striped_spin_lock_num
                0x10003768       0x18 CMakeFiles/kernels_depthwise_conv_test.dir/home/sandra/.pico-sdk/sdk/2.1.0/src/rp2_common/hardware_sync/sync.c.o
                0x10003768                next_striped_spin_lock_num
 .text.spin_lock_claim_unused
                0x10003780       0x24 CMakeFiles/kernels_depthwise_conv_test.dir/home/sandra/.pico-sdk/sdk/2.1.0/src/rp2_common/hardware_sync/sync.c.o
                0x10003780                spin_lock_claim_unused
 .text.spin_locks_reset
                0x100037a4       0x1c CMakeFiles/kernels_depthwise_conv_test.dir/home/sandra/.pico-sdk/sdk/2.1.0/src/rp2_common/hardware_sync_spin_lock/sync_spin_lock.c.o
                0x100037a4                spin_locks_reset
 .text.runtime_init_per_core_irq_priorities
                0x100037c0       0x24 CMakeFiles/kernels_depthwise_conv_test.dir/home/sandra/.pico-sdk/sdk/2.1.0/src/rp2_common/hardware_irq/irq.c.o
                0x100037c0                runtime_init_per_core_irq_priorities
 .text.irq_set_enabled
                0x100037e4       0x24 CMakeFiles/kernels_depthwise_conv_test.dir/home/sandra/.pico-sdk/sdk/2.1.0/src/rp2_common/hardware_irq/irq.c.o
                0x100037e4                irq_set_enabled
 .text.irq_is_enabled
                0x10003808       0x18 CMakeFiles/kernels_depthwise_conv_test.dir/home/sandra/.pico-sdk/sdk/2.1.0/src/rp2_common/hardware_irq/irq.c.o
                0x10003808                irq_is_enabled
 .text.irq_set_pending
                0x10003820       0x10 CMakeFiles/kernels_depthwise_conv_test.dir/home/sandra/.pico-sdk/sdk/2.1.0/src/rp2_common/hardware_irq/irq.c.o
                0x10003820                irq_set_pending
 .text.irq_has_shared_handler
                0x10003830       0x2c CMakeFiles/kernels_depthwise_conv_test.dir/home/sandra/.pico-sdk/sdk/2.1.0/src/rp2_common/hardware_irq/irq.c.o
                0x10003830                irq_has_shared_handler
 .text.irq_set_exclusive_handler
                0x1000385c       0x54 CMakeFiles/kernels_depthwise_conv_test.dir/home/sandra/.pico-sdk/sdk/2.1.0/src/rp2_common/hardware_irq/irq.c.o
                0x1000385c                irq_set_exclusive_handler
 .text.irq_add_shared_handler
                0x100038b0      0x1f4 CMakeFiles/kernels_depthwise_conv_test.dir/home/sandra/.pico-sdk/sdk/2.1.0/src/rp2_common/hardware_irq/irq.c.o
                0x100038b0                irq_add_shared_handler
 .text.irq_add_tail_to_free_list
                0x10003aa4       0xb4 CMakeFiles/kernels_depthwise_conv_test.dir/home/sandra/.pico-sdk/sdk/2.1.0/src/rp2_common/hardware_irq/irq.c.o
                0x10003aa4                irq_add_tail_to_free_list
 .text.user_irq_claim_unused
                0x10003b58       0x2c CMakeFiles/kernels_depthwise_conv_test.dir/home/sandra/.pico-sdk/sdk/2.1.0/src/rp2_common/hardware_irq/irq.c.o
                0x10003b58                user_irq_claim_unused
 .text.lock_init
                0x10003b84       0x10 CMakeFiles/kernels_depthwise_conv_test.dir/home/sandra/.pico-sdk/sdk/2.1.0/src/common/pico_sync/lock_core.c.o
                0x10003b84                lock_init
 .text.runtime_init_mutex
                0x10003b94       0x50 CMakeFiles/kernels_depthwise_conv_test.dir/home/sandra/.pico-sdk/sdk/2.1.0/src/common/pico_sync/mutex.c.o
                0x10003b94                runtime_init_mutex
 .text.mutex_init
                0x10003be4       0x1c CMakeFiles/kernels_depthwise_conv_test.dir/home/sandra/.pico-sdk/sdk/2.1.0/src/common/pico_sync/mutex.c.o
                0x10003be4                mutex_init
 .text.critical_section_init
                0x10003c00       0x1c CMakeFiles/kernels_depthwise_conv_test.dir/home/sandra/.pico-sdk/sdk/2.1.0/src/common/pico_sync/critical_section.c.o
                0x10003c00                critical_section_init
 .text.critical_section_init_with_lock_num
                0x10003c1c       0x14 CMakeFiles/kernels_depthwise_conv_test.dir/home/sandra/.pico-sdk/sdk/2.1.0/src/common/pico_sync/critical_section.c.o
                0x10003c1c                critical_section_init_with_lock_num
 .text.sleep_until_callback
                0x10003c30       0x30 CMakeFiles/kernels_depthwise_conv_test.dir/home/sandra/.pico-sdk/sdk/2.1.0/src/common/pico_time/time.c.o
 .text.alarm_pool_irq_handler
                0x10003c60      0x2fc CMakeFiles/kernels_depthwise_conv_test.dir/home/sandra/.pico-sdk/sdk/2.1.0/src/common/pico_time/time.c.o
 .text.runtime_init_default_alarm_pool
                0x10003f5c       0xdc CMakeFiles/kernels_depthwise_conv_test.dir/home/sandra/.pico-sdk/sdk/2.1.0/src/common/pico_time/time.c.o
                0x10003f5c                runtime_init_default_alarm_pool
 .text.alarm_pool_get_default
                0x10004038        0x8 CMakeFiles/kernels_depthwise_conv_test.dir/home/sandra/.pico-sdk/sdk/2.1.0/src/common/pico_time/time.c.o
                0x10004038                alarm_pool_get_default
 .text.alarm_pool_add_alarm_at
                0x10004040       0xd4 CMakeFiles/kernels_depthwise_conv_test.dir/home/sandra/.pico-sdk/sdk/2.1.0/src/common/pico_time/time.c.o
                0x10004040                alarm_pool_add_alarm_at
 .text.alarm_pool_add_alarm_at_force_in_context
                0x10004114       0xb0 CMakeFiles/kernels_depthwise_conv_test.dir/home/sandra/.pico-sdk/sdk/2.1.0/src/common/pico_time/time.c.o
                0x10004114                alarm_pool_add_alarm_at_force_in_context
 .text.alarm_pool_cancel_alarm
                0x100041c4       0x74 CMakeFiles/kernels_depthwise_conv_test.dir/home/sandra/.pico-sdk/sdk/2.1.0/src/common/pico_time/time.c.o
                0x100041c4                alarm_pool_cancel_alarm
 .text.alarm_pool_core_num
                0x10004238        0x4 CMakeFiles/kernels_depthwise_conv_test.dir/home/sandra/.pico-sdk/sdk/2.1.0/src/common/pico_time/time.c.o
                0x10004238                alarm_pool_core_num
 .text.best_effort_wfe_or_timeout
                0x1000423c       0xe0 CMakeFiles/kernels_depthwise_conv_test.dir/home/sandra/.pico-sdk/sdk/2.1.0/src/common/pico_time/time.c.o
                0x1000423c                best_effort_wfe_or_timeout
 .text.timer_hardware_alarm_claim
                0x1000431c       0x14 CMakeFiles/kernels_depthwise_conv_test.dir/home/sandra/.pico-sdk/sdk/2.1.0/src/rp2_common/hardware_timer/timer.c.o
                0x1000431c                timer_hardware_alarm_claim
 .text.timer_time_us_64
                0x10004330       0x10 CMakeFiles/kernels_depthwise_conv_test.dir/home/sandra/.pico-sdk/sdk/2.1.0/src/rp2_common/hardware_timer/timer.c.o
                0x10004330                timer_time_us_64
 .text.time_us_64
                0x10004340       0x14 CMakeFiles/kernels_depthwise_conv_test.dir/home/sandra/.pico-sdk/sdk/2.1.0/src/rp2_common/hardware_timer/timer.c.o
                0x10004340                time_us_64
 .text.busy_wait_us
                0x10004354       0x68 CMakeFiles/kernels_depthwise_conv_test.dir/home/sandra/.pico-sdk/sdk/2.1.0/src/rp2_common/hardware_timer/timer.c.o
                0x10004354                busy_wait_us
 .text.clock_configure_int_divider
                0x100043bc       0xf4 CMakeFiles/kernels_depthwise_conv_test.dir/home/sandra/.pico-sdk/sdk/2.1.0/src/rp2_common/hardware_clocks/clocks.c.o
                0x100043bc                clock_configure_int_divider
 .text.clock_configure_undivided
                0x100044b0       0xe8 CMakeFiles/kernels_depthwise_conv_test.dir/home/sandra/.pico-sdk/sdk/2.1.0/src/rp2_common/hardware_clocks/clocks.c.o
                0x100044b0                clock_configure_undivided
 .text.clock_get_hz
                0x10004598        0xc CMakeFiles/kernels_depthwise_conv_test.dir/home/sandra/.pico-sdk/sdk/2.1.0/src/rp2_common/hardware_clocks/clocks.c.o
                0x10004598                clock_get_hz
 .text.pll_init
                0x100045a4       0xa4 CMakeFiles/kernels_depthwise_conv_test.dir/home/sandra/.pico-sdk/sdk/2.1.0/src/rp2_common/hardware_pll/pll.c.o
                0x100045a4                pll_init
 .text.watchdog_reboot
                0x10004648       0x9c CMakeFiles/kernels_depthwise_conv_test.dir/home/sandra/.pico-sdk/sdk/2.1.0/src/rp2_common/hardware_watchdog/watchdog.c.o
                0x10004648                watchdog_reboot
 .text.tick_start
                0x100046e4       0x10 CMakeFiles/kernels_depthwise_conv_test.dir/home/sandra/.pico-sdk/sdk/2.1.0/src/rp2_common/hardware_ticks/ticks.c.o
                0x100046e4                tick_start
 .text.rom_func_lookup
                0x100046f4       0x10 CMakeFiles/kernels_depthwise_conv_test.dir/home/sandra/.pico-sdk/sdk/2.1.0/src/rp2_common/pico_bootrom/bootrom.c.o
                0x100046f4                rom_func_lookup
 .text.rom_data_lookup
                0x10004704       0x10 CMakeFiles/kernels_depthwise_conv_test.dir/home/sandra/.pico-sdk/sdk/2.1.0/src/rp2_common/pico_bootrom/bootrom.c.o
                0x10004704                rom_data_lookup
 .text.rom_funcs_lookup
                0x10004714       0x44 CMakeFiles/kernels_depthwise_conv_test.dir/home/sandra/.pico-sdk/sdk/2.1.0/src/rp2_common/pico_bootrom/bootrom.c.o
                0x10004714                rom_funcs_lookup
 .text.rom_reset_usb_boot_extra
                0x10004758       0x28 CMakeFiles/kernels_depthwise_conv_test.dir/home/sandra/.pico-sdk/sdk/2.1.0/src/rp2_common/pico_bootrom/bootrom.c.o
                0x10004758                rom_reset_usb_boot_extra
 .text.xosc_init
                0x10004780       0x28 CMakeFiles/kernels_depthwise_conv_test.dir/home/sandra/.pico-sdk/sdk/2.1.0/src/rp2_common/hardware_xosc/xosc.c.o
                0x10004780                xosc_init
 .text.first_per_core_initializer
                0x100047a8        0x4 CMakeFiles/kernels_depthwise_conv_test.dir/home/sandra/.pico-sdk/sdk/2.1.0/src/rp2_common/pico_runtime/runtime.c.o
 .text.hard_assertion_failure
                0x100047ac        0xc CMakeFiles/kernels_depthwise_conv_test.dir/home/sandra/.pico-sdk/sdk/2.1.0/src/rp2_common/pico_runtime/runtime.c.o
                0x100047ac                hard_assertion_failure
 .text.runtime_run_initializers
                0x100047b8       0x28 CMakeFiles/kernels_depthwise_conv_test.dir/home/sandra/.pico-sdk/sdk/2.1.0/src/rp2_common/pico_runtime/runtime.c.o
                0x100047b8                runtime_run_initializers
 .text.runtime_init_early_resets
                0x100047e0       0x2c CMakeFiles/kernels_depthwise_conv_test.dir/home/sandra/.pico-sdk/sdk/2.1.0/src/rp2_common/pico_runtime_init/runtime_init.c.o
                0x100047e0                runtime_init_early_resets
 .text.runtime_init_usb_power_down
                0x1000480c       0x1c CMakeFiles/kernels_depthwise_conv_test.dir/home/sandra/.pico-sdk/sdk/2.1.0/src/rp2_common/pico_runtime_init/runtime_init.c.o
                0x1000480c                runtime_init_usb_power_down
 .text.runtime_init_post_clock_resets
                0x10004828       0x20 CMakeFiles/kernels_depthwise_conv_test.dir/home/sandra/.pico-sdk/sdk/2.1.0/src/rp2_common/pico_runtime_init/runtime_init.c.o
                0x10004828                runtime_init_post_clock_resets
 .text.runtime_init_rp2040_gpio_ie_disable
                0x10004848       0x14 CMakeFiles/kernels_depthwise_conv_test.dir/home/sandra/.pico-sdk/sdk/2.1.0/src/rp2_common/pico_runtime_init/runtime_init.c.o
                0x10004848                runtime_init_rp2040_gpio_ie_disable
 .text.runtime_init_spin_locks_reset
                0x1000485c        0x8 CMakeFiles/kernels_depthwise_conv_test.dir/home/sandra/.pico-sdk/sdk/2.1.0/src/rp2_common/pico_runtime_init/runtime_init.c.o
                0x1000485c                runtime_init_spin_locks_reset
 .text.runtime_init_install_ram_vector_table
                0x10004864       0x1c CMakeFiles/kernels_depthwise_conv_test.dir/home/sandra/.pico-sdk/sdk/2.1.0/src/rp2_common/pico_runtime_init/runtime_init.c.o
                0x10004864                runtime_init_install_ram_vector_table
 .text.runtime_init_clocks
                0x10004880       0xd8 CMakeFiles/kernels_depthwise_conv_test.dir/home/sandra/.pico-sdk/sdk/2.1.0/src/rp2_common/pico_runtime_init/runtime_init_clocks.c.o
                0x10004880                runtime_init_clocks
 .text          0x10004958       0x10 CMakeFiles/kernels_depthwise_conv_test.dir/home/sandra/.pico-sdk/sdk/2.1.0/src/rp2_common/pico_bit_ops/bit_ops_aeabi.S.o
 .text.__wrap___aeabi_idiv
                0x10004968       0x50 CMakeFiles/kernels_depthwise_conv_test.dir/home/sandra/.pico-sdk/sdk/2.1.0/src/rp2_common/pico_divider/divider_hardware.S.o
                0x10004968                __wrap___aeabi_idivmod
                0x10004968                divmod_s32s32
                0x10004968                div_s32s32
                0x10004968                __wrap___aeabi_idiv
                0x10004970                divmod_s32s32_unsafe
                0x1000499c                divmod_s32s32_savestate
 .text.__wrap___aeabi_uidiv
                0x100049b8       0x4c CMakeFiles/kernels_depthwise_conv_test.dir/home/sandra/.pico-sdk/sdk/2.1.0/src/rp2_common/pico_divider/divider_hardware.S.o
                0x100049b8                __wrap___aeabi_uidiv
                0x100049b8                __wrap___aeabi_uidivmod
                0x100049b8                div_u32u32
                0x100049b8                divmod_u32u32
                0x100049c0                divmod_u32u32_unsafe
                0x100049e8                divmod_u32u32_savestate
 .text.__wrap___aeabi_ldiv
                0x10004a04      0x424 CMakeFiles/kernels_depthwise_conv_test.dir/home/sandra/.pico-sdk/sdk/2.1.0/src/rp2_common/pico_divider/divider_hardware.S.o
                0x10004a04                div_s64s64
                0x10004a04                divmod_s64s64
                0x10004a04                __wrap___aeabi_ldivmod
                0x10004a34                div_u64u64
                0x10004a34                divmod_u64u64
                0x10004a34                __wrap___aeabi_uldivmod
                0x10004a44                divmod_u64u64_savestate
                0x10004a64                divmod_s64s64_unsafe
                0x10004aec                divmod_u64u64_unsafe
 .text.__wrap___aeabi_darithmetic
                0x10004e28       0x80 CMakeFiles/kernels_depthwise_conv_test.dir/home/sandra/.pico-sdk/sdk/2.1.0/src/rp2_common/pico_double/double_aeabi_rp2040.S.o
                0x10004e28                __wrap___aeabi_drsub
                0x10004e2e                __wrap___aeabi_dsub
                0x10004e40                __wrap___aeabi_dadd
                0x10004e52                __wrap___aeabi_ddiv
                0x10004e8e                __wrap___aeabi_dmul
 .text.__wrap___aeabi_cdcmple
                0x10004ea8       0x6c CMakeFiles/kernels_depthwise_conv_test.dir/home/sandra/.pico-sdk/sdk/2.1.0/src/rp2_common/pico_double/double_aeabi_rp2040.S.o
                0x10004ea8                __wrap___aeabi_cdrcmple
                0x10004eb8                __wrap___aeabi_cdcmple
                0x10004eb8                __wrap___aeabi_cdcmpeq
 .text.__wrap___aeabi_dcmpeq
                0x10004f14       0x10 CMakeFiles/kernels_depthwise_conv_test.dir/home/sandra/.pico-sdk/sdk/2.1.0/src/rp2_common/pico_double/double_aeabi_rp2040.S.o
                0x10004f14                __wrap___aeabi_dcmpeq
 .text.__wrap___aeabi_dcmplt
                0x10004f24        0xc CMakeFiles/kernels_depthwise_conv_test.dir/home/sandra/.pico-sdk/sdk/2.1.0/src/rp2_common/pico_double/double_aeabi_rp2040.S.o
                0x10004f24                __wrap___aeabi_dcmplt
 .text.__wrap___aeabi_dcmple
                0x10004f30       0x10 CMakeFiles/kernels_depthwise_conv_test.dir/home/sandra/.pico-sdk/sdk/2.1.0/src/rp2_common/pico_double/double_aeabi_rp2040.S.o
                0x10004f30                __wrap___aeabi_dcmple
 .text.__wrap___aeabi_dcmpgt
                0x10004f40        0xa CMakeFiles/kernels_depthwise_conv_test.dir/home/sandra/.pico-sdk/sdk/2.1.0/src/rp2_common/pico_double/double_aeabi_rp2040.S.o
                0x10004f40                __wrap___aeabi_dcmpgt
 .text.__wrap___aeabi_dcmpun
                0x10004f4a       0x18 CMakeFiles/kernels_depthwise_conv_test.dir/home/sandra/.pico-sdk/sdk/2.1.0/src/rp2_common/pico_double/double_aeabi_rp2040.S.o
                0x10004f4a                __wrap___aeabi_dcmpun
 *fill*         0x10004f62        0x2 
 .text.__wrap___aeabi_i2d
                0x10004f64       0x38 CMakeFiles/kernels_depthwise_conv_test.dir/home/sandra/.pico-sdk/sdk/2.1.0/src/rp2_common/pico_double/double_aeabi_rp2040.S.o
                0x10004f64                __wrap___aeabi_ui2d
                0x10004f6c                __wrap___aeabi_i2d
 .text.__wrap___aeabi_d2iz
                0x10004f9c       0x48 CMakeFiles/kernels_depthwise_conv_test.dir/home/sandra/.pico-sdk/sdk/2.1.0/src/rp2_common/pico_double/double_aeabi_rp2040.S.o
                0x10004f9c                __wrap___aeabi_d2iz
                0x10004f9c                double2int_z
 .text.__wrap___aeabi_d2lz
                0x10004fe4       0x26 CMakeFiles/kernels_depthwise_conv_test.dir/home/sandra/.pico-sdk/sdk/2.1.0/src/rp2_common/pico_double/double_aeabi_rp2040.S.o
                0x10004fe4                __wrap___aeabi_d2lz
                0x10004fe4                double2int64_z
 *fill*         0x1000500a        0x2 
 .text.double2int64
                0x1000500c       0x18 CMakeFiles/kernels_depthwise_conv_test.dir/home/sandra/.pico-sdk/sdk/2.1.0/src/rp2_common/pico_double/double_aeabi_rp2040.S.o
                0x1000500c                double2int64
 .text.double2ufix64
                0x10005024       0x18 CMakeFiles/kernels_depthwise_conv_test.dir/home/sandra/.pico-sdk/sdk/2.1.0/src/rp2_common/pico_double/double_aeabi_rp2040.S.o
                0x10005024                double2ufix64
 .text.__wrap___aeabi_d2f
                0x1000503c       0x18 CMakeFiles/kernels_depthwise_conv_test.dir/home/sandra/.pico-sdk/sdk/2.1.0/src/rp2_common/pico_double/double_aeabi_rp2040.S.o
                0x1000503c                __wrap___aeabi_d2f
 .text.__aeabi_double_init
                0x10005054       0xa4 CMakeFiles/kernels_depthwise_conv_test.dir/home/sandra/.pico-sdk/sdk/2.1.0/src/rp2_common/pico_double/double_init_rom_rp2040.c.o
                0x10005054                __aeabi_double_init
 .text.__wrap_round
                0x100050f8       0x9c CMakeFiles/kernels_depthwise_conv_test.dir/home/sandra/.pico-sdk/sdk/2.1.0/src/rp2_common/pico_double/double_math.c.o
                0x100050f8                __wrap_round
 .text.double_table_shim_on_use_helper
                0x10005194       0x2c CMakeFiles/kernels_depthwise_conv_test.dir/home/sandra/.pico-sdk/sdk/2.1.0/src/rp2_common/pico_double/double_v1_rom_shim_rp2040.S.o
                0x10005194                double_table_shim_on_use_helper
 .text.__wrap___aeabi_dsub
                0x100051c0       0x10 CMakeFiles/kernels_depthwise_conv_test.dir/home/sandra/.pico-sdk/sdk/2.1.0/src/rp2_common/pico_double/double_v1_rom_shim_rp2040.S.o
                0x100051c0                drsub_shim
                0x100051c6                dsub_shim
 .text.dadd_shim
                0x100051d0      0x15c CMakeFiles/kernels_depthwise_conv_test.dir/home/sandra/.pico-sdk/sdk/2.1.0/src/rp2_common/pico_double/double_v1_rom_shim_rp2040.S.o
                0x100051d0                dadd_shim
 .text.dmul_shim
                0x1000532c      0x15c CMakeFiles/kernels_depthwise_conv_test.dir/home/sandra/.pico-sdk/sdk/2.1.0/src/rp2_common/pico_double/double_v1_rom_shim_rp2040.S.o
                0x1000532c                dmul_shim
 .text.ddiv_shim
                0x10005488      0x1b0 CMakeFiles/kernels_depthwise_conv_test.dir/home/sandra/.pico-sdk/sdk/2.1.0/src/rp2_common/pico_double/double_v1_rom_shim_rp2040.S.o
                0x10005488                ddiv_shim
 .text.double2int64_shim
                0x10005638       0x1a CMakeFiles/kernels_depthwise_conv_test.dir/home/sandra/.pico-sdk/sdk/2.1.0/src/rp2_common/pico_double/double_v1_rom_shim_rp2040.S.o
                0x10005638                double2int64_shim
                0x1000563a                double2fix64_shim
 *fill*         0x10005652        0x2 
 .text.double2uint64_shim
                0x10005654       0x70 CMakeFiles/kernels_depthwise_conv_test.dir/home/sandra/.pico-sdk/sdk/2.1.0/src/rp2_common/pico_double/double_v1_rom_shim_rp2040.S.o
                0x10005654                double2uint64_shim
                0x10005656                double2ufix64_shim
                0x10005676                d2fix_a
 .text.double2float_shim
                0x100056c4       0x5c CMakeFiles/kernels_depthwise_conv_test.dir/home/sandra/.pico-sdk/sdk/2.1.0/src/rp2_common/pico_double/double_v1_rom_shim_rp2040.S.o
                0x100056c4                double2float_shim
 .text.dunpacks
                0x10005720       0x3c CMakeFiles/kernels_depthwise_conv_test.dir/home/sandra/.pico-sdk/sdk/2.1.0/src/rp2_common/pico_double/double_v1_rom_shim_rp2040.S.o
                0x10005720                dunpacks
 .text.__aeabi_lmul
                0x1000575c       0x32 CMakeFiles/kernels_depthwise_conv_test.dir/home/sandra/.pico-sdk/sdk/2.1.0/src/rp2_common/pico_int64_ops/pico_int64_ops_aeabi.S.o
                0x1000575c                __wrap___aeabi_lmul
 *fill*         0x1000578e        0x2 
 .text.__wrap___aeabi_farithmetic
                0x10005790       0x48 CMakeFiles/kernels_depthwise_conv_test.dir/home/sandra/.pico-sdk/sdk/2.1.0/src/rp2_common/pico_float/float_aeabi_rp2040.S.o
                0x10005790                __wrap___aeabi_frsub
                0x10005796                __wrap___aeabi_fsub
                0x1000579c                __wrap___aeabi_fadd
                0x100057a2                __wrap___aeabi_fdiv
                0x100057ca                __wrap___aeabi_fmul
 .text.__wrap___aeabi_cfcmple
                0x100057d8       0x50 CMakeFiles/kernels_depthwise_conv_test.dir/home/sandra/.pico-sdk/sdk/2.1.0/src/rp2_common/pico_float/float_aeabi_rp2040.S.o
                0x100057d8                __wrap___aeabi_cfrcmple
                0x100057e4                __wrap___aeabi_cfcmpeq
                0x100057e4                __wrap___aeabi_cfcmple
 .text.__wrap___aeabi_fcmpeq
                0x10005828       0x10 CMakeFiles/kernels_depthwise_conv_test.dir/home/sandra/.pico-sdk/sdk/2.1.0/src/rp2_common/pico_float/float_aeabi_rp2040.S.o
                0x10005828                __wrap___aeabi_fcmpeq
 .text.__wrap___aeabi_fcmplt
                0x10005838        0xc CMakeFiles/kernels_depthwise_conv_test.dir/home/sandra/.pico-sdk/sdk/2.1.0/src/rp2_common/pico_float/float_aeabi_rp2040.S.o
                0x10005838                __wrap___aeabi_fcmplt
 .text.__wrap___aeabi_fcmple
                0x10005844       0x10 CMakeFiles/kernels_depthwise_conv_test.dir/home/sandra/.pico-sdk/sdk/2.1.0/src/rp2_common/pico_float/float_aeabi_rp2040.S.o
                0x10005844                __wrap___aeabi_fcmple
 .text.__wrap___aeabi_fcmpge
                0x10005854       0x10 CMakeFiles/kernels_depthwise_conv_test.dir/home/sandra/.pico-sdk/sdk/2.1.0/src/rp2_common/pico_float/float_aeabi_rp2040.S.o
                0x10005854                __wrap___aeabi_fcmpge
 .text.__wrap___aeabi_fcmpgt
                0x10005864        0xa CMakeFiles/kernels_depthwise_conv_test.dir/home/sandra/.pico-sdk/sdk/2.1.0/src/rp2_common/pico_float/float_aeabi_rp2040.S.o
                0x10005864                __wrap___aeabi_fcmpgt
 *fill*         0x1000586e        0x2 
 .text.__wrap___aeabi_i2f
                0x10005870       0x44 CMakeFiles/kernels_depthwise_conv_test.dir/home/sandra/.pico-sdk/sdk/2.1.0/src/rp2_common/pico_float/float_aeabi_rp2040.S.o
                0x10005870                int2float
                0x10005870                __wrap___aeabi_i2f
 .text.__wrap___aeabi_f2iz
                0x100058b4       0x4e CMakeFiles/kernels_depthwise_conv_test.dir/home/sandra/.pico-sdk/sdk/2.1.0/src/rp2_common/pico_float/float_aeabi_rp2040.S.o
                0x100058b4                __wrap___aeabi_f2iz
                0x100058b4                float2int_z
 *fill*         0x10005902        0x2 
 .text.float2int
                0x10005904       0x14 CMakeFiles/kernels_depthwise_conv_test.dir/home/sandra/.pico-sdk/sdk/2.1.0/src/rp2_common/pico_float/float_aeabi_rp2040.S.o
                0x10005904                float2int
 .text.__wrap___aeabi_f2uiz
                0x10005918        0xc CMakeFiles/kernels_depthwise_conv_test.dir/home/sandra/.pico-sdk/sdk/2.1.0/src/rp2_common/pico_float/float_aeabi_rp2040.S.o
                0x10005918                float2uint_z
                0x10005918                __wrap___aeabi_f2uiz
 .text.__wrap___aeabi_f2d
                0x10005924       0x14 CMakeFiles/kernels_depthwise_conv_test.dir/home/sandra/.pico-sdk/sdk/2.1.0/src/rp2_common/pico_float/float_aeabi_rp2040.S.o
                0x10005924                __wrap___aeabi_f2d
 .text.__aeabi_float_init
                0x10005938       0x64 CMakeFiles/kernels_depthwise_conv_test.dir/home/sandra/.pico-sdk/sdk/2.1.0/src/rp2_common/pico_float/float_init_rom_rp2040.c.o
                0x10005938                __aeabi_float_init
 .text.__wrap_roundf
                0x1000599c       0x38 CMakeFiles/kernels_depthwise_conv_test.dir/home/sandra/.pico-sdk/sdk/2.1.0/src/rp2_common/pico_float/float_math.c.o
                0x1000599c                __wrap_roundf
 .text.float_table_shim_on_use_helper
                0x100059d4       0x2c CMakeFiles/kernels_depthwise_conv_test.dir/home/sandra/.pico-sdk/sdk/2.1.0/src/rp2_common/pico_float/float_v1_rom_shim_rp2040.S.o
                0x100059d4                float_table_shim_on_use_helper
 .text.float232_shims
                0x10005a00       0x18 CMakeFiles/kernels_depthwise_conv_test.dir/home/sandra/.pico-sdk/sdk/2.1.0/src/rp2_common/pico_float/float_v1_rom_shim_rp2040.S.o
                0x10005a00                float2int_shim
                0x10005a02                float2fix_shim
 .text.float2double_shim
                0x10005a18       0x30 CMakeFiles/kernels_depthwise_conv_test.dir/home/sandra/.pico-sdk/sdk/2.1.0/src/rp2_common/pico_float/float_v1_rom_shim_rp2040.S.o
                0x10005a18                float2double_shim
 .text.__wrap_malloc
                0x10005a48       0x3c CMakeFiles/kernels_depthwise_conv_test.dir/home/sandra/.pico-sdk/sdk/2.1.0/src/rp2_common/pico_malloc/malloc.c.o
                0x10005a48                __wrap_malloc
 .text          0x10005a84       0x10 CMakeFiles/kernels_depthwise_conv_test.dir/home/sandra/.pico-sdk/sdk/2.1.0/src/rp2_common/pico_mem_ops/mem_ops_aeabi.S.o
                0x10005a84                __aeabi_mem_init
 .text.memset   0x10005a94        0xc CMakeFiles/kernels_depthwise_conv_test.dir/home/sandra/.pico-sdk/sdk/2.1.0/src/rp2_common/pico_mem_ops/mem_ops_aeabi.S.o
                0x10005a94                __wrap_memset
 .text.memcpy   0x10005aa0        0xc CMakeFiles/kernels_depthwise_conv_test.dir/home/sandra/.pico-sdk/sdk/2.1.0/src/rp2_common/pico_mem_ops/mem_ops_aeabi.S.o
                0x10005aa0                __wrap___aeabi_memcpy
                0x10005aa0                __wrap_memcpy
 .text._out_char
                0x10005aac       0x10 CMakeFiles/kernels_depthwise_conv_test.dir/home/sandra/.pico-sdk/sdk/2.1.0/src/rp2_common/pico_printf/printf.c.o
 .text.weak_raw_printf
                0x10005abc       0x40 CMakeFiles/kernels_depthwise_conv_test.dir/home/sandra/.pico-sdk/sdk/2.1.0/src/rp2_common/pico_printf/printf.c.o
                0x10005abc                weak_raw_printf
 .text.weak_raw_vprintf
                0x10005afc       0x30 CMakeFiles/kernels_depthwise_conv_test.dir/home/sandra/.pico-sdk/sdk/2.1.0/src/rp2_common/pico_printf/printf.c.o
                0x10005afc                weak_raw_vprintf
 .text._exit    0x10005b2c        0x4 CMakeFiles/kernels_depthwise_conv_test.dir/home/sandra/.pico-sdk/sdk/2.1.0/src/rp2_common/pico_clib_interface/newlib_interface.c.o
                0x10005b2c                _exit
 .text._sbrk    0x10005b30       0x34 CMakeFiles/kernels_depthwise_conv_test.dir/home/sandra/.pico-sdk/sdk/2.1.0/src/rp2_common/pico_clib_interface/newlib_interface.c.o
                0x10005b30                _sbrk
 .text._getpid  0x10005b64        0x4 CMakeFiles/kernels_depthwise_conv_test.dir/home/sandra/.pico-sdk/sdk/2.1.0/src/rp2_common/pico_clib_interface/newlib_interface.c.o
                0x10005b64                _getpid
 .text._kill    0x10005b68        0x8 CMakeFiles/kernels_depthwise_conv_test.dir/home/sandra/.pico-sdk/sdk/2.1.0/src/rp2_common/pico_clib_interface/newlib_interface.c.o
                0x10005b68                _kill
 .text._read    0x10005b70       0x24 CMakeFiles/kernels_depthwise_conv_test.dir/home/sandra/.pico-sdk/sdk/2.1.0/src/rp2_common/pico_clib_interface/newlib_interface.c.o
                0x10005b70                _read
 .text._write   0x10005b94       0x24 CMakeFiles/kernels_depthwise_conv_test.dir/home/sandra/.pico-sdk/sdk/2.1.0/src/rp2_common/pico_clib_interface/newlib_interface.c.o
                0x10005b94                _write
 .text._close   0x10005bb8        0x8 CMakeFiles/kernels_depthwise_conv_test.dir/home/sandra/.pico-sdk/sdk/2.1.0/src/rp2_common/pico_clib_interface/newlib_interface.c.o
                0x10005bb8                _close
 .text._lseek   0x10005bc0        0x8 CMakeFiles/kernels_depthwise_conv_test.dir/home/sandra/.pico-sdk/sdk/2.1.0/src/rp2_common/pico_clib_interface/newlib_interface.c.o
                0x10005bc0                _lseek
 .text._fstat   0x10005bc8        0x8 CMakeFiles/kernels_depthwise_conv_test.dir/home/sandra/.pico-sdk/sdk/2.1.0/src/rp2_common/pico_clib_interface/newlib_interface.c.o
                0x10005bc8                _fstat
 .text._isatty  0x10005bd0        0xc CMakeFiles/kernels_depthwise_conv_test.dir/home/sandra/.pico-sdk/sdk/2.1.0/src/rp2_common/pico_clib_interface/newlib_interface.c.o
                0x10005bd0                _isatty
 .text.exit     0x10005bdc        0x8 CMakeFiles/kernels_depthwise_conv_test.dir/home/sandra/.pico-sdk/sdk/2.1.0/src/rp2_common/pico_clib_interface/newlib_interface.c.o
                0x10005bdc                exit
 .text.__assert_func
                0x10005be4       0x38 CMakeFiles/kernels_depthwise_conv_test.dir/home/sandra/.pico-sdk/sdk/2.1.0/src/rp2_common/pico_clib_interface/newlib_interface.c.o
                0x10005be4                __assert_func
 .text.runtime_init
                0x10005c1c       0x2c CMakeFiles/kernels_depthwise_conv_test.dir/home/sandra/.pico-sdk/sdk/2.1.0/src/rp2_common/pico_clib_interface/newlib_interface.c.o
                0x10005c1c                runtime_init
 .text.stdio_out_chars_no_crlf
                0x10005c48       0x10 CMakeFiles/kernels_depthwise_conv_test.dir/home/sandra/.pico-sdk/sdk/2.1.0/src/rp2_common/pico_stdio/stdio.c.o
 .text.stdio_out_chars_crlf
                0x10005c58       0x94 CMakeFiles/kernels_depthwise_conv_test.dir/home/sandra/.pico-sdk/sdk/2.1.0/src/rp2_common/pico_stdio/stdio.c.o
 .text.stdio_put_string
                0x10005cec      0x100 CMakeFiles/kernels_depthwise_conv_test.dir/home/sandra/.pico-sdk/sdk/2.1.0/src/rp2_common/pico_stdio/stdio.c.o
                0x10005cec                stdio_put_string
 .text.stdio_get_until
                0x10005dec       0x84 CMakeFiles/kernels_depthwise_conv_test.dir/home/sandra/.pico-sdk/sdk/2.1.0/src/rp2_common/pico_stdio/stdio.c.o
                0x10005dec                stdio_get_until
 .text.stdio_set_driver_enabled
                0x10005e70       0x30 CMakeFiles/kernels_depthwise_conv_test.dir/home/sandra/.pico-sdk/sdk/2.1.0/src/rp2_common/pico_stdio/stdio.c.o
                0x10005e70                stdio_set_driver_enabled
 .text.stdio_init_all
                0x10005ea0        0x8 CMakeFiles/kernels_depthwise_conv_test.dir/home/sandra/.pico-sdk/sdk/2.1.0/src/rp2_common/pico_stdio/stdio.c.o
                0x10005ea0                stdio_init_all
 .text.__wrap_putchar
                0x10005ea8       0x98 CMakeFiles/kernels_depthwise_conv_test.dir/home/sandra/.pico-sdk/sdk/2.1.0/src/rp2_common/pico_stdio/stdio.c.o
                0x10005ea8                stdio_putchar
                0x10005ea8                __wrap_putchar
 .text.__wrap_puts
                0x10005f40       0x3c CMakeFiles/kernels_depthwise_conv_test.dir/home/sandra/.pico-sdk/sdk/2.1.0/src/rp2_common/pico_stdio/stdio.c.o
                0x10005f40                __wrap_puts
                0x10005f40                stdio_puts
 .text.resetd_init
                0x10005f7c        0x4 CMakeFiles/kernels_depthwise_conv_test.dir/home/sandra/.pico-sdk/sdk/2.1.0/src/rp2_common/pico_stdio_usb/reset_interface.c.o
 .text.resetd_reset
                0x10005f80        0xc CMakeFiles/kernels_depthwise_conv_test.dir/home/sandra/.pico-sdk/sdk/2.1.0/src/rp2_common/pico_stdio_usb/reset_interface.c.o
 .text.resetd_open
                0x10005f8c       0x28 CMakeFiles/kernels_depthwise_conv_test.dir/home/sandra/.pico-sdk/sdk/2.1.0/src/rp2_common/pico_stdio_usb/reset_interface.c.o
 .text.resetd_xfer_cb
                0x10005fb4        0x4 CMakeFiles/kernels_depthwise_conv_test.dir/home/sandra/.pico-sdk/sdk/2.1.0/src/rp2_common/pico_stdio_usb/reset_interface.c.o
 .text.resetd_control_xfer_cb
                0x10005fb8       0x5c CMakeFiles/kernels_depthwise_conv_test.dir/home/sandra/.pico-sdk/sdk/2.1.0/src/rp2_common/pico_stdio_usb/reset_interface.c.o
 .text.tud_descriptor_bos_cb
                0x10006014        0x8 CMakeFiles/kernels_depthwise_conv_test.dir/home/sandra/.pico-sdk/sdk/2.1.0/src/rp2_common/pico_stdio_usb/reset_interface.c.o
                0x10006014                tud_descriptor_bos_cb
 .text.tud_vendor_control_xfer_cb
                0x1000601c       0x34 CMakeFiles/kernels_depthwise_conv_test.dir/home/sandra/.pico-sdk/sdk/2.1.0/src/rp2_common/pico_stdio_usb/reset_interface.c.o
                0x1000601c                tud_vendor_control_xfer_cb
 .text.usbd_app_driver_get_cb
                0x10006050        0xc CMakeFiles/kernels_depthwise_conv_test.dir/home/sandra/.pico-sdk/sdk/2.1.0/src/rp2_common/pico_stdio_usb/reset_interface.c.o
                0x10006050                usbd_app_driver_get_cb
 .text.tud_cdc_line_coding_cb
                0x1000605c       0x2c CMakeFiles/kernels_depthwise_conv_test.dir/home/sandra/.pico-sdk/sdk/2.1.0/src/rp2_common/pico_stdio_usb/reset_interface.c.o
                0x1000605c                tud_cdc_line_coding_cb
 .text.stdio_usb_set_chars_available_callback
                0x10006088       0x14 CMakeFiles/kernels_depthwise_conv_test.dir/home/sandra/.pico-sdk/sdk/2.1.0/src/rp2_common/pico_stdio_usb/stdio_usb.c.o
                0x10006088                stdio_usb_set_chars_available_callback
 .text.usb_irq  0x1000609c       0x10 CMakeFiles/kernels_depthwise_conv_test.dir/home/sandra/.pico-sdk/sdk/2.1.0/src/rp2_common/pico_stdio_usb/stdio_usb.c.o
 .text.timer_task
                0x100060ac       0x64 CMakeFiles/kernels_depthwise_conv_test.dir/home/sandra/.pico-sdk/sdk/2.1.0/src/rp2_common/pico_stdio_usb/stdio_usb.c.o
 .text.stdio_usb_in_chars
                0x10006110       0x90 CMakeFiles/kernels_depthwise_conv_test.dir/home/sandra/.pico-sdk/sdk/2.1.0/src/rp2_common/pico_stdio_usb/stdio_usb.c.o
                0x10006110                stdio_usb_in_chars
 .text.stdio_usb_out_flush
                0x100061a0       0x50 CMakeFiles/kernels_depthwise_conv_test.dir/home/sandra/.pico-sdk/sdk/2.1.0/src/rp2_common/pico_stdio_usb/stdio_usb.c.o
 .text.stdio_usb_out_chars
                0x100061f0      0x104 CMakeFiles/kernels_depthwise_conv_test.dir/home/sandra/.pico-sdk/sdk/2.1.0/src/rp2_common/pico_stdio_usb/stdio_usb.c.o
 .text.low_priority_worker_irq
                0x100062f4       0xcc CMakeFiles/kernels_depthwise_conv_test.dir/home/sandra/.pico-sdk/sdk/2.1.0/src/rp2_common/pico_stdio_usb/stdio_usb.c.o
 .text.stdio_usb_init
                0x100063c0       0xe8 CMakeFiles/kernels_depthwise_conv_test.dir/home/sandra/.pico-sdk/sdk/2.1.0/src/rp2_common/pico_stdio_usb/stdio_usb.c.o
                0x100063c0                stdio_usb_init
 .text.tud_descriptor_device_cb
                0x100064a8        0x8 CMakeFiles/kernels_depthwise_conv_test.dir/home/sandra/.pico-sdk/sdk/2.1.0/src/rp2_common/pico_stdio_usb/stdio_usb_descriptors.c.o
                0x100064a8                tud_descriptor_device_cb
 .text.tud_descriptor_configuration_cb
                0x100064b0        0x8 CMakeFiles/kernels_depthwise_conv_test.dir/home/sandra/.pico-sdk/sdk/2.1.0/src/rp2_common/pico_stdio_usb/stdio_usb_descriptors.c.o
                0x100064b0                tud_descriptor_configuration_cb
 .text.tud_descriptor_string_cb
                0x100064b8       0x78 CMakeFiles/kernels_depthwise_conv_test.dir/home/sandra/.pico-sdk/sdk/2.1.0/src/rp2_common/pico_stdio_usb/stdio_usb_descriptors.c.o
                0x100064b8                tud_descriptor_string_cb
 .text.startup._retrieve_unique_id_on_boot
                0x10006530       0x10 CMakeFiles/kernels_depthwise_conv_test.dir/home/sandra/.pico-sdk/sdk/2.1.0/src/rp2_common/pico_unique_id/unique_id.c.o
 .text.pico_get_unique_board_id_string
                0x10006540      0x1a8 CMakeFiles/kernels_depthwise_conv_test.dir/home/sandra/.pico-sdk/sdk/2.1.0/src/rp2_common/pico_unique_id/unique_id.c.o
                0x10006540                pico_get_unique_board_id_string
 .text.flash_get_unique_id
                0x100066e8       0x3c CMakeFiles/kernels_depthwise_conv_test.dir/home/sandra/.pico-sdk/sdk/2.1.0/src/rp2_common/hardware_flash/flash.c.o
                0x100066e8                flash_get_unique_id
 .text.dcd_init
                0x10006724       0x8c CMakeFiles/kernels_depthwise_conv_test.dir/home/sandra/.pico-sdk/sdk/2.1.0/lib/tinyusb/src/portable/raspberrypi/rp2040/dcd_rp2040.c.o
                0x10006724                dcd_init
 .text.dcd_int_enable
                0x100067b0        0xc CMakeFiles/kernels_depthwise_conv_test.dir/home/sandra/.pico-sdk/sdk/2.1.0/lib/tinyusb/src/portable/raspberrypi/rp2040/dcd_rp2040.c.o
                0x100067b0                dcd_int_enable
 .text.dcd_set_address
                0x100067bc       0x14 CMakeFiles/kernels_depthwise_conv_test.dir/home/sandra/.pico-sdk/sdk/2.1.0/lib/tinyusb/src/portable/raspberrypi/rp2040/dcd_rp2040.c.o
                0x100067bc                dcd_set_address
 .text.dcd_sof_enable
                0x100067d0       0x1c CMakeFiles/kernels_depthwise_conv_test.dir/home/sandra/.pico-sdk/sdk/2.1.0/lib/tinyusb/src/portable/raspberrypi/rp2040/dcd_rp2040.c.o
                0x100067d0                dcd_sof_enable
 .text.dcd_edpt0_status_complete
                0x100067ec       0x1c CMakeFiles/kernels_depthwise_conv_test.dir/home/sandra/.pico-sdk/sdk/2.1.0/lib/tinyusb/src/portable/raspberrypi/rp2040/dcd_rp2040.c.o
                0x100067ec                dcd_edpt0_status_complete
 .text.dcd_edpt_open
                0x10006808      0x108 CMakeFiles/kernels_depthwise_conv_test.dir/home/sandra/.pico-sdk/sdk/2.1.0/lib/tinyusb/src/portable/raspberrypi/rp2040/dcd_rp2040.c.o
                0x10006808                dcd_edpt_open
 .text.dcd_edpt_close_all
                0x10006910        0x8 CMakeFiles/kernels_depthwise_conv_test.dir/home/sandra/.pico-sdk/sdk/2.1.0/lib/tinyusb/src/portable/raspberrypi/rp2040/dcd_rp2040.c.o
                0x10006910                dcd_edpt_close_all
 .text.dcd_edpt_xfer
                0x10006918       0x24 CMakeFiles/kernels_depthwise_conv_test.dir/home/sandra/.pico-sdk/sdk/2.1.0/lib/tinyusb/src/portable/raspberrypi/rp2040/dcd_rp2040.c.o
                0x10006918                dcd_edpt_xfer
 .text.dcd_edpt_stall
                0x1000693c       0x34 CMakeFiles/kernels_depthwise_conv_test.dir/home/sandra/.pico-sdk/sdk/2.1.0/lib/tinyusb/src/portable/raspberrypi/rp2040/dcd_rp2040.c.o
                0x1000693c                dcd_edpt_stall
 .text.dcd_edpt_clear_stall
                0x10006970       0x30 CMakeFiles/kernels_depthwise_conv_test.dir/home/sandra/.pico-sdk/sdk/2.1.0/lib/tinyusb/src/portable/raspberrypi/rp2040/dcd_rp2040.c.o
                0x10006970                dcd_edpt_clear_stall
 .text.rp2040_usb_init
                0x100069a0       0x40 CMakeFiles/kernels_depthwise_conv_test.dir/home/sandra/.pico-sdk/sdk/2.1.0/lib/tinyusb/src/portable/raspberrypi/rp2040/rp2040_usb.c.o
                0x100069a0                rp2040_usb_init
 .text.hw_endpoint_xfer_start
                0x100069e0       0x40 CMakeFiles/kernels_depthwise_conv_test.dir/home/sandra/.pico-sdk/sdk/2.1.0/lib/tinyusb/src/portable/raspberrypi/rp2040/rp2040_usb.c.o
                0x100069e0                hw_endpoint_xfer_start
 .text.tud_event_hook_cb
                0x10006a20        0x4 CMakeFiles/kernels_depthwise_conv_test.dir/home/sandra/.pico-sdk/sdk/2.1.0/lib/tinyusb/src/device/usbd.c.o
                0x10006a20                tud_event_hook_cb
 .text.tud_sof_cb
                0x10006a24        0x4 CMakeFiles/kernels_depthwise_conv_test.dir/home/sandra/.pico-sdk/sdk/2.1.0/lib/tinyusb/src/device/usbd.c.o
                0x10006a24                tud_sof_cb
 .text.tud_descriptor_device_qualifier_cb
                0x10006a28        0x4 CMakeFiles/kernels_depthwise_conv_test.dir/home/sandra/.pico-sdk/sdk/2.1.0/lib/tinyusb/src/device/usbd.c.o
                0x10006a28                tud_descriptor_device_qualifier_cb
 .text.tud_descriptor_other_speed_configuration_cb
                0x10006a2c        0x4 CMakeFiles/kernels_depthwise_conv_test.dir/home/sandra/.pico-sdk/sdk/2.1.0/lib/tinyusb/src/device/usbd.c.o
                0x10006a2c                tud_descriptor_other_speed_configuration_cb
 .text.tud_mount_cb
                0x10006a30        0x4 CMakeFiles/kernels_depthwise_conv_test.dir/home/sandra/.pico-sdk/sdk/2.1.0/lib/tinyusb/src/device/usbd.c.o
                0x10006a30                tud_mount_cb
 .text.tud_umount_cb
                0x10006a34        0x4 CMakeFiles/kernels_depthwise_conv_test.dir/home/sandra/.pico-sdk/sdk/2.1.0/lib/tinyusb/src/device/usbd.c.o
                0x10006a34                tud_umount_cb
 .text.tud_suspend_cb
                0x10006a38        0x4 CMakeFiles/kernels_depthwise_conv_test.dir/home/sandra/.pico-sdk/sdk/2.1.0/lib/tinyusb/src/device/usbd.c.o
                0x10006a38                tud_suspend_cb
 .text.tud_resume_cb
                0x10006a3c        0x4 CMakeFiles/kernels_depthwise_conv_test.dir/home/sandra/.pico-sdk/sdk/2.1.0/lib/tinyusb/src/device/usbd.c.o
                0x10006a3c                tud_resume_cb
 .text.tud_mounted
                0x10006a40       0x10 CMakeFiles/kernels_depthwise_conv_test.dir/home/sandra/.pico-sdk/sdk/2.1.0/lib/tinyusb/src/device/usbd.c.o
                0x10006a40                tud_mounted
 .text.tud_suspended
                0x10006a50       0x10 CMakeFiles/kernels_depthwise_conv_test.dir/home/sandra/.pico-sdk/sdk/2.1.0/lib/tinyusb/src/device/usbd.c.o
                0x10006a50                tud_suspended
 .text.tud_init
                0x10006a60       0xe4 CMakeFiles/kernels_depthwise_conv_test.dir/home/sandra/.pico-sdk/sdk/2.1.0/lib/tinyusb/src/device/usbd.c.o
                0x10006a60                tud_init
 .text.tud_task_ext
                0x10006b44      0x800 CMakeFiles/kernels_depthwise_conv_test.dir/home/sandra/.pico-sdk/sdk/2.1.0/lib/tinyusb/src/device/usbd.c.o
                0x10006b44                tud_task_ext
 .text.usbd_open_edpt_pair
                0x10007344       0x9c CMakeFiles/kernels_depthwise_conv_test.dir/home/sandra/.pico-sdk/sdk/2.1.0/lib/tinyusb/src/device/usbd.c.o
                0x10007344                usbd_open_edpt_pair
 .text.usbd_edpt_open
                0x100073e0       0x34 CMakeFiles/kernels_depthwise_conv_test.dir/home/sandra/.pico-sdk/sdk/2.1.0/lib/tinyusb/src/device/usbd.c.o
                0x100073e0                usbd_edpt_open
 .text.usbd_edpt_claim
                0x10007414       0x28 CMakeFiles/kernels_depthwise_conv_test.dir/home/sandra/.pico-sdk/sdk/2.1.0/lib/tinyusb/src/device/usbd.c.o
                0x10007414                usbd_edpt_claim
 .text.usbd_edpt_release
                0x1000743c       0x28 CMakeFiles/kernels_depthwise_conv_test.dir/home/sandra/.pico-sdk/sdk/2.1.0/lib/tinyusb/src/device/usbd.c.o
                0x1000743c                usbd_edpt_release
 .text.usbd_edpt_xfer
                0x10007464       0x4c CMakeFiles/kernels_depthwise_conv_test.dir/home/sandra/.pico-sdk/sdk/2.1.0/lib/tinyusb/src/device/usbd.c.o
                0x10007464                usbd_edpt_xfer
 .text.tud_control_status
                0x100074b0       0x2c CMakeFiles/kernels_depthwise_conv_test.dir/home/sandra/.pico-sdk/sdk/2.1.0/lib/tinyusb/src/device/usbd_control.c.o
                0x100074b0                tud_control_status
 .text.tud_control_xfer
                0x100074dc       0xac CMakeFiles/kernels_depthwise_conv_test.dir/home/sandra/.pico-sdk/sdk/2.1.0/lib/tinyusb/src/device/usbd_control.c.o
                0x100074dc                tud_control_xfer
 .text.usbd_control_reset
                0x10007588       0x14 CMakeFiles/kernels_depthwise_conv_test.dir/home/sandra/.pico-sdk/sdk/2.1.0/lib/tinyusb/src/device/usbd_control.c.o
                0x10007588                usbd_control_reset
 .text.usbd_control_set_complete_callback
                0x1000759c        0xc CMakeFiles/kernels_depthwise_conv_test.dir/home/sandra/.pico-sdk/sdk/2.1.0/lib/tinyusb/src/device/usbd_control.c.o
                0x1000759c                usbd_control_set_complete_callback
 .text.usbd_control_set_request
                0x100075a8       0x1c CMakeFiles/kernels_depthwise_conv_test.dir/home/sandra/.pico-sdk/sdk/2.1.0/lib/tinyusb/src/device/usbd_control.c.o
                0x100075a8                usbd_control_set_request
 .text.usbd_control_xfer_cb
                0x100075c4       0xec CMakeFiles/kernels_depthwise_conv_test.dir/home/sandra/.pico-sdk/sdk/2.1.0/lib/tinyusb/src/device/usbd_control.c.o
                0x100075c4                usbd_control_xfer_cb
 .text._prep_out_transaction.isra.0
                0x100076b0       0x5c CMakeFiles/kernels_depthwise_conv_test.dir/home/sandra/.pico-sdk/sdk/2.1.0/lib/tinyusb/src/class/cdc/cdc_device.c.o
 .text.tud_cdc_n_connected
                0x1000770c       0x30 CMakeFiles/kernels_depthwise_conv_test.dir/home/sandra/.pico-sdk/sdk/2.1.0/lib/tinyusb/src/class/cdc/cdc_device.c.o
                0x1000770c                tud_cdc_n_connected
 .text.tud_cdc_n_available
                0x1000773c       0x18 CMakeFiles/kernels_depthwise_conv_test.dir/home/sandra/.pico-sdk/sdk/2.1.0/lib/tinyusb/src/class/cdc/cdc_device.c.o
                0x1000773c                tud_cdc_n_available
 .text.tud_cdc_n_read
                0x10007754       0x98 CMakeFiles/kernels_depthwise_conv_test.dir/home/sandra/.pico-sdk/sdk/2.1.0/lib/tinyusb/src/class/cdc/cdc_device.c.o
                0x10007754                tud_cdc_n_read
 .text.tud_cdc_n_write_flush
                0x100077ec       0x78 CMakeFiles/kernels_depthwise_conv_test.dir/home/sandra/.pico-sdk/sdk/2.1.0/lib/tinyusb/src/class/cdc/cdc_device.c.o
                0x100077ec                tud_cdc_n_write_flush
 .text.tud_cdc_n_write
                0x10007864       0x40 CMakeFiles/kernels_depthwise_conv_test.dir/home/sandra/.pico-sdk/sdk/2.1.0/lib/tinyusb/src/class/cdc/cdc_device.c.o
                0x10007864                tud_cdc_n_write
 .text.tud_cdc_n_write_available
                0x100078a4       0x18 CMakeFiles/kernels_depthwise_conv_test.dir/home/sandra/.pico-sdk/sdk/2.1.0/lib/tinyusb/src/class/cdc/cdc_device.c.o
                0x100078a4                tud_cdc_n_write_available
 .text.cdcd_init
                0x100078bc       0x7c CMakeFiles/kernels_depthwise_conv_test.dir/home/sandra/.pico-sdk/sdk/2.1.0/lib/tinyusb/src/class/cdc/cdc_device.c.o
                0x100078bc                cdcd_init
 .text.cdcd_deinit
                0x10007938       0x34 CMakeFiles/kernels_depthwise_conv_test.dir/home/sandra/.pico-sdk/sdk/2.1.0/lib/tinyusb/src/class/cdc/cdc_device.c.o
                0x10007938                cdcd_deinit
 .text.cdcd_reset
                0x1000796c       0x4c CMakeFiles/kernels_depthwise_conv_test.dir/home/sandra/.pico-sdk/sdk/2.1.0/lib/tinyusb/src/class/cdc/cdc_device.c.o
                0x1000796c                cdcd_reset
 .text.cdcd_open
                0x100079b8       0xb0 CMakeFiles/kernels_depthwise_conv_test.dir/home/sandra/.pico-sdk/sdk/2.1.0/lib/tinyusb/src/class/cdc/cdc_device.c.o
                0x100079b8                cdcd_open
 .text.cdcd_control_xfer_cb
                0x10007a68       0xe4 CMakeFiles/kernels_depthwise_conv_test.dir/home/sandra/.pico-sdk/sdk/2.1.0/lib/tinyusb/src/class/cdc/cdc_device.c.o
                0x10007a68                cdcd_control_xfer_cb
 .text.cdcd_xfer_cb
                0x10007b4c      0x100 CMakeFiles/kernels_depthwise_conv_test.dir/home/sandra/.pico-sdk/sdk/2.1.0/lib/tinyusb/src/class/cdc/cdc_device.c.o
                0x10007b4c                cdcd_xfer_cb
 .text.vendord_init
                0x10007c4c       0x5c CMakeFiles/kernels_depthwise_conv_test.dir/home/sandra/.pico-sdk/sdk/2.1.0/lib/tinyusb/src/class/vendor/vendor_device.c.o
                0x10007c4c                vendord_init
 .text.vendord_deinit
                0x10007ca8       0x1c CMakeFiles/kernels_depthwise_conv_test.dir/home/sandra/.pico-sdk/sdk/2.1.0/lib/tinyusb/src/class/vendor/vendor_device.c.o
                0x10007ca8                vendord_deinit
 .text.vendord_reset
                0x10007cc4       0x20 CMakeFiles/kernels_depthwise_conv_test.dir/home/sandra/.pico-sdk/sdk/2.1.0/lib/tinyusb/src/class/vendor/vendor_device.c.o
                0x10007cc4                vendord_reset
 .text.vendord_open
                0x10007ce4      0x138 CMakeFiles/kernels_depthwise_conv_test.dir/home/sandra/.pico-sdk/sdk/2.1.0/lib/tinyusb/src/class/vendor/vendor_device.c.o
                0x10007ce4                vendord_open
 .text.vendord_xfer_cb
                0x10007e1c       0x9c CMakeFiles/kernels_depthwise_conv_test.dir/home/sandra/.pico-sdk/sdk/2.1.0/lib/tinyusb/src/class/vendor/vendor_device.c.o
                0x10007e1c                vendord_xfer_cb
 .text.tusb_init
                0x10007eb8        0xc CMakeFiles/kernels_depthwise_conv_test.dir/home/sandra/.pico-sdk/sdk/2.1.0/lib/tinyusb/src/tusb.c.o
                0x10007eb8                tusb_init
 .text.tu_edpt_claim
                0x10007ec4       0x50 CMakeFiles/kernels_depthwise_conv_test.dir/home/sandra/.pico-sdk/sdk/2.1.0/lib/tinyusb/src/tusb.c.o
                0x10007ec4                tu_edpt_claim
 .text.tu_edpt_release
                0x10007f14       0x38 CMakeFiles/kernels_depthwise_conv_test.dir/home/sandra/.pico-sdk/sdk/2.1.0/lib/tinyusb/src/tusb.c.o
                0x10007f14                tu_edpt_release
 .text.tu_edpt_validate
                0x10007f4c       0x7c CMakeFiles/kernels_depthwise_conv_test.dir/home/sandra/.pico-sdk/sdk/2.1.0/lib/tinyusb/src/tusb.c.o
                0x10007f4c                tu_edpt_validate
 .text.tu_edpt_bind_driver
                0x10007fc8       0x34 CMakeFiles/kernels_depthwise_conv_test.dir/home/sandra/.pico-sdk/sdk/2.1.0/lib/tinyusb/src/tusb.c.o
                0x10007fc8                tu_edpt_bind_driver
 .text.tu_edpt_stream_init
                0x10007ffc       0x6c CMakeFiles/kernels_depthwise_conv_test.dir/home/sandra/.pico-sdk/sdk/2.1.0/lib/tinyusb/src/tusb.c.o
                0x10007ffc                tu_edpt_stream_init
 .text.tu_edpt_stream_deinit
                0x10008068        0x4 CMakeFiles/kernels_depthwise_conv_test.dir/home/sandra/.pico-sdk/sdk/2.1.0/lib/tinyusb/src/tusb.c.o
                0x10008068                tu_edpt_stream_deinit
 .text.tu_edpt_stream_write_zlp_if_needed
                0x1000806c       0x68 CMakeFiles/kernels_depthwise_conv_test.dir/home/sandra/.pico-sdk/sdk/2.1.0/lib/tinyusb/src/tusb.c.o
                0x1000806c                tu_edpt_stream_write_zlp_if_needed
 .text.tu_edpt_stream_write_xfer
                0x100080d4       0x64 CMakeFiles/kernels_depthwise_conv_test.dir/home/sandra/.pico-sdk/sdk/2.1.0/lib/tinyusb/src/tusb.c.o
                0x100080d4                tu_edpt_stream_write_xfer
 .text.tu_edpt_stream_read_xfer
                0x10008138       0xdc CMakeFiles/kernels_depthwise_conv_test.dir/home/sandra/.pico-sdk/sdk/2.1.0/lib/tinyusb/src/tusb.c.o
                0x10008138                tu_edpt_stream_read_xfer
 .text.tu_fifo_config
                0x10008214       0x6c CMakeFiles/kernels_depthwise_conv_test.dir/home/sandra/.pico-sdk/sdk/2.1.0/lib/tinyusb/src/common/tusb_fifo.c.o
                0x10008214                tu_fifo_config
 .text.tu_fifo_count
                0x10008280       0x2c CMakeFiles/kernels_depthwise_conv_test.dir/home/sandra/.pico-sdk/sdk/2.1.0/lib/tinyusb/src/common/tusb_fifo.c.o
                0x10008280                tu_fifo_count
 .text.tu_fifo_empty
                0x100082ac       0x10 CMakeFiles/kernels_depthwise_conv_test.dir/home/sandra/.pico-sdk/sdk/2.1.0/lib/tinyusb/src/common/tusb_fifo.c.o
                0x100082ac                tu_fifo_empty
 .text.tu_fifo_remaining
                0x100082bc       0x2c CMakeFiles/kernels_depthwise_conv_test.dir/home/sandra/.pico-sdk/sdk/2.1.0/lib/tinyusb/src/common/tusb_fifo.c.o
                0x100082bc                tu_fifo_remaining
 .text.tu_fifo_read
                0x100082e8       0x9c CMakeFiles/kernels_depthwise_conv_test.dir/home/sandra/.pico-sdk/sdk/2.1.0/lib/tinyusb/src/common/tusb_fifo.c.o
                0x100082e8                tu_fifo_read
 .text.tu_fifo_read_n
                0x10008384       0xe8 CMakeFiles/kernels_depthwise_conv_test.dir/home/sandra/.pico-sdk/sdk/2.1.0/lib/tinyusb/src/common/tusb_fifo.c.o
                0x10008384                tu_fifo_read_n
 .text.tu_fifo_write
                0x1000846c       0xa8 CMakeFiles/kernels_depthwise_conv_test.dir/home/sandra/.pico-sdk/sdk/2.1.0/lib/tinyusb/src/common/tusb_fifo.c.o
                0x1000846c                tu_fifo_write
 .text.tu_fifo_write_n
                0x10008514      0x178 CMakeFiles/kernels_depthwise_conv_test.dir/home/sandra/.pico-sdk/sdk/2.1.0/lib/tinyusb/src/common/tusb_fifo.c.o
                0x10008514                tu_fifo_write_n
 .text.tu_fifo_clear
                0x1000868c       0x40 CMakeFiles/kernels_depthwise_conv_test.dir/home/sandra/.pico-sdk/sdk/2.1.0/lib/tinyusb/src/common/tusb_fifo.c.o
                0x1000868c                tu_fifo_clear
 .text.tu_fifo_set_overwritable
                0x100086cc       0x48 CMakeFiles/kernels_depthwise_conv_test.dir/home/sandra/.pico-sdk/sdk/2.1.0/lib/tinyusb/src/common/tusb_fifo.c.o
                0x100086cc                tu_fifo_set_overwritable
 .text._ZN6tflite33CalculateActivationRangeQuantizedEP13TfLiteContext21TfLiteFusedActivationP12TfLiteTensorPlS5_
                0x10008714      0x1d0 ../../libpico-tflmicro.a(kernel_util.cpp.o)
                0x10008714                tflite::CalculateActivationRangeQuantized(TfLiteContext*, TfLiteFusedActivation, TfLiteTensor*, long*, long*)
 .text._ZN6tflite37PopulateConvolutionQuantizationParamsEP13TfLiteContextPK12TfLiteTensorS4_S4_PS2_RK21TfLiteFusedActivationPlPiS9_S9_S9_S9_i
                0x100088e4      0x34c ../../libpico-tflmicro.a(kernel_util.cpp.o)
                0x100088e4                tflite::PopulateConvolutionQuantizationParams(TfLiteContext*, TfLiteTensor const*, TfLiteTensor const*, TfLiteTensor const*, TfLiteTensor*, TfLiteFusedActivation const&, long*, int*, long*, long*, long*, long*, int)
 .text._ZN6tflite17TfLiteTypeGetSizeE10TfLiteType
                0x10008c30       0x18 ../../libpico-tflmicro.a(kernel_util.cpp.o)
                0x10008c30                tflite::TfLiteTypeGetSize(TfLiteType)
 .text._ZN6tflite12_GLOBAL__N_14InitEP13TfLiteContextPKcj
                0x10008c48        0xc ../../libpico-tflmicro.a(depthwise_conv.cpp.o)
 .text._ZN6tflite12_GLOBAL__N_17PrepareEP13TfLiteContextP10TfLiteNode
                0x10008c54      0x448 ../../libpico-tflmicro.a(depthwise_conv.cpp.o)
 .text._ZN6tflite12_GLOBAL__N_127EvalQuantizedPerChannel16x8EP13TfLiteContextP10TfLiteNodeRK25TfLiteDepthwiseConvParamsRKNS0_6OpDataEPK16TfLiteEvalTensorSD_SD_PSB_.isra.0
                0x1000909c       0xe0 ../../libpico-tflmicro.a(depthwise_conv.cpp.o)
 .text._ZN6tflite12_GLOBAL__N_127EvalQuantizedPerChannelInt4EP13TfLiteContextP10TfLiteNodeRK25TfLiteDepthwiseConvParamsRKNS0_6OpDataEPK16TfLiteEvalTensorSD_SD_PSB_.isra.0
                0x1000917c      0x108 ../../libpico-tflmicro.a(depthwise_conv.cpp.o)
 .text._ZN6tflite12_GLOBAL__N_123EvalQuantizedPerChannelEP13TfLiteContextP10TfLiteNodeRK25TfLiteDepthwiseConvParamsRKNS0_6OpDataEPK16TfLiteEvalTensorSD_SD_PSB_.isra.0
                0x10009284      0x108 ../../libpico-tflmicro.a(depthwise_conv.cpp.o)
 .text._ZN6tflite12_GLOBAL__N_14EvalEP13TfLiteContextP10TfLiteNode
                0x1000938c      0x4c8 ../../libpico-tflmicro.a(depthwise_conv.cpp.o)
 .text._ZN6tflite26Register_DEPTHWISE_CONV_2DEv
                0x10009854       0x2c ../../libpico-tflmicro.a(depthwise_conv.cpp.o)
                0x10009854                tflite::Register_DEPTHWISE_CONV_2D()
 .text._ZN6tflite24DepthwiseConvParamsFloatERK25TfLiteDepthwiseConvParamsRKNS_10OpDataConvE
                0x10009880       0x6c ../../libpico-tflmicro.a(depthwise_conv_common.cpp.o)
                0x10009880                tflite::DepthwiseConvParamsFloat(TfLiteDepthwiseConvParams const&, tflite::OpDataConv const&)
 .text._ZN6tflite28CalculateOpDataDepthwiseConvEP13TfLiteContextP10TfLiteNodeRK25TfLiteDepthwiseConvParamsiiiiii10TfLiteTypePNS_10OpDataConvE
                0x100098ec      0x294 ../../libpico-tflmicro.a(depthwise_conv_common.cpp.o)
                0x100098ec                tflite::CalculateOpDataDepthwiseConv(TfLiteContext*, TfLiteNode*, TfLiteDepthwiseConvParams const&, int, int, int, int, int, int, TfLiteType, tflite::OpDataConv*)
 .text._ZN6tflite36MicroContextAllocatePersistentBufferEP13TfLiteContextj
                0x10009b80        0xc ../../libpico-tflmicro.a(kernel_runner.cpp.o)
                0x10009b80                tflite::MicroContextAllocatePersistentBuffer(TfLiteContext*, unsigned int)
 .text._ZN6tflite39MicroContextRequestScratchBufferInArenaEP13TfLiteContextjPi
                0x10009b8c        0xc ../../libpico-tflmicro.a(kernel_runner.cpp.o)
                0x10009b8c                tflite::MicroContextRequestScratchBufferInArena(TfLiteContext*, unsigned int, int*)
 .text._ZN6tflite28MicroContextGetScratchBufferEP13TfLiteContexti
                0x10009b98        0xc ../../libpico-tflmicro.a(kernel_runner.cpp.o)
                0x10009b98                tflite::MicroContextGetScratchBuffer(TfLiteContext*, int)
 .text._ZN6tflite21MicroContextGetTensorEPK13TfLiteContexti
                0x10009ba4        0xc ../../libpico-tflmicro.a(kernel_runner.cpp.o)
                0x10009ba4                tflite::MicroContextGetTensor(TfLiteContext const*, int)
 .text._ZN6tflite25MicroContextGetEvalTensorEPK13TfLiteContexti
                0x10009bb0        0xc ../../libpico-tflmicro.a(kernel_runner.cpp.o)
                0x10009bb0                tflite::MicroContextGetEvalTensor(TfLiteContext const*, int)
 .text._ZN6tflite30MicroContextGetExternalContextEP13TfLiteContext25TfLiteExternalContextType
                0x10009bbc        0xc ../../libpico-tflmicro.a(kernel_runner.cpp.o)
                0x10009bbc                tflite::MicroContextGetExternalContext(TfLiteContext*, TfLiteExternalContextType)
 .text._ZN6tflite5micro12KernelRunnerC2ERK16TFLMRegistrationP12TfLiteTensoriP14TfLiteIntArrayS8_PKvS8_
                0x10009bc8       0x9c ../../libpico-tflmicro.a(kernel_runner.cpp.o)
                0x10009bc8                tflite::micro::KernelRunner::KernelRunner(TFLMRegistration const&, TfLiteTensor*, int, TfLiteIntArray*, TfLiteIntArray*, void const*, TfLiteIntArray*)
                0x10009bc8                tflite::micro::KernelRunner::KernelRunner(TFLMRegistration const&, TfLiteTensor*, int, TfLiteIntArray*, TfLiteIntArray*, void const*, TfLiteIntArray*)
 .text._ZN6tflite5micro12KernelRunner14InitAndPrepareEPKcj
                0x10009c64       0xa8 ../../libpico-tflmicro.a(kernel_runner.cpp.o)
                0x10009c64                tflite::micro::KernelRunner::InitAndPrepare(char const*, unsigned int)
 .text._ZN6tflite5micro12KernelRunner6InvokeEv
                0x10009d0c       0x6c ../../libpico-tflmicro.a(kernel_runner.cpp.o)
                0x10009d0c                tflite::micro::KernelRunner::Invoke()
 .text._ZN6tflite5micro10RegisterOpEPFPvP13TfLiteContextPKcjEPF12TfLiteStatusS3_P10TfLiteNodeESC_PFvS3_S1_ESE_
                0x10009d78       0x18 ../../libpico-tflmicro.a(kernel_util.cpp.o)
                0x10009d78                tflite::micro::RegisterOp(void* (*)(TfLiteContext*, char const*, unsigned int), TfLiteStatus (*)(TfLiteContext*, TfLiteNode*), TfLiteStatus (*)(TfLiteContext*, TfLiteNode*), void (*)(TfLiteContext*, void*), void (*)(TfLiteContext*, void*))
 .text._ZN6tflite5micro12GetEvalInputEPK13TfLiteContextPK10TfLiteNodei
                0x10009d90       0x28 ../../libpico-tflmicro.a(kernel_util.cpp.o)
                0x10009d90                tflite::micro::GetEvalInput(TfLiteContext const*, TfLiteNode const*, int)
 .text._ZN6tflite5micro13GetEvalOutputEPK13TfLiteContextPK10TfLiteNodei
                0x10009db8       0x10 ../../libpico-tflmicro.a(kernel_util.cpp.o)
                0x10009db8                tflite::micro::GetEvalOutput(TfLiteContext const*, TfLiteNode const*, int)
 .text._ZN6tflite5micro14GetTensorShapeEPK16TfLiteEvalTensor
                0x10009dc8       0x24 ../../libpico-tflmicro.a(kernel_util.cpp.o)
                0x10009dc8                tflite::micro::GetTensorShape(TfLiteEvalTensor const*)
 .text._ZN6tflite5micro18RuntimePaddingTypeE13TfLitePadding
                0x10009dec       0x14 ../../libpico-tflmicro.a(kernel_util.cpp.o)
                0x10009dec                tflite::micro::RuntimePaddingType(TfLitePadding)
 .text._ZN6tflite14AlignPointerUpEPhj
                0x10009e00       0x10 ../../libpico-tflmicro.a(memory_helpers.cpp.o)
                0x10009e00                tflite::AlignPointerUp(unsigned char*, unsigned int)
 .text._ZN6tflite16AlignPointerDownEPhj
                0x10009e10        0xc ../../libpico-tflmicro.a(memory_helpers.cpp.o)
                0x10009e10                tflite::AlignPointerDown(unsigned char*, unsigned int)
 .text._ZN6tflite12MicroContext23AllocateTempInputTensorEPK10TfLiteNodei
                0x10009e1c       0x24 ../../libpico-tflmicro.a(micro_context.cpp.o)
                0x10009e1c                tflite::MicroContext::AllocateTempInputTensor(TfLiteNode const*, int)
 .text._ZN6tflite12MicroContext24AllocateTempOutputTensorEPK10TfLiteNodei
                0x10009e40       0x24 ../../libpico-tflmicro.a(micro_context.cpp.o)
                0x10009e40                tflite::MicroContext::AllocateTempOutputTensor(TfLiteNode const*, int)
 .text._ZN6tflite25MicroContextReportOpErrorEP13TfLiteContextPKcz
                0x10009e64       0x18 ../../libpico-tflmicro.a(micro_context.cpp.o)
                0x10009e64                tflite::MicroContextReportOpError(TfLiteContext*, char const*, ...)
 .text._ZN12_GLOBAL__N_19VDebugLogEPKcz.constprop.0
                0x10009e7c       0x1c ../../libpico-tflmicro.a(micro_log.cpp.o)
 .text._Z12VMicroPrintfPKcSt9__va_list
                0x10009e98       0x14 ../../libpico-tflmicro.a(micro_log.cpp.o)
                0x10009e98                VMicroPrintf(char const*, std::__va_list)
 .text._Z11MicroPrintfPKcz
                0x10009eac       0x24 ../../libpico-tflmicro.a(micro_log.cpp.o)
                0x10009eac                MicroPrintf(char const*, ...)
 .text._ZN6tflite12ElementCountERK14TfLiteIntArray
                0x10009ed0       0x20 ../../libpico-tflmicro.a(micro_utils.cpp.o)
                0x10009ed0                tflite::ElementCount(TfLiteIntArray const&)
 .text._ZN6tflite33SignedSymmetricPerChannelQuantizeEPKfP14TfLiteIntArrayiPaPf10TfLiteType
                0x10009ef0      0x184 ../../libpico-tflmicro.a(micro_utils.cpp.o)
                0x10009ef0                tflite::SignedSymmetricPerChannelQuantize(float const*, TfLiteIntArray*, int, signed char*, float*, TfLiteType)
 .text._ZN6tflite14MockMicroGraph14InvokeSubgraphEi
                0x1000a074       0x10 ../../libpico-tflmicro.a(mock_micro_graph.cpp.o)
                0x1000a074                tflite::MockMicroGraph::InvokeSubgraph(int)
 .text._ZN6tflite14MockMicroGraph17NumSubgraphInputsEi
                0x1000a084        0x4 ../../libpico-tflmicro.a(mock_micro_graph.cpp.o)
                0x1000a084                tflite::MockMicroGraph::NumSubgraphOutputs(int)
                0x1000a084                tflite::MockMicroGraph::NumSubgraphInputs(int)
 .text._ZN6tflite14MockMicroGraph16GetSubgraphInputEii
                0x1000a088        0x4 ../../libpico-tflmicro.a(mock_micro_graph.cpp.o)
                0x1000a088                tflite::MockMicroGraph::GetSubgraphInput(int, int)
                0x1000a088                tflite::MockMicroGraph::GetSubgraphOutput(int, int)
 .text._ZN6tflite14MockMicroGraph12NumSubgraphsEv
                0x1000a08c        0x4 ../../libpico-tflmicro.a(mock_micro_graph.cpp.o)
                0x1000a08c                tflite::MockMicroGraph::NumSubgraphs()
 .text._ZN6tflite14MockMicroGraph20GetResourceVariablesEv
                0x1000a090        0x4 ../../libpico-tflmicro.a(mock_micro_graph.cpp.o)
                0x1000a090                tflite::MockMicroGraph::GetResourceVariables()
 .text._ZN6tflite14MockMicroGraphD0Ev
                0x1000a094        0x4 ../../libpico-tflmicro.a(mock_micro_graph.cpp.o)
                0x1000a094                tflite::MockMicroGraph::~MockMicroGraph()
                0x1000a094                tflite::MockMicroGraph::~MockMicroGraph()
                0x1000a094                tflite::MockMicroGraph::~MockMicroGraph()
 .text._ZN6tflite14MockMicroGraphC2EPNS_26SingleArenaBufferAllocatorE
                0x1000a098       0x88 ../../libpico-tflmicro.a(mock_micro_graph.cpp.o)
                0x1000a098                tflite::MockMicroGraph::MockMicroGraph(tflite::SingleArenaBufferAllocator*)
                0x1000a098                tflite::MockMicroGraph::MockMicroGraph(tflite::SingleArenaBufferAllocator*)
 .text._ZN6tflite16InitializeTargetEv
                0x1000a120        0x8 ../../libpico-tflmicro.a(system_setup.cpp.o)
                0x1000a120                tflite::InitializeTarget()
 .text.DebugLog
                0x1000a128       0x18 ../../libpico-tflmicro.a(system_setup.cpp.o)
                0x1000a128                DebugLog
 .text._ZN6tflite7testing16IntArrayFromIntsEPKi
                0x1000a140        0x4 ../../libpico-tflmicro.a(test_helpers.cpp.o)
                0x1000a140                tflite::testing::IntArrayFromInts(int const*)
 .text._ZN6tflite7testing20FloatArrayFromFloatsEPKf
                0x1000a144       0x10 ../../libpico-tflmicro.a(test_helpers.cpp.o)
                0x1000a144                tflite::testing::FloatArrayFromFloats(float const*)
 .text._ZN6tflite7testing40CreateSymmetricPerChannelQuantizedTensorEPKfPaP14TfLiteIntArrayPfPiP24TfLiteAffineQuantizationib10TfLiteType
                0x1000a154      0x130 ../../libpico-tflmicro.a(test_helpers.cpp.o)
                0x1000a154                tflite::testing::CreateSymmetricPerChannelQuantizedTensor(float const*, signed char*, TfLiteIntArray*, float*, int*, TfLiteAffineQuantization*, int, bool, TfLiteType)
 .text.arm_depthwise_conv_wrapper_s4_get_buffer_size
                0x1000a284       0x30 ../../libpico-tflmicro.a(arm_depthwise_conv_get_buffer_sizes_s4.c.o)
                0x1000a284                arm_depthwise_conv_wrapper_s4_get_buffer_size
 .text.arm_depthwise_conv_s8_opt_get_buffer_size_dsp
                0x1000a2b4       0x10 ../../libpico-tflmicro.a(arm_depthwise_conv_get_buffer_sizes_s8.c.o)
                0x1000a2b4                arm_depthwise_conv_s8_opt_get_buffer_size_dsp
 .text.arm_depthwise_conv_s8_opt_get_buffer_size
                0x1000a2c4        0x4 ../../libpico-tflmicro.a(arm_depthwise_conv_get_buffer_sizes_s8.c.o)
                0x1000a2c4                arm_depthwise_conv_s8_opt_get_buffer_size
 .text.arm_depthwise_conv_wrapper_s8_get_buffer_size
                0x1000a2c8        0x4 ../../libpico-tflmicro.a(arm_depthwise_conv_get_buffer_sizes_s8.c.o)
                0x1000a2c8                arm_depthwise_conv_wrapper_s8_get_buffer_size
 .text.arm_depthwise_conv_s16
                0x1000a2cc      0x454 ../../libpico-tflmicro.a(arm_depthwise_conv_s16.c.o)
                0x1000a2cc                arm_depthwise_conv_s16
 .text.arm_depthwise_conv_wrapper_s4
                0x1000a720       0x64 ../../libpico-tflmicro.a(arm_depthwise_conv_wrapper_s4.c.o)
                0x1000a720                arm_depthwise_conv_wrapper_s4
 .text.arm_depthwise_conv_wrapper_s8
                0x1000a784       0xa0 ../../libpico-tflmicro.a(arm_depthwise_conv_wrapper_s8.c.o)
                0x1000a784                arm_depthwise_conv_wrapper_s8
 .text.TfLiteTypeGetName
                0x1000a824       0x18 ../../libpico-tflmicro.a(common.cpp.o)
                0x1000a824                TfLiteTypeGetName
 .text._ZN6tflite18QuantizeMultiplierEdPlPi
                0x1000a83c       0x74 ../../libpico-tflmicro.a(quantization_util.cpp.o)
                0x1000a83c                tflite::QuantizeMultiplier(double, long*, int*)
 .text._ZN6tflite14GetTensorShapeEPK12TfLiteTensor
                0x1000a8b0       0x1c ../../libpico-tflmicro.a(tensor_ctypes.cpp.o)
                0x1000a8b0                tflite::GetTensorShape(TfLiteTensor const*)
 .text._ZN6tflite26SingleArenaBufferAllocatorD0Ev
                0x1000a8cc        0x4 ../../libpico-tflmicro.a(single_arena_buffer_allocator.cpp.o)
                0x1000a8cc                tflite::SingleArenaBufferAllocator::~SingleArenaBufferAllocator()
                0x1000a8cc                tflite::SingleArenaBufferAllocator::~SingleArenaBufferAllocator()
                0x1000a8cc                tflite::SingleArenaBufferAllocator::~SingleArenaBufferAllocator()
 .text._ZN6tflite26SingleArenaBufferAllocator14DeallocateTempEPh
                0x1000a8d0       0x10 ../../libpico-tflmicro.a(single_arena_buffer_allocator.cpp.o)
                0x1000a8d0                tflite::SingleArenaBufferAllocator::DeallocateTemp(unsigned char*)
 .text._ZNK6tflite26SingleArenaBufferAllocator23GetOverlayMemoryAddressEv
                0x1000a8e0        0x4 ../../libpico-tflmicro.a(single_arena_buffer_allocator.cpp.o)
                0x1000a8e0                tflite::SingleArenaBufferAllocator::GetOverlayMemoryAddress() const
 .text._ZNK6tflite26SingleArenaBufferAllocator25GetNonPersistentUsedBytesEv
                0x1000a8e4       0x10 ../../libpico-tflmicro.a(single_arena_buffer_allocator.cpp.o)
                0x1000a8e4                tflite::SingleArenaBufferAllocator::GetNonPersistentUsedBytes() const
 .text._ZNK6tflite26SingleArenaBufferAllocator22GetPersistentUsedBytesEv
                0x1000a8f4        0x8 ../../libpico-tflmicro.a(single_arena_buffer_allocator.cpp.o)
                0x1000a8f4                tflite::SingleArenaBufferAllocator::GetPersistentUsedBytes() const
 .text._ZN6tflite26SingleArenaBufferAllocator12ResizeBufferEPhjj
                0x1000a8fc       0x58 ../../libpico-tflmicro.a(single_arena_buffer_allocator.cpp.o)
                0x1000a8fc                tflite::SingleArenaBufferAllocator::ResizeBuffer(unsigned char*, unsigned int, unsigned int)
 .text._ZN6tflite26SingleArenaBufferAllocator12AllocateTempEjj
                0x1000a954       0x3c ../../libpico-tflmicro.a(single_arena_buffer_allocator.cpp.o)
                0x1000a954                tflite::SingleArenaBufferAllocator::AllocateTemp(unsigned int, unsigned int)
 .text._ZN6tflite26SingleArenaBufferAllocator20IsAllTempDeallocatedEv
                0x1000a990       0x20 ../../libpico-tflmicro.a(single_arena_buffer_allocator.cpp.o)
                0x1000a990                tflite::SingleArenaBufferAllocator::IsAllTempDeallocated()
 .text._ZN6tflite26SingleArenaBufferAllocator24AllocatePersistentBufferEjj
                0x1000a9b0       0x30 ../../libpico-tflmicro.a(single_arena_buffer_allocator.cpp.o)
                0x1000a9b0                tflite::SingleArenaBufferAllocator::AllocatePersistentBuffer(unsigned int, unsigned int)
 .text._ZNK6tflite26SingleArenaBufferAllocator18GetAvailableMemoryEj
                0x1000a9e0       0x1c ../../libpico-tflmicro.a(single_arena_buffer_allocator.cpp.o)
                0x1000a9e0                tflite::SingleArenaBufferAllocator::GetAvailableMemory(unsigned int) const
 .text._ZThn4_N6tflite26SingleArenaBufferAllocatorD1Ev
                0x1000a9fc        0x4 ../../libpico-tflmicro.a(single_arena_buffer_allocator.cpp.o)
                0x1000a9fc                non-virtual thunk to tflite::SingleArenaBufferAllocator::~SingleArenaBufferAllocator()
 .text._ZThn4_N6tflite26SingleArenaBufferAllocatorD0Ev
                0x1000aa00        0x4 ../../libpico-tflmicro.a(single_arena_buffer_allocator.cpp.o)
                0x1000aa00                non-virtual thunk to tflite::SingleArenaBufferAllocator::~SingleArenaBufferAllocator()
 .text._ZThn4_NK6tflite26SingleArenaBufferAllocator22GetPersistentUsedBytesEv
                0x1000aa04        0xc ../../libpico-tflmicro.a(single_arena_buffer_allocator.cpp.o)
                0x1000aa04                non-virtual thunk to tflite::SingleArenaBufferAllocator::GetPersistentUsedBytes() const
 .text._ZN6tflite26SingleArenaBufferAllocator20ResetTempAllocationsEv
                0x1000aa10       0x48 ../../libpico-tflmicro.a(single_arena_buffer_allocator.cpp.o)
                0x1000aa10                tflite::SingleArenaBufferAllocator::ResetTempAllocations()
 .text._ZThn4_N6tflite26SingleArenaBufferAllocator24AllocatePersistentBufferEjj
                0x1000aa58       0x30 ../../libpico-tflmicro.a(single_arena_buffer_allocator.cpp.o)
                0x1000aa58                non-virtual thunk to tflite::SingleArenaBufferAllocator::AllocatePersistentBuffer(unsigned int, unsigned int)
 .text._ZN6tflite26SingleArenaBufferAllocator25DeallocateResizableBufferEPh
                0x1000aa88       0x50 ../../libpico-tflmicro.a(single_arena_buffer_allocator.cpp.o)
                0x1000aa88                tflite::SingleArenaBufferAllocator::DeallocateResizableBuffer(unsigned char*)
 .text._ZN6tflite26SingleArenaBufferAllocator33ReserveNonPersistentOverlayMemoryEjj
                0x1000aad8       0x84 ../../libpico-tflmicro.a(single_arena_buffer_allocator.cpp.o)
                0x1000aad8                tflite::SingleArenaBufferAllocator::ReserveNonPersistentOverlayMemory(unsigned int, unsigned int)
 .text._ZN6tflite26SingleArenaBufferAllocator23AllocateResizableBufferEjj
                0x1000ab5c       0x88 ../../libpico-tflmicro.a(single_arena_buffer_allocator.cpp.o)
                0x1000ab5c                tflite::SingleArenaBufferAllocator::AllocateResizableBuffer(unsigned int, unsigned int)
 .text._ZN6tflite26SingleArenaBufferAllocator6CreateEPhj
                0x1000abe4       0x4c ../../libpico-tflmicro.a(single_arena_buffer_allocator.cpp.o)
                0x1000abe4                tflite::SingleArenaBufferAllocator::Create(unsigned char*, unsigned int)
 .text._ZN6tflite12MicroContext20SetAlternateProfilerEPNS_22MicroProfilerInterfaceE
                0x1000ac30        0x4 ../../libpico-tflmicro.a(fake_micro_context.cpp.o)
                0x1000ac30                tflite::MicroContext::SetAlternateProfiler(tflite::MicroProfilerInterface*)
 .text._ZNK6tflite12MicroContext20GetAlternateProfilerEv
                0x1000ac34        0x4 ../../libpico-tflmicro.a(fake_micro_context.cpp.o)
                0x1000ac34                tflite::MicroContext::GetAlternateProfiler() const
 .text._ZN6tflite16FakeMicroContext24AllocateTempTfLiteTensorEi
                0x1000ac38       0x10 ../../libpico-tflmicro.a(fake_micro_context.cpp.o)
                0x1000ac38                tflite::FakeMicroContext::AllocateTempTfLiteTensor(int)
 .text._ZN6tflite16FakeMicroContext26DeallocateTempTfLiteTensorEP12TfLiteTensor
                0x1000ac48        0x8 ../../libpico-tflmicro.a(fake_micro_context.cpp.o)
                0x1000ac48                tflite::FakeMicroContext::DeallocateTempTfLiteTensor(TfLiteTensor*)
 .text._ZN6tflite16FakeMicroContext18AllocateTempBufferEjj
                0x1000ac50       0x14 ../../libpico-tflmicro.a(fake_micro_context.cpp.o)
                0x1000ac50                tflite::FakeMicroContext::AllocateTempBuffer(unsigned int, unsigned int)
 .text._ZN6tflite16FakeMicroContext20DeallocateTempBufferEPh
                0x1000ac64       0x14 ../../libpico-tflmicro.a(fake_micro_context.cpp.o)
                0x1000ac64                tflite::FakeMicroContext::DeallocateTempBuffer(unsigned char*)
 .text._ZN6tflite16FakeMicroContext13GetEvalTensorEi
                0x1000ac78       0x28 ../../libpico-tflmicro.a(fake_micro_context.cpp.o)
                0x1000ac78                tflite::FakeMicroContext::GetEvalTensor(int)
 .text._ZN6tflite16FakeMicroContext24AllocatePersistentBufferEj
                0x1000aca0       0x10 ../../libpico-tflmicro.a(fake_micro_context.cpp.o)
                0x1000aca0                tflite::FakeMicroContext::AllocatePersistentBuffer(unsigned int)
 .text._ZN6tflite16FakeMicroContext16GetScratchBufferEi
                0x1000acb0       0x14 ../../libpico-tflmicro.a(fake_micro_context.cpp.o)
                0x1000acb0                tflite::FakeMicroContext::GetScratchBuffer(int)
 .text._ZN6tflite16FakeMicroContext20set_external_contextEPv
                0x1000acc4        0x4 ../../libpico-tflmicro.a(fake_micro_context.cpp.o)
                0x1000acc4                tflite::FakeMicroContext::set_external_context(void*)
 .text._ZN6tflite16FakeMicroContext16external_contextEv
                0x1000acc8        0x4 ../../libpico-tflmicro.a(fake_micro_context.cpp.o)
                0x1000acc8                tflite::FakeMicroContext::external_context()
 .text._ZN6tflite16FakeMicroContext5graphEv
                0x1000accc        0x4 ../../libpico-tflmicro.a(fake_micro_context.cpp.o)
                0x1000accc                tflite::FakeMicroContext::graph()
 .text._ZN6tflite16FakeMicroContextD0Ev
                0x1000acd0        0x4 ../../libpico-tflmicro.a(fake_micro_context.cpp.o)
                0x1000acd0                tflite::FakeMicroContext::~FakeMicroContext()
                0x1000acd0                tflite::FakeMicroContext::~FakeMicroContext()
                0x1000acd0                tflite::FakeMicroContext::~FakeMicroContext()
 .text._ZN6tflite16FakeMicroContext27RequestScratchBufferInArenaEjPi
                0x1000acd4       0x3c ../../libpico-tflmicro.a(fake_micro_context.cpp.o)
                0x1000acd4                tflite::FakeMicroContext::RequestScratchBufferInArena(unsigned int, int*)
 .text._ZN6tflite16FakeMicroContextC2EP12TfLiteTensorPNS_26SingleArenaBufferAllocatorEPNS_10MicroGraphE
                0x1000ad10       0x18 ../../libpico-tflmicro.a(fake_micro_context.cpp.o)
                0x1000ad10                tflite::FakeMicroContext::FakeMicroContext(TfLiteTensor*, tflite::SingleArenaBufferAllocator*, tflite::MicroGraph*)
                0x1000ad10                tflite::FakeMicroContext::FakeMicroContext(TfLiteTensor*, tflite::SingleArenaBufferAllocator*, tflite::MicroGraph*)
 .text._ZN6tflite16FakeMicroContext32IsAllTempTfLiteTensorDeallocatedEv
                0x1000ad28        0xc ../../libpico-tflmicro.a(fake_micro_context.cpp.o)
                0x1000ad28                tflite::FakeMicroContext::IsAllTempTfLiteTensorDeallocated()
 .text.arm_depthwise_conv_3x3_s8
                0x1000ad34      0xc14 ../../libpico-tflmicro.a(arm_depthwise_conv_3x3_s8.c.o)
                0x1000ad34                arm_depthwise_conv_3x3_s8
 .text.arm_depthwise_conv_s4
                0x1000b948      0xe98 ../../libpico-tflmicro.a(arm_depthwise_conv_s4.c.o)
                0x1000b948                arm_depthwise_conv_s4
 .text.arm_depthwise_conv_s4_opt
                0x1000c7e0      0xc78 ../../libpico-tflmicro.a(arm_depthwise_conv_s4_opt.c.o)
                0x1000c7e0                arm_depthwise_conv_s4_opt
 .text.depthwise_conv_s8_mult_4
                0x1000d458      0x44c ../../libpico-tflmicro.a(arm_depthwise_conv_s8.c.o)
 .text.arm_depthwise_conv_s8
                0x1000d8a4      0x480 ../../libpico-tflmicro.a(arm_depthwise_conv_s8.c.o)
                0x1000d8a4                arm_depthwise_conv_s8
 .text.arm_depthwise_conv_s8_opt
                0x1000dd24       0x64 ../../libpico-tflmicro.a(arm_depthwise_conv_s8_opt.c.o)
                0x1000dd24                arm_depthwise_conv_s8_opt
 .text.arm_q7_to_q15_with_offset
                0x1000dd88       0x1c ../../libpico-tflmicro.a(arm_q7_to_q15_with_offset.c.o)
                0x1000dd88                arm_q7_to_q15_with_offset
 .text.startup._GLOBAL__sub_I__ZN9__gnu_cxx9__freeresEv
                0x1000dda4      0x10c /home/sandra/.pico-sdk/toolchain/13_3_Rel1/bin/../lib/gcc/arm-none-eabi/13.3.1/../../../../arm-none-eabi/lib/thumb/v6-m/nofp/libstdc++.a(eh_alloc.o)
 .text._strtoul_l.isra.0
                0x1000deb0      0x144 /home/sandra/.pico-sdk/toolchain/13_3_Rel1/bin/../lib/gcc/arm-none-eabi/13.3.1/../../../../arm-none-eabi/lib/thumb/v6-m/nofp/libg.a(libc_a-strtoul.o)
 .text.strtoul  0x1000dff4       0x18 /home/sandra/.pico-sdk/toolchain/13_3_Rel1/bin/../lib/gcc/arm-none-eabi/13.3.1/../../../../arm-none-eabi/lib/thumb/v6-m/nofp/libg.a(libc_a-strtoul.o)
                0x1000dff4                strtoul
 .text.getenv   0x1000e00c       0x18 /home/sandra/.pico-sdk/toolchain/13_3_Rel1/bin/../lib/gcc/arm-none-eabi/13.3.1/../../../../arm-none-eabi/lib/thumb/v6-m/nofp/libg.a(libc_a-getenv.o)
                0x1000e00c                getenv
 .text._findenv_r
                0x1000e024       0x8c /home/sandra/.pico-sdk/toolchain/13_3_Rel1/bin/../lib/gcc/arm-none-eabi/13.3.1/../../../../arm-none-eabi/lib/thumb/v6-m/nofp/libg.a(libc_a-getenv_r.o)
                0x1000e024                _findenv_r
 .text.strlen   0x1000e0b0       0x5c /home/sandra/.pico-sdk/toolchain/13_3_Rel1/bin/../lib/gcc/arm-none-eabi/13.3.1/../../../../arm-none-eabi/lib/thumb/v6-m/nofp/libg.a(libc_a-strlen-stub.o)
                0x1000e0b0                strlen
 .text.strncmp  0x1000e10c       0x74 /home/sandra/.pico-sdk/toolchain/13_3_Rel1/bin/../lib/gcc/arm-none-eabi/13.3.1/../../../../arm-none-eabi/lib/thumb/v6-m/nofp/libg.a(libc_a-strncmp.o)
                0x1000e10c                strncmp
 .text.stdio_exit_handler
                0x1000e180       0x1c /home/sandra/.pico-sdk/toolchain/13_3_Rel1/bin/../lib/gcc/arm-none-eabi/13.3.1/../../../../arm-none-eabi/lib/thumb/v6-m/nofp/libg.a(libc_a-findfp.o)
 .text.cleanup_stdio
                0x1000e19c       0x3c /home/sandra/.pico-sdk/toolchain/13_3_Rel1/bin/../lib/gcc/arm-none-eabi/13.3.1/../../../../arm-none-eabi/lib/thumb/v6-m/nofp/libg.a(libc_a-findfp.o)
 .text.global_stdio_init.part.0
                0x1000e1d8      0x118 /home/sandra/.pico-sdk/toolchain/13_3_Rel1/bin/../lib/gcc/arm-none-eabi/13.3.1/../../../../arm-none-eabi/lib/thumb/v6-m/nofp/libg.a(libc_a-findfp.o)
 .text.__sinit  0x1000e2f0       0x38 /home/sandra/.pico-sdk/toolchain/13_3_Rel1/bin/../lib/gcc/arm-none-eabi/13.3.1/../../../../arm-none-eabi/lib/thumb/v6-m/nofp/libg.a(libc_a-findfp.o)
                0x1000e2f0                __sinit
 .text.__sfp_lock_acquire
                0x1000e328       0x10 /home/sandra/.pico-sdk/toolchain/13_3_Rel1/bin/../lib/gcc/arm-none-eabi/13.3.1/../../../../arm-none-eabi/lib/thumb/v6-m/nofp/libg.a(libc_a-findfp.o)
                0x1000e328                __sfp_lock_acquire
 .text.__sfp_lock_release
                0x1000e338       0x10 /home/sandra/.pico-sdk/toolchain/13_3_Rel1/bin/../lib/gcc/arm-none-eabi/13.3.1/../../../../arm-none-eabi/lib/thumb/v6-m/nofp/libg.a(libc_a-findfp.o)
                0x1000e338                __sfp_lock_release
 .text._vfprintf_r
                0x1000e348     0x1d58 /home/sandra/.pico-sdk/toolchain/13_3_Rel1/bin/../lib/gcc/arm-none-eabi/13.3.1/../../../../arm-none-eabi/lib/thumb/v6-m/nofp/libg.a(libc_a-vfprintf.o)
                0x1000e348                _vfprintf_r
 .text.vfprintf
                0x100100a0       0x18 /home/sandra/.pico-sdk/toolchain/13_3_Rel1/bin/../lib/gcc/arm-none-eabi/13.3.1/../../../../arm-none-eabi/lib/thumb/v6-m/nofp/libg.a(libc_a-vfprintf.o)
                0x100100a0                vfprintf
 .text.__sbprintf
                0x100100b8       0x8c /home/sandra/.pico-sdk/toolchain/13_3_Rel1/bin/../lib/gcc/arm-none-eabi/13.3.1/../../../../arm-none-eabi/lib/thumb/v6-m/nofp/libg.a(libc_a-vfprintf.o)
 .text.__sread  0x10010144       0x28 /home/sandra/.pico-sdk/toolchain/13_3_Rel1/bin/../lib/gcc/arm-none-eabi/13.3.1/../../../../arm-none-eabi/lib/thumb/v6-m/nofp/libg.a(libc_a-stdio.o)
                0x10010144                __sread
 .text.__swrite
                0x1001016c       0x40 /home/sandra/.pico-sdk/toolchain/13_3_Rel1/bin/../lib/gcc/arm-none-eabi/13.3.1/../../../../arm-none-eabi/lib/thumb/v6-m/nofp/libg.a(libc_a-stdio.o)
                0x1001016c                __swrite
 .text.__sseek  0x100101ac       0x30 /home/sandra/.pico-sdk/toolchain/13_3_Rel1/bin/../lib/gcc/arm-none-eabi/13.3.1/../../../../arm-none-eabi/lib/thumb/v6-m/nofp/libg.a(libc_a-stdio.o)
                0x100101ac                __sseek
 .text.__sclose