Archive member included to satisfy reference by file (symbol)

../../libpico-tflmicro.a(hexdump.cpp.o)
                              CMakeFiles/hexdump_test.dir/hexdump_test.cpp.o (tflite::hexdump(tflite::Span<std::byte const>, tflite::Span<char>))
../../libpico-tflmicro.a(micro_log.cpp.o)
                              CMakeFiles/hexdump_test.dir/hexdump_test.cpp.o (MicroPrintf(char const*, ...))
../../libpico-tflmicro.a(system_setup.cpp.o)
                              CMakeFiles/hexdump_test.dir/hexdump_test.cpp.o (tflite::InitializeTarget())
/home/sandra/.pico-sdk/toolchain/13_3_Rel1/bin/../lib/gcc/arm-none-eabi/13.3.1/thumb/v6-m/nofp/libgcc.a(_dvmd_tls.o)
                              CMakeFiles/hexdump_test.dir/home/sandra/.pico-sdk/sdk/2.1.0/src/rp2_common/pico_divider/divider_hardware.S.o (__aeabi_idiv0)
/home/sandra/.pico-sdk/toolchain/13_3_Rel1/bin/../lib/gcc/arm-none-eabi/13.3.1/../../../../arm-none-eabi/lib/thumb/v6-m/nofp/libg.a(libc_a-isprint.o)
                              ../../libpico-tflmicro.a(hexdump.cpp.o) (isprint)
/home/sandra/.pico-sdk/toolchain/13_3_Rel1/bin/../lib/gcc/arm-none-eabi/13.3.1/../../../../arm-none-eabi/lib/thumb/v6-m/nofp/libg.a(libc_a-impure.o)
                              ../../libpico-tflmicro.a(system_setup.cpp.o) (_impure_ptr)
/home/sandra/.pico-sdk/toolchain/13_3_Rel1/bin/../lib/gcc/arm-none-eabi/13.3.1/../../../../arm-none-eabi/lib/thumb/v6-m/nofp/libg.a(libc_a-strlen-stub.o)
                              CMakeFiles/hexdump_test.dir/home/sandra/.pico-sdk/sdk/2.1.0/src/rp2_common/pico_stdio/stdio.c.o (strlen)
/home/sandra/.pico-sdk/toolchain/13_3_Rel1/bin/../lib/gcc/arm-none-eabi/13.3.1/../../../../arm-none-eabi/lib/thumb/v6-m/nofp/libg.a(libc_a-findfp.o)
                              /home/sandra/.pico-sdk/toolchain/13_3_Rel1/bin/../lib/gcc/arm-none-eabi/13.3.1/../../../../arm-none-eabi/lib/thumb/v6-m/nofp/libg.a(libc_a-impure.o) (__sf)
/home/sandra/.pico-sdk/toolchain/13_3_Rel1/bin/../lib/gcc/arm-none-eabi/13.3.1/../../../../arm-none-eabi/lib/thumb/v6-m/nofp/libg.a(libc_a-vfprintf.o)
                              ../../libpico-tflmicro.a(system_setup.cpp.o) (vfprintf)
/home/sandra/.pico-sdk/toolchain/13_3_Rel1/bin/../lib/gcc/arm-none-eabi/13.3.1/../../../../arm-none-eabi/lib/thumb/v6-m/nofp/libg.a(libc_a-stdio.o)
                              /home/sandra/.pico-sdk/toolchain/13_3_Rel1/bin/../lib/gcc/arm-none-eabi/13.3.1/../../../../arm-none-eabi/lib/thumb/v6-m/nofp/libg.a(libc_a-findfp.o) (__sread)
/home/sandra/.pico-sdk/toolchain/13_3_Rel1/bin/../lib/gcc/arm-none-eabi/13.3.1/../../../../arm-none-eabi/lib/thumb/v6-m/nofp/libg.a(libc_a-malloc.o)
                              CMakeFiles/hexdump_test.dir/home/sandra/.pico-sdk/sdk/2.1.0/src/rp2_common/pico_malloc/malloc.c.o (malloc)
/home/sandra/.pico-sdk/toolchain/13_3_Rel1/bin/../lib/gcc/arm-none-eabi/13.3.1/../../../../arm-none-eabi/lib/thumb/v6-m/nofp/libg.a(libc_a-mallocr.o)
                              /home/sandra/.pico-sdk/toolchain/13_3_Rel1/bin/../lib/gcc/arm-none-eabi/13.3.1/../../../../arm-none-eabi/lib/thumb/v6-m/nofp/libg.a(libc_a-findfp.o) (_malloc_r)
/home/sandra/.pico-sdk/toolchain/13_3_Rel1/bin/../lib/gcc/arm-none-eabi/13.3.1/../../../../arm-none-eabi/lib/thumb/v6-m/nofp/libg.a(libc_a-abort.o)
                              ../../libpico-tflmicro.a(hexdump.cpp.o) (abort)
/home/sandra/.pico-sdk/toolchain/13_3_Rel1/bin/../lib/gcc/arm-none-eabi/13.3.1/../../../../arm-none-eabi/lib/thumb/v6-m/nofp/libg.a(libc_a-wcrtomb.o)
                              /home/sandra/.pico-sdk/toolchain/13_3_Rel1/bin/../lib/gcc/arm-none-eabi/13.3.1/../../../../arm-none-eabi/lib/thumb/v6-m/nofp/libg.a(libc_a-vfprintf.o) (_wcrtomb_r)
/home/sandra/.pico-sdk/toolchain/13_3_Rel1/bin/../lib/gcc/arm-none-eabi/13.3.1/../../../../arm-none-eabi/lib/thumb/v6-m/nofp/libg.a(libc_a-lcltime_r.o)
                              CMakeFiles/hexdump_test.dir/home/sandra/.pico-sdk/sdk/2.1.0/src/common/pico_util/datetime.c.o (localtime_r)
/home/sandra/.pico-sdk/toolchain/13_3_Rel1/bin/../lib/gcc/arm-none-eabi/13.3.1/../../../../arm-none-eabi/lib/thumb/v6-m/nofp/libg.a(libc_a-sbrkr.o)
                              /home/sandra/.pico-sdk/toolchain/13_3_Rel1/bin/../lib/gcc/arm-none-eabi/13.3.1/../../../../arm-none-eabi/lib/thumb/v6-m/nofp/libg.a(libc_a-mallocr.o) (_sbrk_r)
/home/sandra/.pico-sdk/toolchain/13_3_Rel1/bin/../lib/gcc/arm-none-eabi/13.3.1/../../../../arm-none-eabi/lib/thumb/v6-m/nofp/libg.a(libc_a-mktime.o)
                              CMakeFiles/hexdump_test.dir/home/sandra/.pico-sdk/sdk/2.1.0/src/common/pico_util/datetime.c.o (mktime)
/home/sandra/.pico-sdk/toolchain/13_3_Rel1/bin/../lib/gcc/arm-none-eabi/13.3.1/../../../../arm-none-eabi/lib/thumb/v6-m/nofp/libg.a(libc_a-month_lengths.o)
                              /home/sandra/.pico-sdk/toolchain/13_3_Rel1/bin/../lib/gcc/arm-none-eabi/13.3.1/../../../../arm-none-eabi/lib/thumb/v6-m/nofp/libg.a(libc_a-lcltime_r.o) (__month_lengths)
[...]
Memory Configuration

Name             Origin             Length             Attributes
FLASH            0x10000000         0x00200000         xr
RAM              0x20000000         0x00040000         xrw
SCRATCH_X        0x20040000         0x00001000         xrw
SCRATCH_Y        0x20041000         0x00001000         xrw
*default*        0x00000000         0xffffffff

Linker script and memory map

LOAD /home/sandra/.pico-sdk/toolchain/13_3_Rel1/bin/../lib/gcc/arm-none-eabi/13.3.1/thumb/v6-m/nofp/crti.o
LOAD /home/sandra/.pico-sdk/toolchain/13_3_Rel1/bin/../lib/gcc/arm-none-eabi/13.3.1/thumb/v6-m/nofp/crtbegin.o
LOAD /home/sandra/.pico-sdk/toolchain/13_3_Rel1/bin/../lib/gcc/arm-none-eabi/13.3.1/../../../../arm-none-eabi/lib/thumb/v6-m/nofp/crt0.o

.flash_begin    0x10000000        0x0
                0x10000000                        __flash_binary_start = .

.boot2          0x10000000      0x100
                0x10000000                        __boot2_start__ = .
 *(.boot2)
 .boot2         0x10000000      0x100 ../../pico-sdk/src/rp2040/boot_stage2/CMakeFiles/bs2_default_library.dir/bs2_default_padded_checksummed.S.o
                0x10000100                        __boot2_end__ = .
                0x00000001                        ASSERT (((__boot2_end__ - __boot2_start__) == 0x100), ERROR: Pico second stage bootloader must be 256 bytes in size)

.text           0x10000100     0xc070
                0x10000100                        __logical_binary_start = .
 *(.vectors)
 .vectors       0x10000100       0xd4 CMakeFiles/hexdump_test.dir/home/sandra/.pico-sdk/sdk/2.1.0/src/rp2_common/pico_crt0/crt0.S.o
                0x10000100                __vectors
                0x10000100                __VECTOR_TABLE
                0x100001c0                isr_invalid
                0x100001c0                __default_isrs_start
                0x100001c2                isr_nmi
                0x100001c4                isr_hardfault
                0x100001c6                isr_svcall
                0x100001c8                isr_pendsv
                0x100001ca                isr_systick
                0x100001cc                isr_irq30
                0x100001cc                __unhandled_user_irq
                0x100001cc                isr_irq13
                0x100001cc                isr_irq27
                0x100001cc                isr_irq31
                0x100001cc                isr_irq5
                0x100001cc                isr_irq11
                0x100001cc                isr_irq23
                0x100001cc                isr_irq18
                0x100001cc                isr_irq28
                0x100001cc                isr_irq19
                0x100001cc                isr_irq0
                0x100001cc                isr_irq6
                0x100001cc                isr_irq22
                0x100001cc                isr_irq17
                0x100001cc                isr_irq14
                0x100001cc                isr_irq2
                0x100001cc                isr_irq10
                0x100001cc                isr_irq8
                0x100001cc                isr_irq24
                0x100001cc                isr_irq1
                0x100001cc                isr_irq7
                0x100001cc                isr_irq21
                0x100001cc                isr_irq20
                0x100001cc                isr_irq15
                0x100001cc                isr_irq25
                0x100001cc                isr_irq4
                0x100001cc                isr_irq16
                0x100001cc                isr_irq29
                0x100001cc                isr_irq26
                0x100001cc                __default_isrs_end
                0x100001cc                isr_irq3
                0x100001cc                isr_irq12
                0x100001cc                isr_irq9
                0x100001d2                unhandled_user_irq_num_in_r0
 *(.binary_info_header)
 .binary_info_header
                0x100001d4       0x14 CMakeFiles/hexdump_test.dir/home/sandra/.pico-sdk/sdk/2.1.0/src/rp2_common/pico_crt0/crt0.S.o
                0x100001e8                        __binary_info_header_end = .
 *(.embedded_block)
                0x100001e8                        __embedded_block_end = .
 *(.reset)
 .reset         0x100001e8       0x9c CMakeFiles/hexdump_test.dir/home/sandra/.pico-sdk/sdk/2.1.0/src/rp2_common/pico_crt0/crt0.S.o
                0x100001e8                _entry_point
 *(.init)
 .init          0x10000284        0x4 /home/sandra/.pico-sdk/toolchain/13_3_Rel1/bin/../lib/gcc/arm-none-eabi/13.3.1/thumb/v6-m/nofp/crti.o
                0x10000284                _init
 *(EXCLUDE_FILE(*libm.a: *libc.a:*lib_a-mem*.o *libgcc.a:) .text*)
 .text.register_tm_clones
                0x10000288       0x28 /home/sandra/.pico-sdk/toolchain/13_3_Rel1/bin/../lib/gcc/arm-none-eabi/13.3.1/thumb/v6-m/nofp/crtbegin.o
 .text.frame_dummy
                0x100002b0       0x24 /home/sandra/.pico-sdk/toolchain/13_3_Rel1/bin/../lib/gcc/arm-none-eabi/13.3.1/thumb/v6-m/nofp/crtbegin.o
 .text.startup.main
                0x100002d4      0x150 CMakeFiles/hexdump_test.dir/hexdump_test.cpp.o
                0x100002d4                main
 .text.startup._GLOBAL__sub_I__ZN10micro_test12tests_passedE
                0x10000424       0x14 CMakeFiles/hexdump_test.dir/hexdump_test.cpp.o
 .text.rp2040_chip_version
                0x10000438        0xc CMakeFiles/hexdump_test.dir/home/sandra/.pico-sdk/sdk/2.1.0/src/rp2040/pico_platform/platform.c.o
                0x10000438                rp2040_chip_version
 .text.panic    0x10000444       0x30 CMakeFiles/hexdump_test.dir/home/sandra/.pico-sdk/sdk/2.1.0/src/rp2_common/pico_platform_panic/panic.c.o
                0x10000444                panic
 .text.hw_claim_or_assert
                0x10000474       0x44 CMakeFiles/hexdump_test.dir/home/sandra/.pico-sdk/sdk/2.1.0/src/common/hardware_claim/claim.c.o
                0x10000474                hw_claim_or_assert
 .text.hw_claim_unused_from_range
                0x100004b8       0x9c CMakeFiles/hexdump_test.dir/home/sandra/.pico-sdk/sdk/2.1.0/src/common/hardware_claim/claim.c.o
                0x100004b8                hw_claim_unused_from_range
 .text.next_striped_spin_lock_num
                0x10000554       0x18 CMakeFiles/hexdump_test.dir/home/sandra/.pico-sdk/sdk/2.1.0/src/rp2_common/hardware_sync/sync.c.o
                0x10000554                next_striped_spin_lock_num
 .text.spin_lock_claim_unused
                0x1000056c       0x24 CMakeFiles/hexdump_test.dir/home/sandra/.pico-sdk/sdk/2.1.0/src/rp2_common/hardware_sync/sync.c.o
                0x1000056c                spin_lock_claim_unused
 .text.spin_locks_reset
                0x10000590       0x1c CMakeFiles/hexdump_test.dir/home/sandra/.pico-sdk/sdk/2.1.0/src/rp2_common/hardware_sync_spin_lock/sync_spin_lock.c.o
                0x10000590                spin_locks_reset
 .text.runtime_init_per_core_irq_priorities
                0x100005ac       0x24 CMakeFiles/hexdump_test.dir/home/sandra/.pico-sdk/sdk/2.1.0/src/rp2_common/hardware_irq/irq.c.o
                0x100005ac                runtime_init_per_core_irq_priorities
 .text.irq_set_enabled
                0x100005d0       0x24 CMakeFiles/hexdump_test.dir/home/sandra/.pico-sdk/sdk/2.1.0/src/rp2_common/hardware_irq/irq.c.o
                0x100005d0                irq_set_enabled
 .text.irq_is_enabled
                0x100005f4       0x18 CMakeFiles/hexdump_test.dir/home/sandra/.pico-sdk/sdk/2.1.0/src/rp2_common/hardware_irq/irq.c.o
                0x100005f4                irq_is_enabled
 .text.irq_set_pending
                0x1000060c       0x10 CMakeFiles/hexdump_test.dir/home/sandra/.pico-sdk/sdk/2.1.0/src/rp2_common/hardware_irq/irq.c.o
                0x1000060c                irq_set_pending
 .text.irq_has_shared_handler
                0x1000061c       0x2c CMakeFiles/hexdump_test.dir/home/sandra/.pico-sdk/sdk/2.1.0/src/rp2_common/hardware_irq/irq.c.o
                0x1000061c                irq_has_shared_handler
 .text.irq_set_exclusive_handler
                0x10000648       0x54 CMakeFiles/hexdump_test.dir/home/sandra/.pico-sdk/sdk/2.1.0/src/rp2_common/hardware_irq/irq.c.o
                0x10000648                irq_set_exclusive_handler
 .text.irq_add_shared_handler
                0x1000069c      0x1f4 CMakeFiles/hexdump_test.dir/home/sandra/.pico-sdk/sdk/2.1.0/src/rp2_common/hardware_irq/irq.c.o
                0x1000069c                irq_add_shared_handler
 .text.irq_add_tail_to_free_list
                0x10000890       0xb4 CMakeFiles/hexdump_test.dir/home/sandra/.pico-sdk/sdk/2.1.0/src/rp2_common/hardware_irq/irq.c.o
                0x10000890                irq_add_tail_to_free_list
 .text.user_irq_claim_unused
                0x10000944       0x2c CMakeFiles/hexdump_test.dir/home/sandra/.pico-sdk/sdk/2.1.0/src/rp2_common/hardware_irq/irq.c.o
                0x10000944                user_irq_claim_unused
 .text.lock_init
                0x10000970       0x10 CMakeFiles/hexdump_test.dir/home/sandra/.pico-sdk/sdk/2.1.0/src/common/pico_sync/lock_core.c.o
                0x10000970                lock_init
 .text.runtime_init_mutex
                0x10000980       0x50 CMakeFiles/hexdump_test.dir/home/sandra/.pico-sdk/sdk/2.1.0/src/common/pico_sync/mutex.c.o
                0x10000980                runtime_init_mutex
 .text.mutex_init
                0x100009d0       0x1c CMakeFiles/hexdump_test.dir/home/sandra/.pico-sdk/sdk/2.1.0/src/common/pico_sync/mutex.c.o
                0x100009d0                mutex_init
 .text.critical_section_init
                0x100009ec       0x1c CMakeFiles/hexdump_test.dir/home/sandra/.pico-sdk/sdk/2.1.0/src/common/pico_sync/critical_section.c.o
                0x100009ec                critical_section_init
 .text.critical_section_init_with_lock_num
                0x10000a08       0x14 CMakeFiles/hexdump_test.dir/home/sandra/.pico-sdk/sdk/2.1.0/src/common/pico_sync/critical_section.c.o
                0x10000a08                critical_section_init_with_lock_num
 .text.sleep_until_callback
                0x10000a1c       0x30 CMakeFiles/hexdump_test.dir/home/sandra/.pico-sdk/sdk/2.1.0/src/common/pico_time/time.c.o
 .text.alarm_pool_irq_handler
                0x10000a4c      0x2fc CMakeFiles/hexdump_test.dir/home/sandra/.pico-sdk/sdk/2.1.0/src/common/pico_time/time.c.o
 .text.runtime_init_default_alarm_pool
                0x10000d48       0xdc CMakeFiles/hexdump_test.dir/home/sandra/.pico-sdk/sdk/2.1.0/src/common/pico_time/time.c.o
                0x10000d48                runtime_init_default_alarm_pool
 .text.alarm_pool_get_default
                0x10000e24        0x8 CMakeFiles/hexdump_test.dir/home/sandra/.pico-sdk/sdk/2.1.0/src/common/pico_time/time.c.o
                0x10000e24                alarm_pool_get_default
 .text.alarm_pool_add_alarm_at
                0x10000e2c       0xd4 CMakeFiles/hexdump_test.dir/home/sandra/.pico-sdk/sdk/2.1.0/src/common/pico_time/time.c.o
                0x10000e2c                alarm_pool_add_alarm_at
 .text.alarm_pool_add_alarm_at_force_in_context
                0x10000f00       0xb0 CMakeFiles/hexdump_test.dir/home/sandra/.pico-sdk/sdk/2.1.0/src/common/pico_time/time.c.o
                0x10000f00                alarm_pool_add_alarm_at_force_in_context
 .text.alarm_pool_cancel_alarm
                0x10000fb0       0x74 CMakeFiles/hexdump_test.dir/home/sandra/.pico-sdk/sdk/2.1.0/src/common/pico_time/time.c.o
                0x10000fb0                alarm_pool_cancel_alarm
 .text.alarm_pool_core_num
                0x10001024        0x4 CMakeFiles/hexdump_test.dir/home/sandra/.pico-sdk/sdk/2.1.0/src/common/pico_time/time.c.o
                0x10001024                alarm_pool_core_num
 .text.best_effort_wfe_or_timeout
                0x10001028       0xe0 CMakeFiles/hexdump_test.dir/home/sandra/.pico-sdk/sdk/2.1.0/src/common/pico_time/time.c.o
                0x10001028                best_effort_wfe_or_timeout
 .text.timer_hardware_alarm_claim
                0x10001108       0x14 CMakeFiles/hexdump_test.dir/home/sandra/.pico-sdk/sdk/2.1.0/src/rp2_common/hardware_timer/timer.c.o
                0x10001108                timer_hardware_alarm_claim
 .text.timer_time_us_64
                0x1000111c       0x10 CMakeFiles/hexdump_test.dir/home/sandra/.pico-sdk/sdk/2.1.0/src/rp2_common/hardware_timer/timer.c.o
                0x1000111c                timer_time_us_64
 .text.time_us_64
                0x1000112c       0x14 CMakeFiles/hexdump_test.dir/home/sandra/.pico-sdk/sdk/2.1.0/src/rp2_common/hardware_timer/timer.c.o
                0x1000112c                time_us_64
 .text.busy_wait_us
                0x10001140       0x68 CMakeFiles/hexdump_test.dir/home/sandra/.pico-sdk/sdk/2.1.0/src/rp2_common/hardware_timer/timer.c.o
                0x10001140                busy_wait_us
 .text.clock_configure_int_divider
                0x100011a8       0xf4 CMakeFiles/hexdump_test.dir/home/sandra/.pico-sdk/sdk/2.1.0/src/rp2_common/hardware_clocks/clocks.c.o
                0x100011a8                clock_configure_int_divider
 .text.clock_configure_undivided
                0x1000129c       0xe8 CMakeFiles/hexdump_test.dir/home/sandra/.pico-sdk/sdk/2.1.0/src/rp2_common/hardware_clocks/clocks.c.o
                0x1000129c                clock_configure_undivided
 .text.clock_get_hz
                0x10001384        0xc CMakeFiles/hexdump_test.dir/home/sandra/.pico-sdk/sdk/2.1.0/src/rp2_common/hardware_clocks/clocks.c.o
                0x10001384                clock_get_hz
 .text.pll_init
                0x10001390       0xa4 CMakeFiles/hexdump_test.dir/home/sandra/.pico-sdk/sdk/2.1.0/src/rp2_common/hardware_pll/pll.c.o
                0x10001390                pll_init
 .text.watchdog_reboot
                0x10001434       0x9c CMakeFiles/hexdump_test.dir/home/sandra/.pico-sdk/sdk/2.1.0/src/rp2_common/hardware_watchdog/watchdog.c.o
                0x10001434                watchdog_reboot
 .text.tick_start
                0x100014d0       0x10 CMakeFiles/hexdump_test.dir/home/sandra/.pico-sdk/sdk/2.1.0/src/rp2_common/hardware_ticks/ticks.c.o
                0x100014d0                tick_start
 .text.rom_func_lookup
                0x100014e0       0x10 CMakeFiles/hexdump_test.dir/home/sandra/.pico-sdk/sdk/2.1.0/src/rp2_common/pico_bootrom/bootrom.c.o
                0x100014e0                rom_func_lookup
 .text.rom_data_lookup
                0x100014f0       0x10 CMakeFiles/hexdump_test.dir/home/sandra/.pico-sdk/sdk/2.1.0/src/rp2_common/pico_bootrom/bootrom.c.o
                0x100014f0                rom_data_lookup
 .text.rom_funcs_lookup
                0x10001500       0x44 CMakeFiles/hexdump_test.dir/home/sandra/.pico-sdk/sdk/2.1.0/src/rp2_common/pico_bootrom/bootrom.c.o
                0x10001500                rom_funcs_lookup
 .text.rom_reset_usb_boot_extra
                0x10001544       0x28 CMakeFiles/hexdump_test.dir/home/sandra/.pico-sdk/sdk/2.1.0/src/rp2_common/pico_bootrom/bootrom.c.o
                0x10001544                rom_reset_usb_boot_extra
 .text.xosc_init
                0x1000156c       0x28 CMakeFiles/hexdump_test.dir/home/sandra/.pico-sdk/sdk/2.1.0/src/rp2_common/hardware_xosc/xosc.c.o
                0x1000156c                xosc_init
 .text.first_per_core_initializer
                0x10001594        0x4 CMakeFiles/hexdump_test.dir/home/sandra/.pico-sdk/sdk/2.1.0/src/rp2_common/pico_runtime/runtime.c.o
 .text.hard_assertion_failure
                0x10001598        0xc CMakeFiles/hexdump_test.dir/home/sandra/.pico-sdk/sdk/2.1.0/src/rp2_common/pico_runtime/runtime.c.o
                0x10001598                hard_assertion_failure
 .text.runtime_run_initializers
                0x100015a4       0x28 CMakeFiles/hexdump_test.dir/home/sandra/.pico-sdk/sdk/2.1.0/src/rp2_common/pico_runtime/runtime.c.o
                0x100015a4                runtime_run_initializers
 .text.runtime_init_early_resets
                0x100015cc       0x2c CMakeFiles/hexdump_test.dir/home/sandra/.pico-sdk/sdk/2.1.0/src/rp2_common/pico_runtime_init/runtime_init.c.o
                0x100015cc                runtime_init_early_resets
 .text.runtime_init_usb_power_down
                0x100015f8       0x1c CMakeFiles/hexdump_test.dir/home/sandra/.pico-sdk/sdk/2.1.0/src/rp2_common/pico_runtime_init/runtime_init.c.o
                0x100015f8                runtime_init_usb_power_down
 .text.runtime_init_post_clock_resets
                0x10001614       0x20 CMakeFiles/hexdump_test.dir/home/sandra/.pico-sdk/sdk/2.1.0/src/rp2_common/pico_runtime_init/runtime_init.c.o
                0x10001614                runtime_init_post_clock_resets
 .text.runtime_init_rp2040_gpio_ie_disable
                0x10001634       0x14 CMakeFiles/hexdump_test.dir/home/sandra/.pico-sdk/sdk/2.1.0/src/rp2_common/pico_runtime_init/runtime_init.c.o
                0x10001634                runtime_init_rp2040_gpio_ie_disable
 .text.runtime_init_spin_locks_reset
                0x10001648        0x8 CMakeFiles/hexdump_test.dir/home/sandra/.pico-sdk/sdk/2.1.0/src/rp2_common/pico_runtime_init/runtime_init.c.o
                0x10001648                runtime_init_spin_locks_reset
 .text.runtime_init_install_ram_vector_table
                0x10001650       0x1c CMakeFiles/hexdump_test.dir/home/sandra/.pico-sdk/sdk/2.1.0/src/rp2_common/pico_runtime_init/runtime_init.c.o
                0x10001650                runtime_init_install_ram_vector_table
 .text.runtime_init_clocks
                0x1000166c       0xd8 CMakeFiles/hexdump_test.dir/home/sandra/.pico-sdk/sdk/2.1.0/src/rp2_common/pico_runtime_init/runtime_init_clocks.c.o
                0x1000166c                runtime_init_clocks
 .text          0x10001744       0x10 CMakeFiles/hexdump_test.dir/home/sandra/.pico-sdk/sdk/2.1.0/src/rp2_common/pico_bit_ops/bit_ops_aeabi.S.o
 .text.__wrap___aeabi_idiv
                0x10001754       0x50 CMakeFiles/hexdump_test.dir/home/sandra/.pico-sdk/sdk/2.1.0/src/rp2_common/pico_divider/divider_hardware.S.o
                0x10001754                __wrap___aeabi_idivmod
                0x10001754                divmod_s32s32
                0x10001754                div_s32s32
                0x10001754                __wrap___aeabi_idiv
                0x1000175c                divmod_s32s32_unsafe
                0x10001788                divmod_s32s32_savestate
 .text.__wrap___aeabi_uidiv
                0x100017a4       0x4c CMakeFiles/hexdump_test.dir/home/sandra/.pico-sdk/sdk/2.1.0/src/rp2_common/pico_divider/divider_hardware.S.o
                0x100017a4                __wrap___aeabi_uidiv
                0x100017a4                __wrap___aeabi_uidivmod
                0x100017a4                div_u32u32
                0x100017a4                divmod_u32u32
                0x100017ac                divmod_u32u32_unsafe
                0x100017d4                divmod_u32u32_savestate
 .text.__wrap___aeabi_ldiv
                0x100017f0      0x424 CMakeFiles/hexdump_test.dir/home/sandra/.pico-sdk/sdk/2.1.0/src/rp2_common/pico_divider/divider_hardware.S.o
                0x100017f0                div_s64s64
                0x100017f0                divmod_s64s64
                0x100017f0                __wrap___aeabi_ldivmod
                0x10001820                div_u64u64
                0x10001820                divmod_u64u64
                0x10001820                __wrap___aeabi_uldivmod
                0x10001830                divmod_u64u64_savestate
                0x10001850                divmod_s64s64_unsafe
                0x100018d8                divmod_u64u64_unsafe
 .text.__wrap___aeabi_darithmetic
                0x10001c14       0x80 CMakeFiles/hexdump_test.dir/home/sandra/.pico-sdk/sdk/2.1.0/src/rp2_common/pico_double/double_aeabi_rp2040.S.o
                0x10001c14                __wrap___aeabi_drsub
                0x10001c1a                __wrap___aeabi_dsub
                0x10001c2c                __wrap___aeabi_dadd
                0x10001c3e                __wrap___aeabi_ddiv
                0x10001c7a                __wrap___aeabi_dmul
 .text.__wrap___aeabi_cdcmple
                0x10001c94       0x6c CMakeFiles/hexdump_test.dir/home/sandra/.pico-sdk/sdk/2.1.0/src/rp2_common/pico_double/double_aeabi_rp2040.S.o
                0x10001c94                __wrap___aeabi_cdrcmple
                0x10001ca4                __wrap___aeabi_cdcmple
                0x10001ca4                __wrap___aeabi_cdcmpeq
 .text.__wrap___aeabi_dcmpeq
                0x10001d00       0x10 CMakeFiles/hexdump_test.dir/home/sandra/.pico-sdk/sdk/2.1.0/src/rp2_common/pico_double/double_aeabi_rp2040.S.o
                0x10001d00                __wrap___aeabi_dcmpeq
 .text.__wrap___aeabi_dcmplt
                0x10001d10        0xc CMakeFiles/hexdump_test.dir/home/sandra/.pico-sdk/sdk/2.1.0/src/rp2_common/pico_double/double_aeabi_rp2040.S.o
                0x10001d10                __wrap___aeabi_dcmplt
 .text.__wrap___aeabi_dcmple
                0x10001d1c       0x10 CMakeFiles/hexdump_test.dir/home/sandra/.pico-sdk/sdk/2.1.0/src/rp2_common/pico_double/double_aeabi_rp2040.S.o
                0x10001d1c                __wrap___aeabi_dcmple
 .text.__wrap___aeabi_dcmpge
                0x10001d2c       0x10 CMakeFiles/hexdump_test.dir/home/sandra/.pico-sdk/sdk/2.1.0/src/rp2_common/pico_double/double_aeabi_rp2040.S.o
                0x10001d2c                __wrap___aeabi_dcmpge
 .text.__wrap___aeabi_dcmpgt
                0x10001d3c        0xa CMakeFiles/hexdump_test.dir/home/sandra/.pico-sdk/sdk/2.1.0/src/rp2_common/pico_double/double_aeabi_rp2040.S.o
                0x10001d3c                __wrap___aeabi_dcmpgt
 .text.__wrap___aeabi_dcmpun
                0x10001d46       0x18 CMakeFiles/hexdump_test.dir/home/sandra/.pico-sdk/sdk/2.1.0/src/rp2_common/pico_double/double_aeabi_rp2040.S.o
                0x10001d46                __wrap___aeabi_dcmpun
 *fill*         0x10001d5e        0x2 
 .text.__wrap___aeabi_i2d
                0x10001d60       0x38 CMakeFiles/hexdump_test.dir/home/sandra/.pico-sdk/sdk/2.1.0/src/rp2_common/pico_double/double_aeabi_rp2040.S.o
                0x10001d60                __wrap___aeabi_ui2d
                0x10001d68                __wrap___aeabi_i2d
 .text.__wrap___aeabi_d2iz
                0x10001d98       0x48 CMakeFiles/hexdump_test.dir/home/sandra/.pico-sdk/sdk/2.1.0/src/rp2_common/pico_double/double_aeabi_rp2040.S.o
                0x10001d98                __wrap___aeabi_d2iz
                0x10001d98                double2int_z
 .text.__wrap___aeabi_d2uiz
                0x10001de0       0x18 CMakeFiles/hexdump_test.dir/home/sandra/.pico-sdk/sdk/2.1.0/src/rp2_common/pico_double/double_aeabi_rp2040.S.o
                0x10001de0                double2uint
                0x10001de0                __wrap___aeabi_d2uiz
 .text.__aeabi_double_init
                0x10001df8       0xa4 CMakeFiles/hexdump_test.dir/home/sandra/.pico-sdk/sdk/2.1.0/src/rp2_common/pico_double/double_init_rom_rp2040.c.o
                0x10001df8                __aeabi_double_init
 .text.double_table_shim_on_use_helper
                0x10001e9c       0x2c CMakeFiles/hexdump_test.dir/home/sandra/.pico-sdk/sdk/2.1.0/src/rp2_common/pico_double/double_v1_rom_shim_rp2040.S.o
                0x10001e9c                double_table_shim_on_use_helper
 .text.__wrap___aeabi_dsub
                0x10001ec8       0x10 CMakeFiles/hexdump_test.dir/home/sandra/.pico-sdk/sdk/2.1.0/src/rp2_common/pico_double/double_v1_rom_shim_rp2040.S.o
                0x10001ec8                drsub_shim
                0x10001ece                dsub_shim
 .text.dadd_shim
                0x10001ed8      0x15c CMakeFiles/hexdump_test.dir/home/sandra/.pico-sdk/sdk/2.1.0/src/rp2_common/pico_double/double_v1_rom_shim_rp2040.S.o
                0x10001ed8                dadd_shim
 .text.dmul_shim
                0x10002034      0x15c CMakeFiles/hexdump_test.dir/home/sandra/.pico-sdk/sdk/2.1.0/src/rp2_common/pico_double/double_v1_rom_shim_rp2040.S.o
                0x10002034                dmul_shim
 .text.ddiv_shim
                0x10002190      0x1b0 CMakeFiles/hexdump_test.dir/home/sandra/.pico-sdk/sdk/2.1.0/src/rp2_common/pico_double/double_v1_rom_shim_rp2040.S.o
                0x10002190                ddiv_shim
 .text.double2uint_shim
                0x10002340        0xe CMakeFiles/hexdump_test.dir/home/sandra/.pico-sdk/sdk/2.1.0/src/rp2_common/pico_double/double_v1_rom_shim_rp2040.S.o
                0x10002340                double2uint_shim
                0x10002342                double2ufix_shim
 *fill*         0x1000234e        0x2 
 .text.double2uint64_shim
                0x10002350       0x70 CMakeFiles/hexdump_test.dir/home/sandra/.pico-sdk/sdk/2.1.0/src/rp2_common/pico_double/double_v1_rom_shim_rp2040.S.o
                0x10002350                double2uint64_shim
                0x10002352                double2ufix64_shim
                0x10002372                d2fix_a
 .text.dunpacks
                0x100023c0       0x3c CMakeFiles/hexdump_test.dir/home/sandra/.pico-sdk/sdk/2.1.0/src/rp2_common/pico_double/double_v1_rom_shim_rp2040.S.o
                0x100023c0                dunpacks
 .text.__aeabi_lmul
                0x100023fc       0x32 CMakeFiles/hexdump_test.dir/home/sandra/.pico-sdk/sdk/2.1.0/src/rp2_common/pico_int64_ops/pico_int64_ops_aeabi.S.o
                0x100023fc                __wrap___aeabi_lmul
 *fill*         0x1000242e        0x2 
 .text.__aeabi_float_init
                0x10002430       0x64 CMakeFiles/hexdump_test.dir/home/sandra/.pico-sdk/sdk/2.1.0/src/rp2_common/pico_float/float_init_rom_rp2040.c.o
                0x10002430                __aeabi_float_init
 .text.float_table_shim_on_use_helper
                0x10002494       0x2c CMakeFiles/hexdump_test.dir/home/sandra/.pico-sdk/sdk/2.1.0/src/rp2_common/pico_float/float_v1_rom_shim_rp2040.S.o
                0x10002494                float_table_shim_on_use_helper
 .text          0x100024c0       0x10 CMakeFiles/hexdump_test.dir/home/sandra/.pico-sdk/sdk/2.1.0/src/rp2_common/pico_mem_ops/mem_ops_aeabi.S.o
                0x100024c0                __aeabi_mem_init
 .text.memset   0x100024d0        0xc CMakeFiles/hexdump_test.dir/home/sandra/.pico-sdk/sdk/2.1.0/src/rp2_common/pico_mem_ops/mem_ops_aeabi.S.o
                0x100024d0                __wrap_memset
 .text.memcpy   0x100024dc        0xc CMakeFiles/hexdump_test.dir/home/sandra/.pico-sdk/sdk/2.1.0/src/rp2_common/pico_mem_ops/mem_ops_aeabi.S.o
                0x100024dc                __wrap___aeabi_memcpy
                0x100024dc                __wrap_memcpy
 .text._out_buffer
                0x100024e8        0x8 CMakeFiles/hexdump_test.dir/home/sandra/.pico-sdk/sdk/2.1.0/src/rp2_common/pico_printf/printf.c.o
 .text._out_null
                0x100024f0        0x4 CMakeFiles/hexdump_test.dir/home/sandra/.pico-sdk/sdk/2.1.0/src/rp2_common/pico_printf/printf.c.o
 .text._out_rev
                0x100024f4       0xac CMakeFiles/hexdump_test.dir/home/sandra/.pico-sdk/sdk/2.1.0/src/rp2_common/pico_printf/printf.c.o
 .text._ntoa_format
                0x100025a0      0x250 CMakeFiles/hexdump_test.dir/home/sandra/.pico-sdk/sdk/2.1.0/src/rp2_common/pico_printf/printf.c.o
 .text._out_char
                0x100027f0       0x10 CMakeFiles/hexdump_test.dir/home/sandra/.pico-sdk/sdk/2.1.0/src/rp2_common/pico_printf/printf.c.o
 .text._etoa    0x10002800      0x464 CMakeFiles/hexdump_test.dir/home/sandra/.pico-sdk/sdk/2.1.0/src/rp2_common/pico_printf/printf.c.o
 .text._ftoa    0x10002c64      0x3c0 CMakeFiles/hexdump_test.dir/home/sandra/.pico-sdk/sdk/2.1.0/src/rp2_common/pico_printf/printf.c.o
 .text._vsnprintf
                0x10003024      0xbc8 CMakeFiles/hexdump_test.dir/home/sandra/.pico-sdk/sdk/2.1.0/src/rp2_common/pico_printf/printf.c.o
 .text.__wrap_vsnprintf
                0x10003bec       0x1c CMakeFiles/hexdump_test.dir/home/sandra/.pico-sdk/sdk/2.1.0/src/rp2_common/pico_printf/printf.c.o
                0x10003bec                __wrap_vsnprintf
 .text.weak_raw_printf
                0x10003c08       0x40 CMakeFiles/hexdump_test.dir/home/sandra/.pico-sdk/sdk/2.1.0/src/rp2_common/pico_printf/printf.c.o
                0x10003c08                weak_raw_printf
 .text.weak_raw_vprintf
                0x10003c48       0x30 CMakeFiles/hexdump_test.dir/home/sandra/.pico-sdk/sdk/2.1.0/src/rp2_common/pico_printf/printf.c.o
                0x10003c48                weak_raw_vprintf
 .text._exit    0x10003c78        0x4 CMakeFiles/hexdump_test.dir/home/sandra/.pico-sdk/sdk/2.1.0/src/rp2_common/pico_clib_interface/newlib_interface.c.o
                0x10003c78                _exit
 .text._sbrk    0x10003c7c       0x34 CMakeFiles/hexdump_test.dir/home/sandra/.pico-sdk/sdk/2.1.0/src/rp2_common/pico_clib_interface/newlib_interface.c.o
                0x10003c7c                _sbrk
 .text._getpid  0x10003cb0        0x4 CMakeFiles/hexdump_test.dir/home/sandra/.pico-sdk/sdk/2.1.0/src/rp2_common/pico_clib_interface/newlib_interface.c.o
                0x10003cb0                _getpid
 .text._kill    0x10003cb4        0x8 CMakeFiles/hexdump_test.dir/home/sandra/.pico-sdk/sdk/2.1.0/src/rp2_common/pico_clib_interface/newlib_interface.c.o
                0x10003cb4                _kill
 .text._read    0x10003cbc       0x24 CMakeFiles/hexdump_test.dir/home/sandra/.pico-sdk/sdk/2.1.0/src/rp2_common/pico_clib_interface/newlib_interface.c.o
                0x10003cbc                _read
 .text._write   0x10003ce0       0x24 CMakeFiles/hexdump_test.dir/home/sandra/.pico-sdk/sdk/2.1.0/src/rp2_common/pico_clib_interface/newlib_interface.c.o
                0x10003ce0                _write
 .text._close   0x10003d04        0x8 CMakeFiles/hexdump_test.dir/home/sandra/.pico-sdk/sdk/2.1.0/src/rp2_common/pico_clib_interface/newlib_interface.c.o
                0x10003d04                _close
 .text._lseek   0x10003d0c        0x8 CMakeFiles/hexdump_test.dir/home/sandra/.pico-sdk/sdk/2.1.0/src/rp2_common/pico_clib_interface/newlib_interface.c.o
                0x10003d0c                _lseek
 .text._fstat   0x10003d14        0x8 CMakeFiles/hexdump_test.dir/home/sandra/.pico-sdk/sdk/2.1.0/src/rp2_common/pico_clib_interface/newlib_interface.c.o
                0x10003d14                _fstat
 .text._isatty  0x10003d1c        0xc CMakeFiles/hexdump_test.dir/home/sandra/.pico-sdk/sdk/2.1.0/src/rp2_common/pico_clib_interface/newlib_interface.c.o
                0x10003d1c                _isatty
 .text.exit     0x10003d28        0x8 CMakeFiles/hexdump_test.dir/home/sandra/.pico-sdk/sdk/2.1.0/src/rp2_common/pico_clib_interface/newlib_interface.c.o
                0x10003d28                exit
 .text.__assert_func
                0x10003d30       0x38 CMakeFiles/hexdump_test.dir/home/sandra/.pico-sdk/sdk/2.1.0/src/rp2_common/pico_clib_interface/newlib_interface.c.o
                0x10003d30                __assert_func
 .text.runtime_init
                0x10003d68       0x2c CMakeFiles/hexdump_test.dir/home/sandra/.pico-sdk/sdk/2.1.0/src/rp2_common/pico_clib_interface/newlib_interface.c.o
                0x10003d68                runtime_init
 .text.stdio_out_chars_no_crlf
                0x10003d94       0x10 CMakeFiles/hexdump_test.dir/home/sandra/.pico-sdk/sdk/2.1.0/src/rp2_common/pico_stdio/stdio.c.o
 .text.stdio_out_chars_crlf
                0x10003da4       0x94 CMakeFiles/hexdump_test.dir/home/sandra/.pico-sdk/sdk/2.1.0/src/rp2_common/pico_stdio/stdio.c.o
 .text.stdio_put_string
                0x10003e38      0x100 CMakeFiles/hexdump_test.dir/home/sandra/.pico-sdk/sdk/2.1.0/src/rp2_common/pico_stdio/stdio.c.o
                0x10003e38                stdio_put_string
 .text.stdio_get_until
                0x10003f38       0x84 CMakeFiles/hexdump_test.dir/home/sandra/.pico-sdk/sdk/2.1.0/src/rp2_common/pico_stdio/stdio.c.o
                0x10003f38                stdio_get_until
 .text.stdio_set_driver_enabled
                0x10003fbc       0x30 CMakeFiles/hexdump_test.dir/home/sandra/.pico-sdk/sdk/2.1.0/src/rp2_common/pico_stdio/stdio.c.o
                0x10003fbc                stdio_set_driver_enabled
 .text.stdio_init_all
                0x10003fec        0x8 CMakeFiles/hexdump_test.dir/home/sandra/.pico-sdk/sdk/2.1.0/src/rp2_common/pico_stdio/stdio.c.o
                0x10003fec                stdio_init_all
 .text.__wrap_putchar
                0x10003ff4       0x98 CMakeFiles/hexdump_test.dir/home/sandra/.pico-sdk/sdk/2.1.0/src/rp2_common/pico_stdio/stdio.c.o
                0x10003ff4                stdio_putchar
                0x10003ff4                __wrap_putchar
 .text.__wrap_puts
                0x1000408c       0x3c CMakeFiles/hexdump_test.dir/home/sandra/.pico-sdk/sdk/2.1.0/src/rp2_common/pico_stdio/stdio.c.o
                0x1000408c                __wrap_puts
                0x1000408c                stdio_puts
 .text.resetd_init
                0x100040c8        0x4 CMakeFiles/hexdump_test.dir/home/sandra/.pico-sdk/sdk/2.1.0/src/rp2_common/pico_stdio_usb/reset_interface.c.o
 .text.resetd_reset
                0x100040cc        0xc CMakeFiles/hexdump_test.dir/home/sandra/.pico-sdk/sdk/2.1.0/src/rp2_common/pico_stdio_usb/reset_interface.c.o
 .text.resetd_open
                0x100040d8       0x28 CMakeFiles/hexdump_test.dir/home/sandra/.pico-sdk/sdk/2.1.0/src/rp2_common/pico_stdio_usb/reset_interface.c.o
 .text.resetd_xfer_cb
                0x10004100        0x4 CMakeFiles/hexdump_test.dir/home/sandra/.pico-sdk/sdk/2.1.0/src/rp2_common/pico_stdio_usb/reset_interface.c.o
 .text.resetd_control_xfer_cb
                0x10004104       0x5c CMakeFiles/hexdump_test.dir/home/sandra/.pico-sdk/sdk/2.1.0/src/rp2_common/pico_stdio_usb/reset_interface.c.o
 .text.tud_descriptor_bos_cb
                0x10004160        0x8 CMakeFiles/hexdump_test.dir/home/sandra/.pico-sdk/sdk/2.1.0/src/rp2_common/pico_stdio_usb/reset_interface.c.o
                0x10004160                tud_descriptor_bos_cb
 .text.tud_vendor_control_xfer_cb
                0x10004168       0x34 CMakeFiles/hexdump_test.dir/home/sandra/.pico-sdk/sdk/2.1.0/src/rp2_common/pico_stdio_usb/reset_interface.c.o
                0x10004168                tud_vendor_control_xfer_cb
 .text.usbd_app_driver_get_cb
                0x1000419c        0xc CMakeFiles/hexdump_test.dir/home/sandra/.pico-sdk/sdk/2.1.0/src/rp2_common/pico_stdio_usb/reset_interface.c.o
                0x1000419c                usbd_app_driver_get_cb
 .text.tud_cdc_line_coding_cb
                0x100041a8       0x2c CMakeFiles/hexdump_test.dir/home/sandra/.pico-sdk/sdk/2.1.0/src/rp2_common/pico_stdio_usb/reset_interface.c.o
                0x100041a8                tud_cdc_line_coding_cb
 .text.stdio_usb_set_chars_available_callback
                0x100041d4       0x14 CMakeFiles/hexdump_test.dir/home/sandra/.pico-sdk/sdk/2.1.0/src/rp2_common/pico_stdio_usb/stdio_usb.c.o
                0x100041d4                stdio_usb_set_chars_available_callback
 .text.usb_irq  0x100041e8       0x10 CMakeFiles/hexdump_test.dir/home/sandra/.pico-sdk/sdk/2.1.0/src/rp2_common/pico_stdio_usb/stdio_usb.c.o
 .text.timer_task
                0x100041f8       0x64 CMakeFiles/hexdump_test.dir/home/sandra/.pico-sdk/sdk/2.1.0/src/rp2_common/pico_stdio_usb/stdio_usb.c.o
 .text.stdio_usb_in_chars
                0x1000425c       0x90 CMakeFiles/hexdump_test.dir/home/sandra/.pico-sdk/sdk/2.1.0/src/rp2_common/pico_stdio_usb/stdio_usb.c.o
                0x1000425c                stdio_usb_in_chars
 .text.stdio_usb_out_flush
                0x100042ec       0x50 CMakeFiles/hexdump_test.dir/home/sandra/.pico-sdk/sdk/2.1.0/src/rp2_common/pico_stdio_usb/stdio_usb.c.o
 .text.stdio_usb_out_chars
                0x1000433c      0x104 CMakeFiles/hexdump_test.dir/home/sandra/.pico-sdk/sdk/2.1.0/src/rp2_common/pico_stdio_usb/stdio_usb.c.o
 .text.low_priority_worker_irq
                0x10004440       0xcc CMakeFiles/hexdump_test.dir/home/sandra/.pico-sdk/sdk/2.1.0/src/rp2_common/pico_stdio_usb/stdio_usb.c.o
 .text.stdio_usb_init
                0x1000450c       0xe8 CMakeFiles/hexdump_test.dir/home/sandra/.pico-sdk/sdk/2.1.0/src/rp2_common/pico_stdio_usb/stdio_usb.c.o
                0x1000450c                stdio_usb_init
 .text.tud_descriptor_device_cb
                0x100045f4        0x8 CMakeFiles/hexdump_test.dir/home/sandra/.pico-sdk/sdk/2.1.0/src/rp2_common/pico_stdio_usb/stdio_usb_descriptors.c.o
                0x100045f4                tud_descriptor_device_cb
 .text.tud_descriptor_configuration_cb
                0x100045fc        0x8 CMakeFiles/hexdump_test.dir/home/sandra/.pico-sdk/sdk/2.1.0/src/rp2_common/pico_stdio_usb/stdio_usb_descriptors.c.o
                0x100045fc                tud_descriptor_configuration_cb
 .text.tud_descriptor_string_cb
                0x10004604       0x78 CMakeFiles/hexdump_test.dir/home/sandra/.pico-sdk/sdk/2.1.0/src/rp2_common/pico_stdio_usb/stdio_usb_descriptors.c.o
                0x10004604                tud_descriptor_string_cb
 .text.startup._retrieve_unique_id_on_boot
                0x1000467c       0x10 CMakeFiles/hexdump_test.dir/home/sandra/.pico-sdk/sdk/2.1.0/src/rp2_common/pico_unique_id/unique_id.c.o
 .text.pico_get_unique_board_id_string
                0x1000468c      0x1a8 CMakeFiles/hexdump_test.dir/home/sandra/.pico-sdk/sdk/2.1.0/src/rp2_common/pico_unique_id/unique_id.c.o
                0x1000468c                pico_get_unique_board_id_string
 .text.flash_get_unique_id
                0x10004834       0x3c CMakeFiles/hexdump_test.dir/home/sandra/.pico-sdk/sdk/2.1.0/src/rp2_common/hardware_flash/flash.c.o
                0x10004834                flash_get_unique_id
 .text.dcd_init
                0x10004870       0x8c CMakeFiles/hexdump_test.dir/home/sandra/.pico-sdk/sdk/2.1.0/lib/tinyusb/src/portable/raspberrypi/rp2040/dcd_rp2040.c.o
                0x10004870                dcd_init
 .text.dcd_int_enable
                0x100048fc        0xc CMakeFiles/hexdump_test.dir/home/sandra/.pico-sdk/sdk/2.1.0/lib/tinyusb/src/portable/raspberrypi/rp2040/dcd_rp2040.c.o
                0x100048fc                dcd_int_enable
 .text.dcd_set_address
                0x10004908       0x14 CMakeFiles/hexdump_test.dir/home/sandra/.pico-sdk/sdk/2.1.0/lib/tinyusb/src/portable/raspberrypi/rp2040/dcd_rp2040.c.o
                0x10004908                dcd_set_address
 .text.dcd_sof_enable
                0x1000491c       0x1c CMakeFiles/hexdump_test.dir/home/sandra/.pico-sdk/sdk/2.1.0/lib/tinyusb/src/portable/raspberrypi/rp2040/dcd_rp2040.c.o
                0x1000491c                dcd_sof_enable
 .text.dcd_edpt0_status_complete
                0x10004938       0x1c CMakeFiles/hexdump_test.dir/home/sandra/.pico-sdk/sdk/2.1.0/lib/tinyusb/src/portable/raspberrypi/rp2040/dcd_rp2040.c.o
                0x10004938                dcd_edpt0_status_complete
 .text.dcd_edpt_open
                0x10004954      0x108 CMakeFiles/hexdump_test.dir/home/sandra/.pico-sdk/sdk/2.1.0/lib/tinyusb/src/portable/raspberrypi/rp2040/dcd_rp2040.c.o
                0x10004954                dcd_edpt_open
 .text.dcd_edpt_close_all
                0x10004a5c        0x8 CMakeFiles/hexdump_test.dir/home/sandra/.pico-sdk/sdk/2.1.0/lib/tinyusb/src/portable/raspberrypi/rp2040/dcd_rp2040.c.o
                0x10004a5c                dcd_edpt_close_all
 .text.dcd_edpt_xfer
                0x10004a64       0x24 CMakeFiles/hexdump_test.dir/home/sandra/.pico-sdk/sdk/2.1.0/lib/tinyusb/src/portable/raspberrypi/rp2040/dcd_rp2040.c.o
                0x10004a64                dcd_edpt_xfer
 .text.dcd_edpt_stall
                0x10004a88       0x34 CMakeFiles/hexdump_test.dir/home/sandra/.pico-sdk/sdk/2.1.0/lib/tinyusb/src/portable/raspberrypi/rp2040/dcd_rp2040.c.o
                0x10004a88                dcd_edpt_stall
 .text.dcd_edpt_clear_stall
                0x10004abc       0x30 CMakeFiles/hexdump_test.dir/home/sandra/.pico-sdk/sdk/2.1.0/lib/tinyusb/src/portable/raspberrypi/rp2040/dcd_rp2040.c.o
                0x10004abc                dcd_edpt_clear_stall
 .text.rp2040_usb_init
                0x10004aec       0x40 CMakeFiles/hexdump_test.dir/home/sandra/.pico-sdk/sdk/2.1.0/lib/tinyusb/src/portable/raspberrypi/rp2040/rp2040_usb.c.o
                0x10004aec                rp2040_usb_init
 .text.hw_endpoint_xfer_start
                0x10004b2c       0x40 CMakeFiles/hexdump_test.dir/home/sandra/.pico-sdk/sdk/2.1.0/lib/tinyusb/src/portable/raspberrypi/rp2040/rp2040_usb.c.o
                0x10004b2c                hw_endpoint_xfer_start
 .text.tud_event_hook_cb
                0x10004b6c        0x4 CMakeFiles/hexdump_test.dir/home/sandra/.pico-sdk/sdk/2.1.0/lib/tinyusb/src/device/usbd.c.o
                0x10004b6c                tud_event_hook_cb
 .text.tud_sof_cb
                0x10004b70        0x4 CMakeFiles/hexdump_test.dir/home/sandra/.pico-sdk/sdk/2.1.0/lib/tinyusb/src/device/usbd.c.o
                0x10004b70                tud_sof_cb
 .text.tud_descriptor_device_qualifier_cb
                0x10004b74        0x4 CMakeFiles/hexdump_test.dir/home/sandra/.pico-sdk/sdk/2.1.0/lib/tinyusb/src/device/usbd.c.o
                0x10004b74                tud_descriptor_device_qualifier_cb
 .text.tud_descriptor_other_speed_configuration_cb
                0x10004b78        0x4 CMakeFiles/hexdump_test.dir/home/sandra/.pico-sdk/sdk/2.1.0/lib/tinyusb/src/device/usbd.c.o
                0x10004b78                tud_descriptor_other_speed_configuration_cb
 .text.tud_mount_cb
                0x10004b7c        0x4 CMakeFiles/hexdump_test.dir/home/sandra/.pico-sdk/sdk/2.1.0/lib/tinyusb/src/device/usbd.c.o
                0x10004b7c                tud_mount_cb
 .text.tud_umount_cb
                0x10004b80        0x4 CMakeFiles/hexdump_test.dir/home/sandra/.pico-sdk/sdk/2.1.0/lib/tinyusb/src/device/usbd.c.o
                0x10004b80                tud_umount_cb
 .text.tud_suspend_cb
                0x10004b84        0x4 CMakeFiles/hexdump_test.dir/home/sandra/.pico-sdk/sdk/2.1.0/lib/tinyusb/src/device/usbd.c.o
                0x10004b84                tud_suspend_cb
 .text.tud_resume_cb
                0x10004b88        0x4 CMakeFiles/hexdump_test.dir/home/sandra/.pico-sdk/sdk/2.1.0/lib/tinyusb/src/device/usbd.c.o
                0x10004b88                tud_resume_cb
 .text.tud_mounted
                0x10004b8c       0x10 CMakeFiles/hexdump_test.dir/home/sandra/.pico-sdk/sdk/2.1.0/lib/tinyusb/src/device/usbd.c.o
                0x10004b8c                tud_mounted
 .text.tud_suspended
                0x10004b9c       0x10 CMakeFiles/hexdump_test.dir/home/sandra/.pico-sdk/sdk/2.1.0/lib/tinyusb/src/device/usbd.c.o
                0x10004b9c                tud_suspended
 .text.tud_init
                0x10004bac       0xe4 CMakeFiles/hexdump_test.dir/home/sandra/.pico-sdk/sdk/2.1.0/lib/tinyusb/src/device/usbd.c.o
                0x10004bac                tud_init
 .text.tud_task_ext
                0x10004c90      0x800 CMakeFiles/hexdump_test.dir/home/sandra/.pico-sdk/sdk/2.1.0/lib/tinyusb/src/device/usbd.c.o
                0x10004c90                tud_task_ext
 .text.usbd_open_edpt_pair
                0x10005490       0x9c CMakeFiles/hexdump_test.dir/home/sandra/.pico-sdk/sdk/2.1.0/lib/tinyusb/src/device/usbd.c.o
                0x10005490                usbd_open_edpt_pair
 .text.usbd_edpt_open
                0x1000552c       0x34 CMakeFiles/hexdump_test.dir/home/sandra/.pico-sdk/sdk/2.1.0/lib/tinyusb/src/device/usbd.c.o
                0x1000552c                usbd_edpt_open
 .text.usbd_edpt_claim
                0x10005560       0x28 CMakeFiles/hexdump_test.dir/home/sandra/.pico-sdk/sdk/2.1.0/lib/tinyusb/src/device/usbd.c.o
                0x10005560                usbd_edpt_claim
 .text.usbd_edpt_release
                0x10005588       0x28 CMakeFiles/hexdump_test.dir/home/sandra/.pico-sdk/sdk/2.1.0/lib/tinyusb/src/device/usbd.c.o
                0x10005588                usbd_edpt_release
 .text.usbd_edpt_xfer
                0x100055b0       0x4c CMakeFiles/hexdump_test.dir/home/sandra/.pico-sdk/sdk/2.1.0/lib/tinyusb/src/device/usbd.c.o
                0x100055b0                usbd_edpt_xfer
 .text.tud_control_status
                0x100055fc       0x2c CMakeFiles/hexdump_test.dir/home/sandra/.pico-sdk/sdk/2.1.0/lib/tinyusb/src/device/usbd_control.c.o
                0x100055fc                tud_control_status
 .text.tud_control_xfer
                0x10005628       0xac CMakeFiles/hexdump_test.dir/home/sandra/.pico-sdk/sdk/2.1.0/lib/tinyusb/src/device/usbd_control.c.o
                0x10005628                tud_control_xfer
 .text.usbd_control_reset
                0x100056d4       0x14 CMakeFiles/hexdump_test.dir/home/sandra/.pico-sdk/sdk/2.1.0/lib/tinyusb/src/device/usbd_control.c.o
                0x100056d4                usbd_control_reset
 .text.usbd_control_set_complete_callback
                0x100056e8        0xc CMakeFiles/hexdump_test.dir/home/sandra/.pico-sdk/sdk/2.1.0/lib/tinyusb/src/device/usbd_control.c.o
                0x100056e8                usbd_control_set_complete_callback
 .text.usbd_control_set_request
                0x100056f4       0x1c CMakeFiles/hexdump_test.dir/home/sandra/.pico-sdk/sdk/2.1.0/lib/tinyusb/src/device/usbd_control.c.o
                0x100056f4                usbd_control_set_request
 .text.usbd_control_xfer_cb
                0x10005710       0xec CMakeFiles/hexdump_test.dir/home/sandra/.pico-sdk/sdk/2.1.0/lib/tinyusb/src/device/usbd_control.c.o
                0x10005710                usbd_control_xfer_cb
 .text._prep_out_transaction.isra.0
                0x100057fc       0x5c CMakeFiles/hexdump_test.dir/home/sandra/.pico-sdk/sdk/2.1.0/lib/tinyusb/src/class/cdc/cdc_device.c.o
 .text.tud_cdc_n_connected
                0x10005858       0x30 CMakeFiles/hexdump_test.dir/home/sandra/.pico-sdk/sdk/2.1.0/lib/tinyusb/src/class/cdc/cdc_device.c.o
                0x10005858                tud_cdc_n_connected
 .text.tud_cdc_n_available
                0x10005888       0x18 CMakeFiles/hexdump_test.dir/home/sandra/.pico-sdk/sdk/2.1.0/lib/tinyusb/src/class/cdc/cdc_device.c.o
                0x10005888                tud_cdc_n_available
 .text.tud_cdc_n_read
                0x100058a0       0x98 CMakeFiles/hexdump_test.dir/home/sandra/.pico-sdk/sdk/2.1.0/lib/tinyusb/src/class/cdc/cdc_device.c.o
                0x100058a0                tud_cdc_n_read
 .text.tud_cdc_n_write_flush
                0x10005938       0x78 CMakeFiles/hexdump_test.dir/home/sandra/.pico-sdk/sdk/2.1.0/lib/tinyusb/src/class/cdc/cdc_device.c.o
                0x10005938                tud_cdc_n_write_flush
 .text.tud_cdc_n_write
                0x100059b0       0x40 CMakeFiles/hexdump_test.dir/home/sandra/.pico-sdk/sdk/2.1.0/lib/tinyusb/src/class/cdc/cdc_device.c.o
                0x100059b0                tud_cdc_n_write
 .text.tud_cdc_n_write_available
                0x100059f0       0x18 CMakeFiles/hexdump_test.dir/home/sandra/.pico-sdk/sdk/2.1.0/lib/tinyusb/src/class/cdc/cdc_device.c.o
                0x100059f0                tud_cdc_n_write_available
 .text.cdcd_init
                0x10005a08       0x7c CMakeFiles/hexdump_test.dir/home/sandra/.pico-sdk/sdk/2.1.0/lib/tinyusb/src/class/cdc/cdc_device.c.o
                0x10005a08                cdcd_init
 .text.cdcd_deinit
                0x10005a84       0x34 CMakeFiles/hexdump_test.dir/home/sandra/.pico-sdk/sdk/2.1.0/lib/tinyusb/src/class/cdc/cdc_device.c.o
                0x10005a84                cdcd_deinit
 .text.cdcd_reset
                0x10005ab8       0x4c CMakeFiles/hexdump_test.dir/home/sandra/.pico-sdk/sdk/2.1.0/lib/tinyusb/src/class/cdc/cdc_device.c.o
                0x10005ab8                cdcd_reset
 .text.cdcd_open
                0x10005b04       0xb0 CMakeFiles/hexdump_test.dir/home/sandra/.pico-sdk/sdk/2.1.0/lib/tinyusb/src/class/cdc/cdc_device.c.o
                0x10005b04                cdcd_open
 .text.cdcd_control_xfer_cb
                0x10005bb4       0xe4 CMakeFiles/hexdump_test.dir/home/sandra/.pico-sdk/sdk/2.1.0/lib/tinyusb/src/class/cdc/cdc_device.c.o
                0x10005bb4                cdcd_control_xfer_cb
 .text.cdcd_xfer_cb
                0x10005c98      0x100 CMakeFiles/hexdump_test.dir/home/sandra/.pico-sdk/sdk/2.1.0/lib/tinyusb/src/class/cdc/cdc_device.c.o
                0x10005c98                cdcd_xfer_cb
 .text.vendord_init
                0x10005d98       0x5c CMakeFiles/hexdump_test.dir/home/sandra/.pico-sdk/sdk/2.1.0/lib/tinyusb/src/class/vendor/vendor_device.c.o
                0x10005d98                vendord_init
 .text.vendord_deinit
                0x10005df4       0x1c CMakeFiles/hexdump_test.dir/home/sandra/.pico-sdk/sdk/2.1.0/lib/tinyusb/src/class/vendor/vendor_device.c.o
                0x10005df4                vendord_deinit
 .text.vendord_reset
                0x10005e10       0x20 CMakeFiles/hexdump_test.dir/home/sandra/.pico-sdk/sdk/2.1.0/lib/tinyusb/src/class/vendor/vendor_device.c.o
                0x10005e10                vendord_reset
 .text.vendord_open
                0x10005e30      0x138 CMakeFiles/hexdump_test.dir/home/sandra/.pico-sdk/sdk/2.1.0/lib/tinyusb/src/class/vendor/vendor_device.c.o
                0x10005e30                vendord_open
 .text.vendord_xfer_cb
                0x10005f68       0x9c CMakeFiles/hexdump_test.dir/home/sandra/.pico-sdk/sdk/2.1.0/lib/tinyusb/src/class/vendor/vendor_device.c.o
                0x10005f68                vendord_xfer_cb
 .text.tusb_init
                0x10006004        0xc CMakeFiles/hexdump_test.dir/home/sandra/.pico-sdk/sdk/2.1.0/lib/tinyusb/src/tusb.c.o
                0x10006004                tusb_init
 .text.tu_edpt_claim
                0x10006010       0x50 CMakeFiles/hexdump_test.dir/home/sandra/.pico-sdk/sdk/2.1.0/lib/tinyusb/src/tusb.c.o
                0x10006010                tu_edpt_claim
 .text.tu_edpt_release
                0x10006060       0x38 CMakeFiles/hexdump_test.dir/home/sandra/.pico-sdk/sdk/2.1.0/lib/tinyusb/src/tusb.c.o
                0x10006060                tu_edpt_release
 .text.tu_edpt_validate
                0x10006098       0x7c CMakeFiles/hexdump_test.dir/home/sandra/.pico-sdk/sdk/2.1.0/lib/tinyusb/src/tusb.c.o
                0x10006098                tu_edpt_validate
 .text.tu_edpt_bind_driver
                0x10006114       0x34 CMakeFiles/hexdump_test.dir/home/sandra/.pico-sdk/sdk/2.1.0/lib/tinyusb/src/tusb.c.o
                0x10006114                tu_edpt_bind_driver
 .text.tu_edpt_stream_init
                0x10006148       0x6c CMakeFiles/hexdump_test.dir/home/sandra/.pico-sdk/sdk/2.1.0/lib/tinyusb/src/tusb.c.o
                0x10006148                tu_edpt_stream_init
 .text.tu_edpt_stream_deinit
                0x100061b4        0x4 CMakeFiles/hexdump_test.dir/home/sandra/.pico-sdk/sdk/2.1.0/lib/tinyusb/src/tusb.c.o
                0x100061b4                tu_edpt_stream_deinit
 .text.tu_edpt_stream_write_zlp_if_needed
                0x100061b8       0x68 CMakeFiles/hexdump_test.dir/home/sandra/.pico-sdk/sdk/2.1.0/lib/tinyusb/src/tusb.c.o
                0x100061b8                tu_edpt_stream_write_zlp_if_needed
 .text.tu_edpt_stream_write_xfer
                0x10006220       0x64 CMakeFiles/hexdump_test.dir/home/sandra/.pico-sdk/sdk/2.1.0/lib/tinyusb/src/tusb.c.o
                0x10006220                tu_edpt_stream_write_xfer
 .text.tu_edpt_stream_read_xfer
                0x10006284       0xdc CMakeFiles/hexdump_test.dir/home/sandra/.pico-sdk/sdk/2.1.0/lib/tinyusb/src/tusb.c.o
                0x10006284                tu_edpt_stream_read_xfer
 .text.tu_fifo_config
                0x10006360       0x6c CMakeFiles/hexdump_test.dir/home/sandra/.pico-sdk/sdk/2.1.0/lib/tinyusb/src/common/tusb_fifo.c.o
                0x10006360                tu_fifo_config
 .text.tu_fifo_count
                0x100063cc       0x2c CMakeFiles/hexdump_test.dir/home/sandra/.pico-sdk/sdk/2.1.0/lib/tinyusb/src/common/tusb_fifo.c.o
                0x100063cc                tu_fifo_count
 .text.tu_fifo_empty
                0x100063f8       0x10 CMakeFiles/hexdump_test.dir/home/sandra/.pico-sdk/sdk/2.1.0/lib/tinyusb/src/common/tusb_fifo.c.o
                0x100063f8                tu_fifo_empty
 .text.tu_fifo_remaining
                0x10006408       0x2c CMakeFiles/hexdump_test.dir/home/sandra/.pico-sdk/sdk/2.1.0/lib/tinyusb/src/common/tusb_fifo.c.o
                0x10006408                tu_fifo_remaining
 .text.tu_fifo_read
                0x10006434       0x9c CMakeFiles/hexdump_test.dir/home/sandra/.pico-sdk/sdk/2.1.0/lib/tinyusb/src/common/tusb_fifo.c.o
                0x10006434                tu_fifo_read
 .text.tu_fifo_read_n
                0x100064d0       0xe8 CMakeFiles/hexdump_test.dir/home/sandra/.pico-sdk/sdk/2.1.0/lib/tinyusb/src/common/tusb_fifo.c.o
                0x100064d0                tu_fifo_read_n
 .text.tu_fifo_write
                0x100065b8       0xa8 CMakeFiles/hexdump_test.dir/home/sandra/.pico-sdk/sdk/2.1.0/lib/tinyusb/src/common/tusb_fifo.c.o
                0x100065b8                tu_fifo_write
 .text.tu_fifo_write_n
                0x10006660      0x178 CMakeFiles/hexdump_test.dir/home/sandra/.pico-sdk/sdk/2.1.0/lib/tinyusb/src/common/tusb_fifo.c.o
                0x10006660                tu_fifo_write_n
 .text.tu_fifo_clear
                0x100067d8       0x40 CMakeFiles/hexdump_test.dir/home/sandra/.pico-sdk/sdk/2.1.0/lib/tinyusb/src/common/tusb_fifo.c.o
                0x100067d8                tu_fifo_clear
 .text.tu_fifo_set_overwritable
                0x10006818       0x48 CMakeFiles/hexdump_test.dir/home/sandra/.pico-sdk/sdk/2.1.0/lib/tinyusb/src/common/tusb_fifo.c.o
                0x10006818                tu_fifo_set_overwritable
 .text._ZN12_GLOBAL__N_16outputERKN6tflite4SpanIcEEPKcz
                0x10006860       0x4c ../../libpico-tflmicro.a(hexdump.cpp.o)
 .text._ZN12_GLOBAL__N_16outputERKN6tflite4SpanIcEEPKcz.constprop.0
                0x100068ac       0x50 ../../libpico-tflmicro.a(hexdump.cpp.o)
 .text._ZN12_GLOBAL__N_16outputERKN6tflite4SpanIcEEPKcz.constprop.1
                0x100068fc       0x50 ../../libpico-tflmicro.a(hexdump.cpp.o)
 .text._ZN12_GLOBAL__N_16outputERKN6tflite4SpanIcEEPKcz.constprop.2
                0x1000694c       0x50 ../../libpico-tflmicro.a(hexdump.cpp.o)
 .text._ZN12_GLOBAL__N_16outputERKN6tflite4SpanIcEEPKcz.constprop.3
                0x1000699c       0x50 ../../libpico-tflmicro.a(hexdump.cpp.o)
 .text._ZN6tflite7hexdumpENS_4SpanIKSt4byteEENS0_IcEE
                0x100069ec      0x200 ../../libpico-tflmicro.a(hexdump.cpp.o)
                0x100069ec                tflite::hexdump(tflite::Span<std::byte const>, tflite::Span<char>)
 .text._ZN6tflite7hexdumpENS_4SpanIKSt4byteEE
                0x10006bec       0x18 ../../libpico-tflmicro.a(hexdump.cpp.o)
                0x10006bec                tflite::hexdump(tflite::Span<std::byte const>)
 .text._ZN12_GLOBAL__N_19VDebugLogEPKcz.constprop.0
                0x10006c04       0x1c ../../libpico-tflmicro.a(micro_log.cpp.o)
 .text._Z11MicroPrintfPKcz
                0x10006c20       0x24 ../../libpico-tflmicro.a(micro_log.cpp.o)
                0x10006c20                MicroPrintf(char const*, ...)
 .text._ZN6tflite16InitializeTargetEv
                0x10006c44        0x8 ../../libpico-tflmicro.a(system_setup.cpp.o)
                0x10006c44                tflite::InitializeTarget()
 .text.DebugLog
                0x10006c4c       0x18 ../../libpico-tflmicro.a(system_setup.cpp.o)
                0x10006c4c                DebugLog
 .text.DebugVsnprintf
                0x10006c64        0x8 ../../libpico-tflmicro.a(system_setup.cpp.o)
                0x10006c64                DebugVsnprintf
 .text.isprint  0x10006c6c       0x10 /home/sandra/.pico-sdk/toolchain/13_3_Rel1/bin/../lib/gcc/arm-none-eabi/13.3.1/../../../../arm-none-eabi/lib/thumb/v6-m/nofp/libg.a(libc_a-isprint.o)
                0x10006c6c                isprint
 .text.strlen   0x10006c7c       0x5c /home/sandra/.pico-sdk/toolchain/13_3_Rel1/bin/../lib/gcc/arm-none-eabi/13.3.1/../../../../arm-none-eabi/lib/thumb/v6-m/nofp/libg.a(libc_a-strlen-stub.o)
                0x10006c7c                strlen
 .text.stdio_exit_handler
                0x10006cd8       0x1c /home/sandra/.pico-sdk/toolchain/13_3_Rel1/bin/../lib/gcc/arm-none-eabi/13.3.1/../../../../arm-none-eabi/lib/thumb/v6-m/nofp/libg.a(libc_a-findfp.o)
 .text.cleanup_stdio
                0x10006cf4       0x3c /home/sandra/.pico-sdk/toolchain/13_3_Rel1/bin/../lib/gcc/arm-none-eabi/13.3.1/../../../../arm-none-eabi/lib/thumb/v6-m/nofp/libg.a(libc_a-findfp.o)
 .text.global_stdio_init.part.0
                0x10006d30      0x118 /home/sandra/.pico-sdk/toolchain/13_3_Rel1/bin/../lib/gcc/arm-none-eabi/13.3.1/../../../../arm-none-eabi/lib/thumb/v6-m/nofp/libg.a(libc_a-findfp.o)
 .text.__sinit  0x10006e48       0x38 /home/sandra/.pico-sdk/toolchain/13_3_Rel1/bin/../lib/gcc/arm-none-eabi/13.3.1/../../../../arm-none-eabi/lib/thumb/v6-m/nofp/libg.a(libc_a-findfp.o)
                0x10006e48                __sinit
 .text.__sfp_lock_acquire
                0x10006e80       0x10 /home/sandra/.pico-sdk/toolchain/13_3_Rel1/bin/../lib/gcc/arm-none-eabi/13.3.1/../../../../arm-none-eabi/lib/thumb/v6-m/nofp/libg.a(libc_a-findfp.o)
                0x10006e80                __sfp_lock_acquire
 .text.__sfp_lock_release
                0x10006e90       0x10 /home/sandra/.pico-sdk/toolchain/13_3_Rel1/bin/../lib/gcc/arm-none-eabi/13.3.1/../../../../arm-none-eabi/lib/thumb/v6-m/nofp/libg.a(libc_a-findfp.o)
                0x10006e90                __sfp_lock_release
 .text._vfprintf_r
                0x10006ea0     0x1d58 /home/sandra/.pico-sdk/toolchain/13_3_Rel1/bin/../lib/gcc/arm-none-eabi/13.3.1/../../../../arm-none-eabi/lib/thumb/v6-m/nofp/libg.a(libc_a-vfprintf.o)
                0x10006ea0                _vfprintf_r
 .text.vfprintf
                0x10008bf8       0x18 /home/sandra/.pico-sdk/toolchain/13_3_Rel1/bin/../lib/gcc/arm-none-eabi/13.3.1/../../../../arm-none-eabi/lib/thumb/v6-m/nofp/libg.a(libc_a-vfprintf.o)
                0x10008bf8                vfprintf
 .text.__sbprintf
                0x10008c10       0x8c /home/sandra/.pico-sdk/toolchain/13_3_Rel1/bin/../lib/gcc/arm-none-eabi/13.3.1/../../../../arm-none-eabi/lib/thumb/v6-m/nofp/libg.a(libc_a-vfprintf.o)
 .text.__sread  0x10008c9c       0x28 /home/sandra/.pico-sdk/toolchain/13_3_Rel1/bin/../lib/gcc/arm-none-eabi/13.3.1/../../../../arm-none-eabi/lib/thumb/v6-m/nofp/libg.a(libc_a-stdio.o)
                0x10008c9c                __sread
 .text.__swrite
                0x10008cc4       0x40 /home/sandra/.pico-sdk/toolchain/13_3_Rel1/bin/../lib/gcc/arm-none-eabi/13.3.1/../../../../arm-none-eabi/lib/thumb/v6-m/nofp/libg.a(libc_a-stdio.o)
                0x10008cc4                __swrite
 .text.__sseek  0x10008d04       0x30 /home/sandra/.pico-sdk/toolchain/13_3_Rel1/bin/../lib/gcc/arm-none-eabi/13.3.1/../../../../arm-none-eabi/lib/thumb/v6-m/nofp/libg.a(libc_a-stdio.o)
                0x10008d04                __sseek
 .text.__sclose
                0x10008d34        0xc /home/sandra/.pico-sdk/toolchain/13_3_Rel1/bin/../lib/gcc/arm-none-eabi/13.3.1/../../../../arm-none-eabi/lib/thumb/v6-m/nofp/libg.a(libc_a-stdio.o)
                0x10008d34                __sclose
 .text._malloc_r
                0x10008d40      0x5c4 /home/sandra/.pico-sdk/toolchain/13_3_Rel1/bin/../lib/gcc/arm-none-eabi/13.3.1/../../../../arm-none-eabi/lib/thumb/v6-m/nofp/libg.a(libc_a-mallocr.o)
                0x10008d40                _malloc_r
 .text.abort    0x10009304       0x10 /home/sandra/.pico-sdk/toolchain/13_3_Rel1/bin/../lib/gcc/arm-none-eabi/13.3.1/../../../../arm-none-eabi/lib/thumb/v6-m/nofp/libg.a(libc_a-abort.o)
                0x10009304                abort
 .text._wcrtomb_r
                0x10009314       0x50 /home/sandra/.pico-sdk/toolchain/13_3_Rel1/bin/../lib/gcc/arm-none-eabi/13.3.1/../../../../arm-none-eabi/lib/thumb/v6-m/nofp/libg.a(libc_a-wcrtomb.o)
                0x10009314                _wcrtomb_r
 .text._sbrk_r  0x10009364       0x24 /home/sandra/.pico-sdk/toolchain/13_3_Rel1/bin/../lib/gcc/arm-none-eabi/13.3.1/../../../../arm-none-eabi/lib/thumb/v6-m/nofp/libg.a(libc_a-sbrkr.o)
                0x10009364                _sbrk_r
 .text._write_r
                0x10009388       0x28 /home/sandra/.pico-sdk/toolchain/13_3_Rel1/bin/../lib/gcc/arm-none-eabi/13.3.1/../../../../arm-none-eabi/lib/thumb/v6-m/nofp/libg.a(libc_a-writer.o)
                0x10009388                _write_r
 .text._fwalk_sglue
                0x100093b0       0x44 /home/sandra/.pico-sdk/toolchain/13_3_Rel1/bin/../lib/gcc/arm-none-eabi/13.3.1/../../../../arm-none-eabi/lib/thumb/v6-m/nofp/libg.a(libc_a-fwalk.o)
                0x100093b0                _fwalk_sglue
 .text.__swsetup_r
                0x100093f4       0xcc /home/sandra/.pico-sdk/toolchain/13_3_Rel1/bin/../lib/gcc/arm-none-eabi/13.3.1/../../../../arm-none-eabi/lib/thumb/v6-m/nofp/libg.a(libc_a-wsetup.o)
                0x100093f4                __swsetup_r
 .text.__malloc_lock
                0x100094c0       0x10 /home/sandra/.pico-sdk/toolchain/13_3_Rel1/bin/../lib/gcc/arm-none-eabi/13.3.1/../../../../arm-none-eabi/lib/thumb/v6-m/nofp/libg.a(libc_a-mlock.o)
                0x100094c0                __malloc_lock
 .text.__malloc_unlock
                0x100094d0       0x10 /home/sandra/.pico-sdk/toolchain/13_3_Rel1/bin/../lib/gcc/arm-none-eabi/13.3.1/../../../../arm-none-eabi/lib/thumb/v6-m/nofp/libg.a(libc_a-mlock.o)
                0x100094d0                __malloc_unlock
 .text._calloc_r
                0x100094e0       0xa8 /home/sandra/.pico-sdk/toolchain/13_3_Rel1/bin/../lib/gcc/arm-none-eabi/13.3.1/../../../../arm-none-eabi/lib/thumb/v6-m/nofp/libg.a(libc_a-callocr.o)
                0x100094e0                _calloc_r
 .text._wcsrtombs_r
                0x10009588       0x18 /home/sandra/.pico-sdk/toolchain/13_3_Rel1/bin/../lib/gcc/arm-none-eabi/13.3.1/../../../../arm-none-eabi/lib/thumb/v6-m/nofp/libg.a(libc_a-wcsrtombs.o)
                0x10009588                _wcsrtombs_r
 .text.quorem   0x100095a0      0x154 /home/sandra/.pico-sdk/toolchain/13_3_Rel1/bin/../lib/gcc/arm-none-eabi/13.3.1/../../../../arm-none-eabi/lib/thumb/v6-m/nofp/libg.a(libc_a-dtoa.o)
 .text._dtoa_r  0x100096f4      0xfb8 /home/sandra/.pico-sdk/toolchain/13_3_Rel1/bin/../lib/gcc/arm-none-eabi/13.3.1/../../../../arm-none-eabi/lib/thumb/v6-m/nofp/libg.a(libc_a-dtoa.o)
                0x100096f4                _dtoa_r
 .text.__retarget_lock_init_recursive
                0x1000a6ac        0x4 /home/sandra/.pico-sdk/toolchain/13_3_Rel1/bin/../lib/gcc/arm-none-eabi/13.3.1/../../../../arm-none-eabi/lib/thumb/v6-m/nofp/libg.a(libc_a-lock.o)
                0x1000a6ac                __retarget_lock_init_recursive
 .text.__retarget_lock_close_recursive
                0x1000a6b0        0x4 /home/sandra/.pico-sdk/toolchain/13_3_Rel1/bin/../lib/gcc/arm-none-eabi/13.3.1/../../../../arm-none-eabi/lib/thumb/v6-m/nofp/libg.a(libc_a-lock.o)
                0x1000a6b0                __retarget_lock_close_recursive
 .text.__retarget_lock_acquire_recursive
                0x1000a6b4        0x4 /home/sandra/.pico-sdk/toolchain/13_3_Rel1/bin/../lib/gcc/arm-none-eabi/13.3.1/../../../../arm-none-eabi/lib/thumb/v6-m/nofp/libg.a(libc_a-lock.o)
                0x1000a6b4                __retarget_lock_acquire_recursive
 .text.__retarget_lock_release_recursive
                0x1000a6b8        0x4 /home/sandra/.pico-sdk/toolchain/13_3_Rel1/bin/../lib/gcc/arm-none-eabi/13.3.1/../../../../arm-none-eabi/lib/thumb/v6-m/nofp/libg.a(libc_a-lock.o)
                0x1000a6b8                __retarget_lock_release_recursive
 .text.__locale_mb_cur_max
                0x1000a6bc       0x10 /home/sandra/.pico-sdk/toolchain/13_3_Rel1/bin/../lib/gcc/arm-none-eabi/13.3.1/../../../../arm-none-eabi/lib/thumb/v6-m/nofp/libg.a(libc_a-locale.o)
                0x1000a6bc                __locale_mb_cur_max
 .text._localeconv_r
                0x1000a6cc        0x8 /home/sandra/.pico-sdk/toolchain/13_3_Rel1/bin/../lib/gcc/arm-none-eabi/13.3.1/../../../../arm-none-eabi/lib/thumb/v6-m/nofp/libg.a(libc_a-localeconv.o)
                0x1000a6cc                _localeconv_r
 .text.__sprint_r
                0x1000a6d4       0x20 /home/sandra/.pico-sdk/toolchain/13_3_Rel1/bin/../lib/gcc/arm-none-eabi/13.3.1/../../../../arm-none-eabi/lib/thumb/v6-m/nofp/libg.a(libc_a-sprint_r.o)
                0x1000a6d4                __sprint_r
 .text.sysconf  0x1000a6f4       0x1c /home/sandra/.pico-sdk/toolchain/13_3_Rel1/bin/../lib/gcc/arm-none-eabi/13.3.1/../../../../arm-none-eabi/lib/thumb/v6-m/nofp/libg.a(libc_a-sysconf.o)
                0x1000a6f4                sysconf
 .text.__smakebuf_r
                0x1000a710       0xe0 /home/sandra/.pico-sdk/toolchain/13_3_Rel1/bin/../lib/gcc/arm-none-eabi/13.3.1/../../../../arm-none-eabi/lib/thumb/v6-m/nofp/libg.a(libc_a-makebuf.o)
                0x1000a710                __smakebuf_r
 .text.frexp    0x1000a7f0       0x68 /home/sandra/.pico-sdk/toolchain/13_3_Rel1/bin/../lib/gcc/arm-none-eabi/13.3.1/../../../../arm-none-eabi/lib/thumb/v6-m/nofp/libg.a(libm_a-s_frexp.o)
                0x1000a7f0                frexp
 .text._realloc_r
                0x1000a858      0x350 /home/sandra/.pico-sdk/toolchain/13_3_Rel1/bin/../lib/gcc/arm-none-eabi/13.3.1/../../../../arm-none-eabi/lib/thumb/v6-m/nofp/libg.a(libc_a-reallocr.o)
                0x1000a858                _realloc_r
 .text._malloc_trim_r
                0x1000aba8       0xb4 /home/sandra/.pico-sdk/toolchain/13_3_Rel1/bin/../lib/gcc/arm-none-eabi/13.3.1/../../../../arm-none-eabi/lib/thumb/v6-m/nofp/libg.a(libc_a-freer.o)
                0x1000aba8                _malloc_trim_r
 .text._free_r  0x1000ac5c      0x1d4 /home/sandra/.pico-sdk/toolchain/13_3_Rel1/bin/../lib/gcc/arm-none-eabi/13.3.1/../../../../arm-none-eabi/lib/thumb/v6-m/nofp/libg.a(libc_a-freer.o)
                0x1000ac5c                _free_r
 .text._close_r
                0x1000ae30       0x24 /home/sandra/.pico-sdk/toolchain/13_3_Rel1/bin/../lib/gcc/arm-none-eabi/13.3.1/../../../../arm-none-eabi/lib/thumb/v6-m/nofp/libg.a(libc_a-closer.o)
                0x1000ae30                _close_r
 .text._fclose_r
                0x1000ae54       0xd0 /home/sandra/.pico-sdk/toolchain/13_3_Rel1/bin/../lib/gcc/arm-none-eabi/13.3.1/../../../../arm-none-eabi/lib/thumb/v6-m/nofp/libg.a(libc_a-fclose.o)
                0x1000ae54                _fclose_r
 .text.raise    0x1000af24       0x5c /home/sandra/.pico-sdk/toolchain/13_3_Rel1/bin/../lib/gcc/arm-none-eabi/13.3.1/../../../../arm-none-eabi/lib/thumb/v6-m/nofp/libg.a(libc_a-signal.o)
                0x1000af24                raise
 .text.__sflush_r
                0x1000af80      0x148 /home/sandra/.pico-sdk/toolchain/13_3_Rel1/bin/../lib/gcc/arm-none-eabi/13.3.1/../../../../arm-none-eabi/lib/thumb/v6-m/nofp/libg.a(libc_a-fflush.o)
                0x1000af80                __sflush_r
 .text._fflush_r
                0x1000b0c8       0x68 /home/sandra/.pico-sdk/toolchain/13_3_Rel1/bin/../lib/gcc/arm-none-eabi/13.3.1/../../../../arm-none-eabi/lib/thumb/v6-m/nofp/libg.a(libc_a-fflush.o)
                0x1000b0c8                _fflush_r
 .text.memchr   0x1000b130       0x74 /home/sandra/.pico-sdk/toolchain/13_3_Rel1/bin/../lib/gcc/arm-none-eabi/13.3.1/../../../../arm-none-eabi/lib/thumb/v6-m/nofp/libg.a(libc_a-memchr-stub.o)
                0x1000b130                memchr
 .text.__ascii_wctomb
                0x1000b1a4       0x1c /home/sandra/.pico-sdk/toolchain/13_3_Rel1/bin/../lib/gcc/arm-none-eabi/13.3.1/../../../../arm-none-eabi/lib/thumb/v6-m/nofp/libg.a(libc_a-wctomb_r.o)
                0x1000b1a4                __ascii_wctomb
 .text.strncpy  0x1000b1c0       0x60 /home/sandra/.pico-sdk/toolchain/13_3_Rel1/bin/../lib/gcc/arm-none-eabi/13.3.1/../../../../arm-none-eabi/lib/thumb/v6-m/nofp/libg.a(libc_a-strncpy.o)
                0x1000b1c0                strncpy
 .text._fstat_r
                0x1000b220       0x28 /home/sandra/.pico-sdk/toolchain/13_3_Rel1/bin/../lib/gcc/arm-none-eabi/13.3.1/../../../../arm-none-eabi/lib/thumb/v6-m/nofp/libg.a(libc_a-fstatr.o)
                0x1000b220                _fstat_r
 .text._isatty_r
                0x1000b248       0x24 /home/sandra/.pico-sdk/toolchain/13_3_Rel1/bin/../lib/gcc/arm-none-eabi/13.3.1/../../../../arm-none-eabi/lib/thumb/v6-m/nofp/libg.a(libc_a-isattyr.o)
                0x1000b248                _isatty_r
 .text._lseek_r
                0x1000b26c       0x28 /home/sandra/.pico-sdk/toolchain/13_3_Rel1/bin/../lib/gcc/arm-none-eabi/13.3.1/../../../../arm-none-eabi/lib/thumb/v6-m/nofp/libg.a(libc_a-lseekr.o)
                0x1000b26c                _lseek_r
 .text._read_r  0x1000b294       0x28 /home/sandra/.pico-sdk/toolchain/13_3_Rel1/bin/../lib/gcc/arm-none-eabi/13.3.1/../../../../arm-none-eabi/lib/thumb/v6-m/nofp/libg.a(libc_a-readr.o)
                0x1000b294                _read_r
 .text.__ascii_mbtowc
                0x1000b2bc       0x2c /home/sandra/.pico-sdk/toolchain/13_3_Rel1/bin/../lib/gcc/arm-none-eabi/13.3.1/../../../../arm-none-eabi/lib/thumb/v6-m/nofp/libg.a(libc_a-mbtowc_r.o)
                0x1000b2bc                __ascii_mbtowc
 .text._kill_r  0x1000b2e8       0x28 /home/sandra/.pico-sdk/toolchain/13_3_Rel1/bin/../lib/gcc/arm-none-eabi/13.3.1/../../../../arm-none-eabi/lib/thumb/v6-m/nofp/libg.a(libc_a-signalr.o)
                0x1000b2e8                _kill_r
 .text._getpid_r
                0x1000b310        0x8 /home/sandra/.pico-sdk/toolchain/13_3_Rel1/bin/../lib/gcc/arm-none-eabi/13.3.1/../../../../arm-none-eabi/lib/thumb/v6-m/nofp/libg.a(libc_a-signalr.o)
                0x1000b310                _getpid_r
 .text.__errno  0x1000b318        0xc /home/sandra/.pico-sdk/toolchain/13_3_Rel1/bin/../lib/gcc/arm-none-eabi/13.3.1/../../../../arm-none-eabi/lib/thumb/v6-m/nofp/libg.a(libc_a-errno.o)
                0x1000b318                __errno
 .text.__sfvwrite_r
                0x1000b324      0x310 /home/sandra/.pico-sdk/toolchain/13_3_Rel1/bin/../lib/gcc/arm-none-eabi/13.3.1/../../../../arm-none-eabi/lib/thumb/v6-m/nofp/libg.a(libc_a-fvwrite.o)
                0x1000b324                __sfvwrite_r
 .text._Balloc  0x1000b634       0x50 /home/sandra/.pico-sdk/toolchain/13_3_Rel1/bin/../lib/gcc/arm-none-eabi/13.3.1/../../../../arm-none-eabi/lib/thumb/v6-m/nofp/libg.a(libc_a-mprec.o)
                0x1000b634                _Balloc
 .text._Bfree   0x1000b684       0x14 /home/sandra/.pico-sdk/toolchain/13_3_Rel1/bin/../lib/gcc/arm-none-eabi/13.3.1/../../../../arm-none-eabi/lib/thumb/v6-m/nofp/libg.a(libc_a-mprec.o)
                0x1000b684                _Bfree
 .text.__multadd
                0x1000b698       0xa8 /home/sandra/.pico-sdk/toolchain/13_3_Rel1/bin/../lib/gcc/arm-none-eabi/13.3.1/../../../../arm-none-eabi/lib/thumb/v6-m/nofp/libg.a(libc_a-mprec.o)
                0x1000b698                __multadd
 .text.__hi0bits
                0x1000b740       0x4c /home/sandra/.pico-sdk/toolchain/13_3_Rel1/bin/../lib/gcc/arm-none-eabi/13.3.1/../../../../arm-none-eabi/lib/thumb/v6-m/nofp/libg.a(libc_a-mprec.o)
                0x1000b740                __hi0bits
 .text.__lo0bits
                0x1000b78c       0x5c /home/sandra/.pico-sdk/toolchain/13_3_Rel1/bin/../lib/gcc/arm-none-eabi/13.3.1/../../../../arm-none-eabi/lib/thumb/v6-m/nofp/libg.a(libc_a-mprec.o)
                0x1000b78c                __lo0bits
 .text.__i2b    0x1000b7e8       0x60 /home/sandra/.pico-sdk/toolchain/13_3_Rel1/bin/../lib/gcc/arm-none-eabi/13.3.1/../../../../arm-none-eabi/lib/thumb/v6-m/nofp/libg.a(libc_a-mprec.o)
                0x1000b7e8                __i2b
 .text.__multiply
                0x1000b848      0x1ac /home/sandra/.pico-sdk/toolchain/13_3_Rel1/bin/../lib/gcc/arm-none-eabi/13.3.1/../../../../arm-none-eabi/lib/thumb/v6-m/nofp/libg.a(libc_a-mprec.o)
                0x1000b848                __multiply
 .text.__pow5mult
                0x1000b9f4       0xd0 /home/sandra/.pico-sdk/toolchain/13_3_Rel1/bin/../lib/gcc/arm-none-eabi/13.3.1/../../../../arm-none-eabi/lib/thumb/v6-m/nofp/libg.a(libc_a-mprec.o)
                0x1000b9f4                __pow5mult
 .text.__lshift
                0x1000bac4       0xfc /home/sandra/.pico-sdk/toolchain/13_3_Rel1/bin/../lib/gcc/arm-none-eabi/13.3.1/../../../../arm-none-eabi/lib/thumb/v6-m/nofp/libg.a(libc_a-mprec.o)
                0x1000bac4                __lshift
 .text.__mcmp   0x1000bbc0       0x3c /home/sandra/.pico-sdk/toolchain/13_3_Rel1/bin/../lib/gcc/arm-none-eabi/13.3.1/../../../../arm-none-eabi/lib/thumb/v6-m/nofp/libg.a(libc_a-mprec.o)
                0x1000bbc0                __mcmp
 .text.__mdiff  0x1000bbfc      0x1b4 /home/sandra/.pico-sdk/toolchain/13_3_Rel1/bin/../lib/gcc/arm-none-eabi/13.3.1/../../../../arm-none-eabi/lib/thumb/v6-m/nofp/libg.a(libc_a-mprec.o)
                0x1000bbfc                __mdiff
 .text.__d2b    0x1000bdb0       0xcc /home/sandra/.pico-sdk/toolchain/13_3_Rel1/bin/../lib/gcc/arm-none-eabi/13.3.1/../../../../arm-none-eabi/lib/thumb/v6-m/nofp/libg.a(libc_a-mprec.o)
                0x1000bdb0                __d2b
 .text._wcsnrtombs_l
                0x1000be7c      0x114 /home/sandra/.pico-sdk/toolchain/13_3_Rel1/bin/../lib/gcc/arm-none-eabi/13.3.1/../../../../arm-none-eabi/lib/thumb/v6-m/nofp/libg.a(libc_a-wcsnrtombs.o)
                0x1000be7c                _wcsnrtombs_l
 .text._wcsnrtombs_r
                0x1000bf90       0x24 /home/sandra/.pico-sdk/toolchain/13_3_Rel1/bin/../lib/gcc/arm-none-eabi/13.3.1/../../../../arm-none-eabi/lib/thumb/v6-m/nofp/libg.a(libc_a-wcsnrtombs.o)
                0x1000bf90                _wcsnrtombs_r
 .text.memmove  0x1000bfb4       0xb0 /home/sandra/.pico-sdk/toolchain/13_3_Rel1/bin/../lib/gcc/arm-none-eabi/13.3.1/../../../../arm-none-eabi/lib/thumb/v6-m/nofp/libg.a(libc_a-memmove.o)
                0x1000bfb4                memmove
 *(.fini)
 .fini          0x1000c064        0x4 /home/sandra/.pico-sdk/toolchain/13_3_Rel1/bin/../lib/gcc/arm-none-eabi/13.3.1/thumb/v6-m/nofp/crti.o
                0x1000c064                _fini
 .fini.__stub   0x1000c068       0xc0 linker stubs
 *crtbegin.o(.ctors)
 *crtbegin?.o(.ctors)
 *(EXCLUDE_FILE(*crtend.o *crtend?.o) .ctors)
 *(SORT_BY_NAME(.ctors.*))
 *(.ctors)
 *crtbegin.o(.dtors)
 *crtbegin?.o(.dtors)
 *(EXCLUDE_FILE(*crtend.o *crtend?.o) .dtors)
 *(SORT_BY_NAME(.dtors.*))
 *(.dtors)
                0x1000c128                        . = ALIGN (0x4)
                0x1000c128                        PROVIDE (__preinit_array_start = .)
 *(SORT_BY_NAME(.preinit_array.*))
 .preinit_array.00100
                0x1000c128        0x4 CMakeFiles/hexdump_test.dir/home/sandra/.pico-sdk/sdk/2.1.0/src/rp2_common/pico_runtime_init/runtime_init.c.o
                0x1000c128                __pre_init_runtime_init_early_resets
 .preinit_array.00101
                0x1000c12c        0x4 CMakeFiles/hexdump_test.dir/home/sandra/.pico-sdk/sdk/2.1.0/src/rp2_common/pico_runtime_init/runtime_init.c.o
                0x1000c12c                __pre_init_runtime_init_usb_power_down
 .preinit_array.00275
                0x1000c130        0x4 CMakeFiles/hexdump_test.dir/home/sandra/.pico-sdk/sdk/2.1.0/src/rp2_common/pico_bit_ops/bit_ops_aeabi.S.o
 .preinit_array.00300
                0x1000c134        0x4 CMakeFiles/hexdump_test.dir/home/sandra/.pico-sdk/sdk/2.1.0/src/rp2_common/pico_mem_ops/mem_ops_aeabi.S.o
 .preinit_array.00350
                0x1000c138        0x4 CMakeFiles/hexdump_test.dir/home/sandra/.pico-sdk/sdk/2.1.0/src/rp2_common/pico_double/double_aeabi_rp2040.S.o
 .preinit_array.00350
                0x1000c13c        0x4 CMakeFiles/hexdump_test.dir/home/sandra/.pico-sdk/sdk/2.1.0/src/rp2_common/pico_float/float_aeabi_rp2040.S.o
 .preinit_array.00500
                0x1000c140        0x4 CMakeFiles/hexdump_test.dir/home/sandra/.pico-sdk/sdk/2.1.0/src/rp2_common/pico_runtime_init/runtime_init.c.o
                0x1000c140                __pre_init_runtime_init_clocks
 .preinit_array.00600
                0x1000c144        0x4 CMakeFiles/hexdump_test.dir/home/sandra/.pico-sdk/sdk/2.1.0/src/rp2_common/pico_runtime_init/runtime_init.c.o
                0x1000c144                __pre_init_runtime_init_post_clock_resets
 .preinit_array.00700
                0x1000c148        0x4 CMakeFiles/hexdump_test.dir/home/sandra/.pico-sdk/sdk/2.1.0/src/rp2_common/pico_runtime_init/runtime_init.c.o
                0x1000c148                __pre_init_runtime_init_rp2040_gpio_ie_disable
 .preinit_array.01000
                0x1000c14c        0x4 CMakeFiles/hexdump_test.dir/home/sandra/.pico-sdk/sdk/2.1.0/src/rp2_common/pico_runtime_init/runtime_init.c.o
                0x1000c14c                __pre_init_runtime_init_spin_locks_reset
 .preinit_array.01100
                0x1000c150        0x4 CMakeFiles/hexdump_test.dir/home/sandra/.pico-sdk/sdk/2.1.0/src/common/pico_sync/mutex.c.o
                0x1000c150                __pre_init_runtime_init_mutex
 .preinit_array.10080
                0x1000c154        0x4 CMakeFiles/hexdump_test.dir/home/sandra/.pico-sdk/sdk/2.1.0/src/rp2_common/pico_runtime_init/runtime_init.c.o
                0x1000c154                __pre_init_runtime_init_install_ram_vector_table
 .preinit_array.11000
                0x1000c158        0x4 CMakeFiles/hexdump_test.dir/home/sandra/.pico-sdk/sdk/2.1.0/src/common/pico_time/time.c.o
                0x1000c158                __pre_init_runtime_init_default_alarm_pool
 .preinit_array.YYYYY
                0x1000c15c        0x4 CMakeFiles/hexdump_test.dir/home/sandra/.pico-sdk/sdk/2.1.0/src/rp2_common/pico_runtime/runtime.c.o
                0x1000c15c                __pre_init_first_per_core_initializer
 .preinit_array.ZZZZZ.01200
                0x1000c160        0x4 CMakeFiles/hexdump_test.dir/home/sandra/.pico-sdk/sdk/2.1.0/src/rp2_common/hardware_irq/irq.c.o
                0x1000c160                __pre_init_runtime_init_per_core_irq_priorities
 *(.preinit_array)
                0x1000c164                        PROVIDE (__preinit_array_end = .)
                0x1000c164                        . = ALIGN (0x4)
                0x1000c164                        PROVIDE (__init_array_start = .)
 *(SORT_BY_NAME(.init_array.*))
 *(.init_array)
 .init_array    0x1000c164        0x4 /home/sandra/.pico-sdk/toolchain/13_3_Rel1/bin/../lib/gcc/arm-none-eabi/13.3.1/thumb/v6-m/nofp/crtbegin.o
 .init_array    0x1000c168        0x4 CMakeFiles/hexdump_test.dir/hexdump_test.cpp.o
 .init_array    0x1000c16c        0x4 CMakeFiles/hexdump_test.dir/home/sandra/.pico-sdk/sdk/2.1.0/src/rp2_common/pico_unique_id/unique_id.c.o
                0x1000c170                        PROVIDE (__init_array_end = .)
                0x1000c170                        . = ALIGN (0x4)
                [!provide]                        PROVIDE (__fini_array_start = .)
 *(SORT_BY_NAME(.fini_array.*))
 *(.fini_array)
                [!provide]                        PROVIDE (__fini_array_end = .)
 *(.eh_frame*)
 .eh_frame      0x1000c170        0x0 /home/sandra/.pico-sdk/toolchain/13_3_Rel1/bin/../lib/gcc/arm-none-eabi/13.3.1/thumb/v6-m/nofp/crtbegin.o
                0x1000c170                        . = ALIGN (0x4)

.glue_7         0x1000c170        0x0
 .glue_7        0x1000c170        0x0 linker stubs

.glue_7t        0x1000c170        0x0
 .glue_7t       0x1000c170        0x0 linker stubs

.vfp11_veneer   0x1000c170        0x0
 .vfp11_veneer  0x1000c170        0x0 linker stubs

.v4_bx          0x1000c170        0x0
 .v4_bx         0x1000c170        0x0 linker stubs

.iplt           0x1000c170        0x0
 .iplt          0x1000c170        0x0 /home/sandra/.pico-sdk/toolchain/13_3_Rel1/bin/../lib/gcc/arm-none-eabi/13.3.1/thumb/v6-m/nofp/crtbegin.o

.rodata         0x1000c170      0xe28
 *(EXCLUDE_FILE(*libm.a: *libc.a:*lib_a-mem*.o *libgcc.a:) .rodata*)
 .rodata.main.str1.4
                0x1000c170      0x556 CMakeFiles/hexdump_test.dir/hexdump_test.cpp.o
                                0x1e9 (size before relaxing)
 .rodata._GLOBAL__sub_I__ZN10micro_test12tests_passedE.str1.4
                0x1000c6c6       0x25 CMakeFiles/hexdump_test.dir/hexdump_test.cpp.o
 .rodata.panic.str1.4
                0x1000c6c6       0x12 CMakeFiles/hexdump_test.dir/home/sandra/.pico-sdk/sdk/2.1.0/src/rp2_common/pico_platform_panic/panic.c.o
 .rodata.spin_lock_claim_unused.str1.4
                0x1000c6c6       0x1b CMakeFiles/hexdump_test.dir/home/sandra/.pico-sdk/sdk/2.1.0/src/rp2_common/hardware_sync/sync.c.o
 .rodata.user_irq_claim_unused.str1.4
                0x1000c6c6       0x1b CMakeFiles/hexdump_test.dir/home/sandra/.pico-sdk/sdk/2.1.0/src/rp2_common/hardware_irq/irq.c.o
 *fill*         0x1000c6c6        0x2 
 .rodata.at_the_end_of_time
                0x1000c6c8        0x8 CMakeFiles/hexdump_test.dir/home/sandra/.pico-sdk/sdk/2.1.0/src/common/pico_time/time.c.o
                0x1000c6c8                at_the_end_of_time
 .rodata.timer_hardware_alarm_claim.str1.4
                0x1000c6d0       0x22 CMakeFiles/hexdump_test.dir/home/sandra/.pico-sdk/sdk/2.1.0/src/rp2_common/hardware_timer/timer.c.o
 .rodata.hard_assertion_failure.str1.4
                0x1000c6d0        0xc CMakeFiles/hexdump_test.dir/home/sandra/.pico-sdk/sdk/2.1.0/src/rp2_common/pico_runtime/runtime.c.o
 .rodata.str1.4
                0x1000c6d0       0x44 CMakeFiles/hexdump_test.dir/home/sandra/.pico-sdk/sdk/2.1.0/src/rp2_common/pico_standard_binary_info/standard_binary_info.c.o
 .rodata.__bi_84
                0x1000c6d0        0xc CMakeFiles/hexdump_test.dir/home/sandra/.pico-sdk/sdk/2.1.0/src/rp2_common/pico_standard_binary_info/standard_binary_info.c.o
 .rodata.__bi_78
                0x1000c6dc        0xc CMakeFiles/hexdump_test.dir/home/sandra/.pico-sdk/sdk/2.1.0/src/rp2_common/pico_standard_binary_info/standard_binary_info.c.o
 .rodata.__bi_54
                0x1000c6e8        0xc CMakeFiles/hexdump_test.dir/home/sandra/.pico-sdk/sdk/2.1.0/src/rp2_common/pico_standard_binary_info/standard_binary_info.c.o
 .rodata.__bi_48
                0x1000c6f4        0xc CMakeFiles/hexdump_test.dir/home/sandra/.pico-sdk/sdk/2.1.0/src/rp2_common/pico_standard_binary_info/standard_binary_info.c.o
 .rodata.__bi_42
                0x1000c700        0xc CMakeFiles/hexdump_test.dir/home/sandra/.pico-sdk/sdk/2.1.0/src/rp2_common/pico_standard_binary_info/standard_binary_info.c.o
 .rodata.__bi_34
                0x1000c70c        0xc CMakeFiles/hexdump_test.dir/home/sandra/.pico-sdk/sdk/2.1.0/src/rp2_common/pico_standard_binary_info/standard_binary_info.c.o
 .rodata.__bi_26
                0x1000c718        0xc CMakeFiles/hexdump_test.dir/home/sandra/.pico-sdk/sdk/2.1.0/src/rp2_common/pico_standard_binary_info/standard_binary_info.c.o
 .rodata._ftoa.str1.4
                0x1000c724       0x15 CMakeFiles/hexdump_test.dir/home/sandra/.pico-sdk/sdk/2.1.0/src/rp2_common/pico_printf/printf.c.o
 .rodata._vsnprintf
                0x1000c724      0x19c CMakeFiles/hexdump_test.dir/home/sandra/.pico-sdk/sdk/2.1.0/src/rp2_common/pico_printf/printf.c.o
 .rodata.pow10.0
                0x1000c8c0       0x50 CMakeFiles/hexdump_test.dir/home/sandra/.pico-sdk/sdk/2.1.0/src/rp2_common/pico_printf/printf.c.o
 .rodata.__assert_func.str1.4
                0x1000c910       0x43 CMakeFiles/hexdump_test.dir/home/sandra/.pico-sdk/sdk/2.1.0/src/rp2_common/pico_clib_interface/newlib_interface.c.o
 .rodata.crlf_str.0
                0x1000c910        0x2 CMakeFiles/hexdump_test.dir/home/sandra/.pico-sdk/sdk/2.1.0/src/rp2_common/pico_stdio/stdio.c.o
 *fill*         0x1000c912        0x2 
 .rodata._resetd_driver
                0x1000c914       0x20 CMakeFiles/hexdump_test.dir/home/sandra/.pico-sdk/sdk/2.1.0/src/rp2_common/pico_stdio_usb/reset_interface.c.o
 .rodata.desc_ms_os_20
                0x1000c934       0xa6 CMakeFiles/hexdump_test.dir/home/sandra/.pico-sdk/sdk/2.1.0/src/rp2_common/pico_stdio_usb/reset_interface.c.o
 *fill*         0x1000c9da        0x2 
 .rodata.desc_bos
                0x1000c9dc       0x21 CMakeFiles/hexdump_test.dir/home/sandra/.pico-sdk/sdk/2.1.0/src/rp2_common/pico_stdio_usb/reset_interface.c.o
                0x1000c9dc                desc_bos
 .rodata.str1.4
                0x1000c9fd       0x13 CMakeFiles/hexdump_test.dir/home/sandra/.pico-sdk/sdk/2.1.0/src/rp2_common/pico_stdio_usb/stdio_usb.c.o
 *fill*         0x1000c9fd        0x3 
 .rodata.__bi_197.0
                0x1000ca00        0xc CMakeFiles/hexdump_test.dir/home/sandra/.pico-sdk/sdk/2.1.0/src/rp2_common/pico_stdio_usb/stdio_usb.c.o
 .rodata.str1.4
                0x1000ca0c       0x2a CMakeFiles/hexdump_test.dir/home/sandra/.pico-sdk/sdk/2.1.0/src/rp2_common/pico_stdio_usb/stdio_usb_descriptors.c.o
 .rodata.usbd_desc_str
                0x1000ca0c       0x18 CMakeFiles/hexdump_test.dir/home/sandra/.pico-sdk/sdk/2.1.0/src/rp2_common/pico_stdio_usb/stdio_usb_descriptors.c.o
 .rodata.usbd_desc_cfg
                0x1000ca24       0x54 CMakeFiles/hexdump_test.dir/home/sandra/.pico-sdk/sdk/2.1.0/src/rp2_common/pico_stdio_usb/stdio_usb_descriptors.c.o
 .rodata.usbd_desc_device
                0x1000ca78       0x12 CMakeFiles/hexdump_test.dir/home/sandra/.pico-sdk/sdk/2.1.0/src/rp2_common/pico_stdio_usb/stdio_usb_descriptors.c.o
 .rodata.str1.4
                0x1000ca8a       0x14 CMakeFiles/hexdump_test.dir/home/sandra/.pico-sdk/sdk/2.1.0/lib/tinyusb/src/portable/raspberrypi/rp2040/dcd_rp2040.c.o
 .rodata.str1.4
                0x1000ca8a       0x48 CMakeFiles/hexdump_test.dir/home/sandra/.pico-sdk/sdk/2.1.0/lib/tinyusb/src/portable/raspberrypi/rp2040/rp2040_usb.c.o
 *fill*         0x1000ca8a        0x2 
 .rodata.tud_task_ext
                0x1000ca8c       0x8c CMakeFiles/hexdump_test.dir/home/sandra/.pico-sdk/sdk/2.1.0/lib/tinyusb/src/device/usbd.c.o
 .rodata        0x1000cb18       0x1c CMakeFiles/hexdump_test.dir/home/sandra/.pico-sdk/sdk/2.1.0/lib/tinyusb/src/device/usbd.c.o
 .rodata._usbd_driver
                0x1000cb34       0x40 CMakeFiles/hexdump_test.dir/home/sandra/.pico-sdk/sdk/2.1.0/lib/tinyusb/src/device/usbd.c.o
 .rodata._ZN12_GLOBAL__N_16outputERKN6tflite4SpanIcEEPKcz.constprop.0.str1.4
                0x1000cb74        0x3 ../../libpico-tflmicro.a(hexdump.cpp.o)
 .rodata._ZN12_GLOBAL__N_16outputERKN6tflite4SpanIcEEPKcz.constprop.1.str1.4
                0x1000cb74        0x2 ../../libpico-tflmicro.a(hexdump.cpp.o)
 .rodata._ZN12_GLOBAL__N_16outputERKN6tflite4SpanIcEEPKcz.constprop.2.str1.4
                0x1000cb74        0x4 ../../libpico-tflmicro.a(hexdump.cpp.o)
 .rodata._ZN12_GLOBAL__N_16outputERKN6tflite4SpanIcEEPKcz.constprop.3.str1.4
                0x1000cb74        0x6 ../../libpico-tflmicro.a(hexdump.cpp.o)
 .rodata._ZN6tflite7hexdumpENS_4SpanIKSt4byteEENS0_IcEE.str1.4
                0x1000cb74       0x17 ../../libpico-tflmicro.a(hexdump.cpp.o)
 .rodata._ZN12_GLOBAL__N_19VDebugLogEPKcz.constprop.0.str1.4
                0x1000cb74        0x3 ../../libpico-tflmicro.a(micro_log.cpp.o)
 .rodata._vfprintf_r.str1.4
                0x1000cb74       0x42 /home/sandra/.pico-sdk/toolchain/13_3_Rel1/bin/../lib/gcc/arm-none-eabi/13.3.1/../../../../arm-none-eabi/lib/thumb/v6-m/nofp/libg.a(libc_a-vfprintf.o)
 .rodata._vfprintf_r
                0x1000cb74      0x204 /home/sandra/.pico-sdk/toolchain/13_3_Rel1/bin/../lib/gcc/arm-none-eabi/13.3.1/../../../../arm-none-eabi/lib/thumb/v6-m/nofp/libg.a(libc_a-vfprintf.o)
 .rodata.zeroes.0
                0x1000cd78       0x10 /home/sandra/.pico-sdk/toolchain/13_3_Rel1/bin/../lib/gcc/arm-none-eabi/13.3.1/../../../../arm-none-eabi/lib/thumb/v6-m/nofp/libg.a(libc_a-vfprintf.o)
 .rodata.blanks.1
                0x1000cd88       0x10 /home/sandra/.pico-sdk/toolchain/13_3_Rel1/bin/../lib/gcc/arm-none-eabi/13.3.1/../../../../arm-none-eabi/lib/thumb/v6-m/nofp/libg.a(libc_a-vfprintf.o)
 .rodata._dtoa_r.str1.4
                0x1000cd98       0x81 /home/sandra/.pico-sdk/toolchain/13_3_Rel1/bin/../lib/gcc/arm-none-eabi/13.3.1/../../../../arm-none-eabi/lib/thumb/v6-m/nofp/libg.a(libc_a-dtoa.o)
 .rodata._ctype_
                0x1000cd98      0x101 /home/sandra/.pico-sdk/toolchain/13_3_Rel1/bin/../lib/gcc/arm-none-eabi/13.3.1/../../../../arm-none-eabi/lib/thumb/v6-m/nofp/libg.a(libc_a-ctype_.o)
                0x1000cd98                _ctype_
 .rodata.str1.4
                0x1000ce99       0x4c /home/sandra/.pico-sdk/toolchain/13_3_Rel1/bin/../lib/gcc/arm-none-eabi/13.3.1/../../../../arm-none-eabi/lib/thumb/v6-m/nofp/libg.a(libc_a-locale.o)
 .rodata.__multadd.str1.4
                0x1000ce99       0x6e /home/sandra/.pico-sdk/toolchain/13_3_Rel1/bin/../lib/gcc/arm-none-eabi/13.3.1/../../../../arm-none-eabi/lib/thumb/v6-m/nofp/libg.a(libc_a-mprec.o)
 *fill*         0x1000ce99        0x3 
 .rodata.p05.0  0x1000ce9c        0xc /home/sandra/.pico-sdk/toolchain/13_3_Rel1/bin/../lib/gcc/arm-none-eabi/13.3.1/../../../../arm-none-eabi/lib/thumb/v6-m/nofp/libg.a(libc_a-mprec.o)
 .rodata.__mprec_bigtens
                0x1000cea8       0x28 /home/sandra/.pico-sdk/toolchain/13_3_Rel1/bin/../lib/gcc/arm-none-eabi/13.3.1/../../../../arm-none-eabi/lib/thumb/v6-m/nofp/libg.a(libc_a-mprec.o)
                0x1000cea8                __mprec_bigtens
 .rodata.__mprec_tens
                0x1000ced0       0xc8 /home/sandra/.pico-sdk/toolchain/13_3_Rel1/bin/../lib/gcc/arm-none-eabi/13.3.1/../../../../arm-none-eabi/lib/thumb/v6-m/nofp/libg.a(libc_a-mprec.o)
                0x1000ced0                __mprec_tens
                0x1000cf98                        . = ALIGN (0x4)
 *(SORT_BY_ALIGNMENT(SORT_BY_NAME(.flashdata*)))
                0x1000cf98                        . = ALIGN (0x4)

.ARM.extab
 *(.ARM.extab* .gnu.linkonce.armextab.*)
                0x1000cf98                        __exidx_start = .

.ARM.exidx
 *(.ARM.exidx* .gnu.linkonce.armexidx.*)
                0x1000cf98                        __exidx_end = .
                0x1000cf98                        . = ALIGN (0x4)
                0x1000cf98                        __binary_info_start = .

.binary_info    0x1000cf98       0x20
 *(.binary_info.keep.*)
 .binary_info.keep.__bi_ptr84
                0x1000cf98        0x4 CMakeFiles/hexdump_test.dir/home/sandra/.pico-sdk/sdk/2.1.0/src/rp2_common/pico_standard_binary_info/standard_binary_info.c.o
 .binary_info.keep.__bi_ptr78
                0x1000cf9c        0x4 CMakeFiles/hexdump_test.dir/home/sandra/.pico-sdk/sdk/2.1.0/src/rp2_common/pico_standard_binary_info/standard_binary_info.c.o
 .binary_info.keep.__bi_ptr54
                0x1000cfa0        0x4 CMakeFiles/hexdump_test.dir/home/sandra/.pico-sdk/sdk/2.1.0/src/rp2_common/pico_standard_binary_info/standard_binary_info.c.o
 .binary_info.keep.__bi_ptr48
                0x1000cfa4        0x4 CMakeFiles/hexdump_test.dir/home/sandra/.pico-sdk/sdk/2.1.0/src/rp2_common/pico_standard_binary_info/standard_binary_info.c.o
 .binary_info.keep.__bi_ptr42
                0x1000cfa8        0x4 CMakeFiles/hexdump_test.dir/home/sandra/.pico-sdk/sdk/2.1.0/src/rp2_common/pico_standard_binary_info/standard_binary_info.c.o
 .binary_info.keep.__bi_ptr34
                0x1000cfac        0x4 CMakeFiles/hexdump_test.dir/home/sandra/.pico-sdk/sdk/2.1.0/src/rp2_common/pico_standard_binary_info/standard_binary_info.c.o
 .binary_info.keep.__bi_ptr26
                0x1000cfb0        0x4 CMakeFiles/hexdump_test.dir/home/sandra/.pico-sdk/sdk/2.1.0/src/rp2_common/pico_standard_binary_info/standard_binary_info.c.o
 *(.binary_info.*)
 .binary_info.__bi_ptr197
                0x1000cfb4        0x4 CMakeFiles/hexdump_test.dir/home/sandra/.pico-sdk/sdk/2.1.0/src/rp2_common/pico_stdio_usb/stdio_usb.c.o
                0x1000cfb8                        __binary_info_end = .

.rel.dyn        0x1000cfb8        0x0
 .rel.iplt      0x1000cfb8        0x0 /home/sandra/.pico-sdk/toolchain/13_3_Rel1/bin/../lib/gcc/arm-none-eabi/13.3.1/thumb/v6-m/nofp/crtbegin.o
                0x1000cfb8                        . = ALIGN (0x4)

.ram_vector_table
                0x20000000       0xc0
 *(.ram_vector_table)
 .ram_vector_table
                0x20000000       0xc0 CMakeFiles/hexdump_test.dir/home/sandra/.pico-sdk/sdk/2.1.0/src/rp2_common/pico_runtime_init/runtime_init.c.o
                0x20000000                ram_vector_table

.uninitialized_data
                0x200000c0        0x0
                0x200000c0                        . = ALIGN (0x4)
 *(.uninitialized_data*)

.data           0x200000c0     0x167c load address 0x1000cfb8
                0x200000c0                        __data_start__ = .
 *(vtable)
 *(.time_critical*)
 .time_critical.mutex_try_enter
                0x200000c0       0x40 CMakeFiles/hexdump_test.dir/home/sandra/.pico-sdk/sdk/2.1.0/src/common/pico_sync/mutex.c.o
                0x200000c0                mutex_try_enter
 .time_critical.mutex_try_enter_block_until
                0x20000100       0x9c CMakeFiles/hexdump_test.dir/home/sandra/.pico-sdk/sdk/2.1.0/src/common/pico_sync/mutex.c.o
                0x20000100                mutex_try_enter_block_until
 .time_critical.mutex_enter_timeout_ms
                0x2000019c       0x90 CMakeFiles/hexdump_test.dir/home/sandra/.pico-sdk/sdk/2.1.0/src/common/pico_sync/mutex.c.o
                0x2000019c                mutex_enter_timeout_ms
 .time_critical.mutex_exit
                0x2000022c       0x28 CMakeFiles/hexdump_test.dir/home/sandra/.pico-sdk/sdk/2.1.0/src/common/pico_sync/mutex.c.o
                0x2000022c                mutex_exit
 .time_critical.flash_init_boot2_copyout
                0x20000254       0x30 CMakeFiles/hexdump_test.dir/home/sandra/.pico-sdk/sdk/2.1.0/src/rp2_common/hardware_flash/flash.c.o
 .time_critical.flash_enable_xip_via_boot2
                0x20000284        0xc CMakeFiles/hexdump_test.dir/home/sandra/.pico-sdk/sdk/2.1.0/src/rp2_common/hardware_flash/flash.c.o
 .time_critical.flash_cs_force
                0x20000290       0x38 CMakeFiles/hexdump_test.dir/home/sandra/.pico-sdk/sdk/2.1.0/src/rp2_common/hardware_flash/flash.c.o
 .time_critical.flash_do_cmd
                0x200002c8       0xc0 CMakeFiles/hexdump_test.dir/home/sandra/.pico-sdk/sdk/2.1.0/src/rp2_common/hardware_flash/flash.c.o
                0x200002c8                flash_do_cmd
 .time_critical.reset_non_control_endpoints
                0x20000388       0x68 CMakeFiles/hexdump_test.dir/home/sandra/.pico-sdk/sdk/2.1.0/lib/tinyusb/src/portable/raspberrypi/rp2040/dcd_rp2040.c.o
 .time_critical.hw_handle_buff_status