Archive member included to satisfy reference by file (symbol)

../../libpico-tflmicro.a(kernel_util.cpp.o)
                              CMakeFiles/memory_helpers_test.dir/memory_helpers_test.cpp.o (tflite::TfLiteTypeGetSize(TfLiteType))
../../libpico-tflmicro.a(memory_helpers.cpp.o)
                              CMakeFiles/memory_helpers_test.dir/memory_helpers_test.cpp.o (tflite::AlignPointerUp(unsigned char*, unsigned int))
../../libpico-tflmicro.a(micro_log.cpp.o)
                              CMakeFiles/memory_helpers_test.dir/memory_helpers_test.cpp.o (MicroPrintf(char const*, ...))
../../libpico-tflmicro.a(micro_utils.cpp.o)
                              CMakeFiles/memory_helpers_test.dir/memory_helpers_test.cpp.o (tflite::ElementCount(TfLiteIntArray const&))
../../libpico-tflmicro.a(system_setup.cpp.o)
                              CMakeFiles/memory_helpers_test.dir/memory_helpers_test.cpp.o (tflite::InitializeTarget())
../../libpico-tflmicro.a(test_helpers.cpp.o)
                              CMakeFiles/memory_helpers_test.dir/memory_helpers_test.cpp.o (tflite::testing::IntArrayFromInts(int const*))
../../libpico-tflmicro.a(flatbuffer_conversions_bridge.cpp.o)
                              ../../libpico-tflmicro.a(memory_helpers.cpp.o) (tflite::ConvertTensorType(tflite::TensorType, TfLiteType*))
../../libpico-tflmicro.a(micro_error_reporter.cpp.o)
                              ../../libpico-tflmicro.a(flatbuffer_conversions_bridge.cpp.o) (tflite::GetMicroErrorReporter())
../../libpico-tflmicro.a(flatbuffer_conversions.cpp.o)
                              ../../libpico-tflmicro.a(flatbuffer_conversions_bridge.cpp.o) (tflite::ConvertTensorType(tflite::TensorType, TfLiteType*, tflite::ErrorReporter*))
../../libpico-tflmicro.a(common.cpp.o)
                              ../../libpico-tflmicro.a(memory_helpers.cpp.o) (TfLiteIntArrayGetSizeInBytes)
../../libpico-tflmicro.a(quantization_util.cpp.o)
                              ../../libpico-tflmicro.a(kernel_util.cpp.o) (tflite::QuantizeMultiplier(double, long*, int*))
../../libpico-tflmicro.a(tensor_ctypes.cpp.o)
                              ../../libpico-tflmicro.a(memory_helpers.cpp.o) (tflite::GetTensorShape(TfLiteTensor const*))
../../libpico-tflmicro.a(if.cpp.o)
                              ../../libpico-tflmicro.a(test_helpers.cpp.o) (tflite::Register_IF())
../../libpico-tflmicro.a(kernel_util.cpp.o)
                              ../../libpico-tflmicro.a(if.cpp.o) (tflite::micro::RegisterOp(void* (*)(TfLiteContext*, char const*, unsigned int), TfLiteStatus (*)(TfLiteContext*, TfLiteNode*), TfLiteStatus (*)(TfLiteContext*, TfLiteNode*), void (*)(TfLiteContext*, void*), void (*)(TfLiteContext*, void*)))
../../libpico-tflmicro.a(micro_context.cpp.o)
                              ../../libpico-tflmicro.a(test_helpers.cpp.o) (tflite::MicroContext::AllocateTempInputTensor(TfLiteNode const*, int))
../../libpico-tflmicro.a(test_helper_custom_ops.cpp.o)
                              ../../libpico-tflmicro.a(test_helpers.cpp.o) (tflite::testing::PackerOp::GetMutableRegistration())
../../libpico-tflmicro.a(error_reporter.cpp.o)
                              ../../libpico-tflmicro.a(flatbuffer_conversions.cpp.o) (tflite::ErrorReporter::Report(char const*, ...))
../../libpico-tflmicro.a(portable_tensor_utils.cpp.o)
                              ../../libpico-tflmicro.a(kernel_util.cpp.o) (tflite::tensor_utils::UnpackDenseInt4IntoInt8(signed char const*, int, signed char*))
/home/sandra/.pico-sdk/toolchain/13_3_Rel1/bin/../lib/gcc/arm-none-eabi/13.3.1/../../../../arm-none-eabi/lib/thumb/v6-m/nofp/libstdc++.a(guard.o)
                              ../../libpico-tflmicro.a(test_helpers.cpp.o) (__cxa_guard_acquire)
/home/sandra/.pico-sdk/toolchain/13_3_Rel1/bin/../lib/gcc/arm-none-eabi/13.3.1/../../../../arm-none-eabi/lib/thumb/v6-m/nofp/libstdc++.a(guard_error.o)
                              /home/sandra/.pico-sdk/toolchain/13_3_Rel1/bin/../lib/gcc/arm-none-eabi/13.3.1/../../../../arm-none-eabi/lib/thumb/v6-m/nofp/libstdc++.a(guard.o) (__gnu_cxx::recursive_init_error::~recursive_init_error())
/home/sandra/.pico-sdk/toolchain/13_3_Rel1/bin/../lib/gcc/arm-none-eabi/13.3.1/../../../../arm-none-eabi/lib/thumb/v6-m/nofp/libstdc++.a(si_class_type_info.o)
                              /home/sandra/.pico-sdk/toolchain/13_3_Rel1/bin/../lib/gcc/arm-none-eabi/13.3.1/../../../../arm-none-eabi/lib/thumb/v6-m/nofp/libstdc++.a(guard_error.o) (vtable for __cxxabiv1::__si_class_type_info)
/home/sandra/.pico-sdk/toolchain/13_3_Rel1/bin/../lib/gcc/arm-none-eabi/13.3.1/../../../../arm-none-eabi/lib/thumb/v6-m/nofp/libstdc++.a(tinfo.o)
                              /home/sandra/.pico-sdk/toolchain/13_3_Rel1/bin/../lib/gcc/arm-none-eabi/13.3.1/../../../../arm-none-eabi/lib/thumb/v6-m/nofp/libstdc++.a(si_class_type_info.o) (std::type_info::__is_pointer_p() const)
[...]
Memory Configuration

Name             Origin             Length             Attributes
FLASH            0x10000000         0x00200000         xr
RAM              0x20000000         0x00040000         xrw
SCRATCH_X        0x20040000         0x00001000         xrw
SCRATCH_Y        0x20041000         0x00001000         xrw
*default*        0x00000000         0xffffffff

Linker script and memory map

LOAD /home/sandra/.pico-sdk/toolchain/13_3_Rel1/bin/../lib/gcc/arm-none-eabi/13.3.1/thumb/v6-m/nofp/crti.o
LOAD /home/sandra/.pico-sdk/toolchain/13_3_Rel1/bin/../lib/gcc/arm-none-eabi/13.3.1/thumb/v6-m/nofp/crtbegin.o
LOAD /home/sandra/.pico-sdk/toolchain/13_3_Rel1/bin/../lib/gcc/arm-none-eabi/13.3.1/../../../../arm-none-eabi/lib/thumb/v6-m/nofp/crt0.o

.flash_begin    0x10000000        0x0
                0x10000000                        __flash_binary_start = .

.boot2          0x10000000      0x100
                0x10000000                        __boot2_start__ = .
 *(.boot2)
 .boot2         0x10000000      0x100 ../../pico-sdk/src/rp2040/boot_stage2/CMakeFiles/bs2_default_library.dir/bs2_default_padded_checksummed.S.o
                0x10000100                        __boot2_end__ = .
                0x00000001                        ASSERT (((__boot2_end__ - __boot2_start__) == 0x100), ERROR: Pico second stage bootloader must be 256 bytes in size)

.text           0x10000100    0x16040
                0x10000100                        __logical_binary_start = .
 *(.vectors)
 .vectors       0x10000100       0xd4 CMakeFiles/memory_helpers_test.dir/home/sandra/.pico-sdk/sdk/2.1.0/src/rp2_common/pico_crt0/crt0.S.o
                0x10000100                __vectors
                0x10000100                __VECTOR_TABLE
                0x100001c0                isr_invalid
                0x100001c0                __default_isrs_start
                0x100001c2                isr_nmi
                0x100001c4                isr_hardfault
                0x100001c6                isr_svcall
                0x100001c8                isr_pendsv
                0x100001ca                isr_systick
                0x100001cc                isr_irq30
                0x100001cc                __unhandled_user_irq
                0x100001cc                isr_irq13
                0x100001cc                isr_irq27
                0x100001cc                isr_irq31
                0x100001cc                isr_irq5
                0x100001cc                isr_irq11
                0x100001cc                isr_irq23
                0x100001cc                isr_irq18
                0x100001cc                isr_irq28
                0x100001cc                isr_irq19
                0x100001cc                isr_irq0
                0x100001cc                isr_irq6
                0x100001cc                isr_irq22
                0x100001cc                isr_irq17
                0x100001cc                isr_irq14
                0x100001cc                isr_irq2
                0x100001cc                isr_irq10
                0x100001cc                isr_irq8
                0x100001cc                isr_irq24
                0x100001cc                isr_irq1
                0x100001cc                isr_irq7
                0x100001cc                isr_irq21
                0x100001cc                isr_irq20
                0x100001cc                isr_irq15
                0x100001cc                isr_irq25
                0x100001cc                isr_irq4
                0x100001cc                isr_irq16
                0x100001cc                isr_irq29
                0x100001cc                isr_irq26
                0x100001cc                __default_isrs_end
                0x100001cc                isr_irq3
                0x100001cc                isr_irq12
                0x100001cc                isr_irq9
                0x100001d2                unhandled_user_irq_num_in_r0
 *(.binary_info_header)
 .binary_info_header
                0x100001d4       0x14 CMakeFiles/memory_helpers_test.dir/home/sandra/.pico-sdk/sdk/2.1.0/src/rp2_common/pico_crt0/crt0.S.o
                0x100001e8                        __binary_info_header_end = .
 *(.embedded_block)
                0x100001e8                        __embedded_block_end = .
 *(.reset)
 .reset         0x100001e8       0x9c CMakeFiles/memory_helpers_test.dir/home/sandra/.pico-sdk/sdk/2.1.0/src/rp2_common/pico_crt0/crt0.S.o
                0x100001e8                _entry_point
 *(.init)
 .init          0x10000284        0x4 /home/sandra/.pico-sdk/toolchain/13_3_Rel1/bin/../lib/gcc/arm-none-eabi/13.3.1/thumb/v6-m/nofp/crti.o
                0x10000284                _init
 *(EXCLUDE_FILE(*libm.a: *libc.a:*lib_a-mem*.o *libgcc.a:) .text*)
 .text.register_tm_clones
                0x10000288       0x28 /home/sandra/.pico-sdk/toolchain/13_3_Rel1/bin/../lib/gcc/arm-none-eabi/13.3.1/thumb/v6-m/nofp/crtbegin.o
 .text.frame_dummy
                0x100002b0       0x24 /home/sandra/.pico-sdk/toolchain/13_3_Rel1/bin/../lib/gcc/arm-none-eabi/13.3.1/thumb/v6-m/nofp/crtbegin.o
 .text._ZN12_GLOBAL__N_128FakeAllocatePersistentBufferEP13TfLiteContextj
                0x100002d4        0x8 CMakeFiles/memory_helpers_test.dir/memory_helpers_test.cpp.o
 .text.startup.main
                0x100002dc      0xd48 CMakeFiles/memory_helpers_test.dir/memory_helpers_test.cpp.o
                0x100002dc                main
 .text.rp2040_chip_version
                0x10001024        0xc CMakeFiles/memory_helpers_test.dir/home/sandra/.pico-sdk/sdk/2.1.0/src/rp2040/pico_platform/platform.c.o
                0x10001024                rp2040_chip_version
 .text.panic    0x10001030       0x30 CMakeFiles/memory_helpers_test.dir/home/sandra/.pico-sdk/sdk/2.1.0/src/rp2_common/pico_platform_panic/panic.c.o
                0x10001030                panic
 .text.hw_claim_or_assert
                0x10001060       0x44 CMakeFiles/memory_helpers_test.dir/home/sandra/.pico-sdk/sdk/2.1.0/src/common/hardware_claim/claim.c.o
                0x10001060                hw_claim_or_assert
 .text.hw_claim_unused_from_range
                0x100010a4       0x9c CMakeFiles/memory_helpers_test.dir/home/sandra/.pico-sdk/sdk/2.1.0/src/common/hardware_claim/claim.c.o
                0x100010a4                hw_claim_unused_from_range
 .text.next_striped_spin_lock_num
                0x10001140       0x18 CMakeFiles/memory_helpers_test.dir/home/sandra/.pico-sdk/sdk/2.1.0/src/rp2_common/hardware_sync/sync.c.o
                0x10001140                next_striped_spin_lock_num
 .text.spin_lock_claim_unused
                0x10001158       0x24 CMakeFiles/memory_helpers_test.dir/home/sandra/.pico-sdk/sdk/2.1.0/src/rp2_common/hardware_sync/sync.c.o
                0x10001158                spin_lock_claim_unused
 .text.spin_locks_reset
                0x1000117c       0x1c CMakeFiles/memory_helpers_test.dir/home/sandra/.pico-sdk/sdk/2.1.0/src/rp2_common/hardware_sync_spin_lock/sync_spin_lock.c.o
                0x1000117c                spin_locks_reset
 .text.runtime_init_per_core_irq_priorities
                0x10001198       0x24 CMakeFiles/memory_helpers_test.dir/home/sandra/.pico-sdk/sdk/2.1.0/src/rp2_common/hardware_irq/irq.c.o
                0x10001198                runtime_init_per_core_irq_priorities
 .text.irq_set_enabled
                0x100011bc       0x24 CMakeFiles/memory_helpers_test.dir/home/sandra/.pico-sdk/sdk/2.1.0/src/rp2_common/hardware_irq/irq.c.o
                0x100011bc                irq_set_enabled
 .text.irq_is_enabled
                0x100011e0       0x18 CMakeFiles/memory_helpers_test.dir/home/sandra/.pico-sdk/sdk/2.1.0/src/rp2_common/hardware_irq/irq.c.o
                0x100011e0                irq_is_enabled
 .text.irq_set_pending
                0x100011f8       0x10 CMakeFiles/memory_helpers_test.dir/home/sandra/.pico-sdk/sdk/2.1.0/src/rp2_common/hardware_irq/irq.c.o
                0x100011f8                irq_set_pending
 .text.irq_has_shared_handler
                0x10001208       0x2c CMakeFiles/memory_helpers_test.dir/home/sandra/.pico-sdk/sdk/2.1.0/src/rp2_common/hardware_irq/irq.c.o
                0x10001208                irq_has_shared_handler
 .text.irq_set_exclusive_handler
                0x10001234       0x54 CMakeFiles/memory_helpers_test.dir/home/sandra/.pico-sdk/sdk/2.1.0/src/rp2_common/hardware_irq/irq.c.o
                0x10001234                irq_set_exclusive_handler
 .text.irq_add_shared_handler
                0x10001288      0x1f4 CMakeFiles/memory_helpers_test.dir/home/sandra/.pico-sdk/sdk/2.1.0/src/rp2_common/hardware_irq/irq.c.o
                0x10001288                irq_add_shared_handler
 .text.irq_add_tail_to_free_list
                0x1000147c       0xb4 CMakeFiles/memory_helpers_test.dir/home/sandra/.pico-sdk/sdk/2.1.0/src/rp2_common/hardware_irq/irq.c.o
                0x1000147c                irq_add_tail_to_free_list
 .text.user_irq_claim_unused
                0x10001530       0x2c CMakeFiles/memory_helpers_test.dir/home/sandra/.pico-sdk/sdk/2.1.0/src/rp2_common/hardware_irq/irq.c.o
                0x10001530                user_irq_claim_unused
 .text.lock_init
                0x1000155c       0x10 CMakeFiles/memory_helpers_test.dir/home/sandra/.pico-sdk/sdk/2.1.0/src/common/pico_sync/lock_core.c.o
                0x1000155c                lock_init
 .text.runtime_init_mutex
                0x1000156c       0x50 CMakeFiles/memory_helpers_test.dir/home/sandra/.pico-sdk/sdk/2.1.0/src/common/pico_sync/mutex.c.o
                0x1000156c                runtime_init_mutex
 .text.mutex_init
                0x100015bc       0x1c CMakeFiles/memory_helpers_test.dir/home/sandra/.pico-sdk/sdk/2.1.0/src/common/pico_sync/mutex.c.o
                0x100015bc                mutex_init
 .text.critical_section_init
                0x100015d8       0x1c CMakeFiles/memory_helpers_test.dir/home/sandra/.pico-sdk/sdk/2.1.0/src/common/pico_sync/critical_section.c.o
                0x100015d8                critical_section_init
 .text.critical_section_init_with_lock_num
                0x100015f4       0x14 CMakeFiles/memory_helpers_test.dir/home/sandra/.pico-sdk/sdk/2.1.0/src/common/pico_sync/critical_section.c.o
                0x100015f4                critical_section_init_with_lock_num
 .text.sleep_until_callback
                0x10001608       0x30 CMakeFiles/memory_helpers_test.dir/home/sandra/.pico-sdk/sdk/2.1.0/src/common/pico_time/time.c.o
 .text.alarm_pool_irq_handler
                0x10001638      0x2fc CMakeFiles/memory_helpers_test.dir/home/sandra/.pico-sdk/sdk/2.1.0/src/common/pico_time/time.c.o
 .text.runtime_init_default_alarm_pool
                0x10001934       0xdc CMakeFiles/memory_helpers_test.dir/home/sandra/.pico-sdk/sdk/2.1.0/src/common/pico_time/time.c.o
                0x10001934                runtime_init_default_alarm_pool
 .text.alarm_pool_get_default
                0x10001a10        0x8 CMakeFiles/memory_helpers_test.dir/home/sandra/.pico-sdk/sdk/2.1.0/src/common/pico_time/time.c.o
                0x10001a10                alarm_pool_get_default
 .text.alarm_pool_add_alarm_at
                0x10001a18       0xd4 CMakeFiles/memory_helpers_test.dir/home/sandra/.pico-sdk/sdk/2.1.0/src/common/pico_time/time.c.o
                0x10001a18                alarm_pool_add_alarm_at
 .text.alarm_pool_add_alarm_at_force_in_context
                0x10001aec       0xb0 CMakeFiles/memory_helpers_test.dir/home/sandra/.pico-sdk/sdk/2.1.0/src/common/pico_time/time.c.o
                0x10001aec                alarm_pool_add_alarm_at_force_in_context
 .text.alarm_pool_cancel_alarm
                0x10001b9c       0x74 CMakeFiles/memory_helpers_test.dir/home/sandra/.pico-sdk/sdk/2.1.0/src/common/pico_time/time.c.o
                0x10001b9c                alarm_pool_cancel_alarm
 .text.alarm_pool_core_num
                0x10001c10        0x4 CMakeFiles/memory_helpers_test.dir/home/sandra/.pico-sdk/sdk/2.1.0/src/common/pico_time/time.c.o
                0x10001c10                alarm_pool_core_num
 .text.best_effort_wfe_or_timeout
                0x10001c14       0xe0 CMakeFiles/memory_helpers_test.dir/home/sandra/.pico-sdk/sdk/2.1.0/src/common/pico_time/time.c.o
                0x10001c14                best_effort_wfe_or_timeout
 .text.timer_hardware_alarm_claim
                0x10001cf4       0x14 CMakeFiles/memory_helpers_test.dir/home/sandra/.pico-sdk/sdk/2.1.0/src/rp2_common/hardware_timer/timer.c.o
                0x10001cf4                timer_hardware_alarm_claim
 .text.timer_time_us_64
                0x10001d08       0x10 CMakeFiles/memory_helpers_test.dir/home/sandra/.pico-sdk/sdk/2.1.0/src/rp2_common/hardware_timer/timer.c.o
                0x10001d08                timer_time_us_64
 .text.time_us_64
                0x10001d18       0x14 CMakeFiles/memory_helpers_test.dir/home/sandra/.pico-sdk/sdk/2.1.0/src/rp2_common/hardware_timer/timer.c.o
                0x10001d18                time_us_64
 .text.busy_wait_us
                0x10001d2c       0x68 CMakeFiles/memory_helpers_test.dir/home/sandra/.pico-sdk/sdk/2.1.0/src/rp2_common/hardware_timer/timer.c.o
                0x10001d2c                busy_wait_us
 .text.clock_configure_int_divider
                0x10001d94       0xf4 CMakeFiles/memory_helpers_test.dir/home/sandra/.pico-sdk/sdk/2.1.0/src/rp2_common/hardware_clocks/clocks.c.o
                0x10001d94                clock_configure_int_divider
 .text.clock_configure_undivided
                0x10001e88       0xe8 CMakeFiles/memory_helpers_test.dir/home/sandra/.pico-sdk/sdk/2.1.0/src/rp2_common/hardware_clocks/clocks.c.o
                0x10001e88                clock_configure_undivided
 .text.clock_get_hz
                0x10001f70        0xc CMakeFiles/memory_helpers_test.dir/home/sandra/.pico-sdk/sdk/2.1.0/src/rp2_common/hardware_clocks/clocks.c.o
                0x10001f70                clock_get_hz
 .text.pll_init
                0x10001f7c       0xa4 CMakeFiles/memory_helpers_test.dir/home/sandra/.pico-sdk/sdk/2.1.0/src/rp2_common/hardware_pll/pll.c.o
                0x10001f7c                pll_init
 .text.watchdog_reboot
                0x10002020       0x9c CMakeFiles/memory_helpers_test.dir/home/sandra/.pico-sdk/sdk/2.1.0/src/rp2_common/hardware_watchdog/watchdog.c.o
                0x10002020                watchdog_reboot
 .text.tick_start
                0x100020bc       0x10 CMakeFiles/memory_helpers_test.dir/home/sandra/.pico-sdk/sdk/2.1.0/src/rp2_common/hardware_ticks/ticks.c.o
                0x100020bc                tick_start
 .text.rom_func_lookup
                0x100020cc       0x10 CMakeFiles/memory_helpers_test.dir/home/sandra/.pico-sdk/sdk/2.1.0/src/rp2_common/pico_bootrom/bootrom.c.o
                0x100020cc                rom_func_lookup
 .text.rom_data_lookup
                0x100020dc       0x10 CMakeFiles/memory_helpers_test.dir/home/sandra/.pico-sdk/sdk/2.1.0/src/rp2_common/pico_bootrom/bootrom.c.o
                0x100020dc                rom_data_lookup
 .text.rom_funcs_lookup
                0x100020ec       0x44 CMakeFiles/memory_helpers_test.dir/home/sandra/.pico-sdk/sdk/2.1.0/src/rp2_common/pico_bootrom/bootrom.c.o
                0x100020ec                rom_funcs_lookup
 .text.rom_reset_usb_boot_extra
                0x10002130       0x28 CMakeFiles/memory_helpers_test.dir/home/sandra/.pico-sdk/sdk/2.1.0/src/rp2_common/pico_bootrom/bootrom.c.o
                0x10002130                rom_reset_usb_boot_extra
 .text.xosc_init
                0x10002158       0x28 CMakeFiles/memory_helpers_test.dir/home/sandra/.pico-sdk/sdk/2.1.0/src/rp2_common/hardware_xosc/xosc.c.o
                0x10002158                xosc_init
 .text.first_per_core_initializer
                0x10002180        0x4 CMakeFiles/memory_helpers_test.dir/home/sandra/.pico-sdk/sdk/2.1.0/src/rp2_common/pico_runtime/runtime.c.o
 .text.hard_assertion_failure
                0x10002184        0xc CMakeFiles/memory_helpers_test.dir/home/sandra/.pico-sdk/sdk/2.1.0/src/rp2_common/pico_runtime/runtime.c.o
                0x10002184                hard_assertion_failure
 .text.runtime_run_initializers
                0x10002190       0x28 CMakeFiles/memory_helpers_test.dir/home/sandra/.pico-sdk/sdk/2.1.0/src/rp2_common/pico_runtime/runtime.c.o
                0x10002190                runtime_run_initializers
 .text.runtime_init_early_resets
                0x100021b8       0x2c CMakeFiles/memory_helpers_test.dir/home/sandra/.pico-sdk/sdk/2.1.0/src/rp2_common/pico_runtime_init/runtime_init.c.o
                0x100021b8                runtime_init_early_resets
 .text.runtime_init_usb_power_down
                0x100021e4       0x1c CMakeFiles/memory_helpers_test.dir/home/sandra/.pico-sdk/sdk/2.1.0/src/rp2_common/pico_runtime_init/runtime_init.c.o
                0x100021e4                runtime_init_usb_power_down
 .text.runtime_init_post_clock_resets
                0x10002200       0x20 CMakeFiles/memory_helpers_test.dir/home/sandra/.pico-sdk/sdk/2.1.0/src/rp2_common/pico_runtime_init/runtime_init.c.o
                0x10002200                runtime_init_post_clock_resets
 .text.runtime_init_rp2040_gpio_ie_disable
                0x10002220       0x14 CMakeFiles/memory_helpers_test.dir/home/sandra/.pico-sdk/sdk/2.1.0/src/rp2_common/pico_runtime_init/runtime_init.c.o
                0x10002220                runtime_init_rp2040_gpio_ie_disable
 .text.runtime_init_spin_locks_reset
                0x10002234        0x8 CMakeFiles/memory_helpers_test.dir/home/sandra/.pico-sdk/sdk/2.1.0/src/rp2_common/pico_runtime_init/runtime_init.c.o
                0x10002234                runtime_init_spin_locks_reset
 .text.runtime_init_install_ram_vector_table
                0x1000223c       0x1c CMakeFiles/memory_helpers_test.dir/home/sandra/.pico-sdk/sdk/2.1.0/src/rp2_common/pico_runtime_init/runtime_init.c.o
                0x1000223c                runtime_init_install_ram_vector_table
 .text.runtime_init_clocks
                0x10002258       0xd8 CMakeFiles/memory_helpers_test.dir/home/sandra/.pico-sdk/sdk/2.1.0/src/rp2_common/pico_runtime_init/runtime_init_clocks.c.o
                0x10002258                runtime_init_clocks
 .text          0x10002330       0x10 CMakeFiles/memory_helpers_test.dir/home/sandra/.pico-sdk/sdk/2.1.0/src/rp2_common/pico_bit_ops/bit_ops_aeabi.S.o
 .text.__wrap___aeabi_idiv
                0x10002340       0x50 CMakeFiles/memory_helpers_test.dir/home/sandra/.pico-sdk/sdk/2.1.0/src/rp2_common/pico_divider/divider_hardware.S.o
                0x10002340                __wrap___aeabi_idivmod
                0x10002340                divmod_s32s32
                0x10002340                div_s32s32
                0x10002340                __wrap___aeabi_idiv
                0x10002348                divmod_s32s32_unsafe
                0x10002374                divmod_s32s32_savestate
 .text.__wrap___aeabi_uidiv
                0x10002390       0x4c CMakeFiles/memory_helpers_test.dir/home/sandra/.pico-sdk/sdk/2.1.0/src/rp2_common/pico_divider/divider_hardware.S.o
                0x10002390                __wrap___aeabi_uidiv
                0x10002390                __wrap___aeabi_uidivmod
                0x10002390                div_u32u32
                0x10002390                divmod_u32u32
                0x10002398                divmod_u32u32_unsafe
                0x100023c0                divmod_u32u32_savestate
 .text.__wrap___aeabi_ldiv
                0x100023dc      0x424 CMakeFiles/memory_helpers_test.dir/home/sandra/.pico-sdk/sdk/2.1.0/src/rp2_common/pico_divider/divider_hardware.S.o
                0x100023dc                div_s64s64
                0x100023dc                divmod_s64s64
                0x100023dc                __wrap___aeabi_ldivmod
                0x1000240c                div_u64u64
                0x1000240c                divmod_u64u64
                0x1000240c                __wrap___aeabi_uldivmod
                0x1000241c                divmod_u64u64_savestate
                0x1000243c                divmod_s64s64_unsafe
                0x100024c4                divmod_u64u64_unsafe
 .text.__wrap___aeabi_darithmetic
                0x10002800       0x80 CMakeFiles/memory_helpers_test.dir/home/sandra/.pico-sdk/sdk/2.1.0/src/rp2_common/pico_double/double_aeabi_rp2040.S.o
                0x10002800                __wrap___aeabi_drsub
                0x10002806                __wrap___aeabi_dsub
                0x10002818                __wrap___aeabi_dadd
                0x1000282a                __wrap___aeabi_ddiv
                0x10002866                __wrap___aeabi_dmul
 .text.__wrap___aeabi_cdcmple
                0x10002880       0x6c CMakeFiles/memory_helpers_test.dir/home/sandra/.pico-sdk/sdk/2.1.0/src/rp2_common/pico_double/double_aeabi_rp2040.S.o
                0x10002880                __wrap___aeabi_cdrcmple
                0x10002890                __wrap___aeabi_cdcmple
                0x10002890                __wrap___aeabi_cdcmpeq
 .text.__wrap___aeabi_dcmpeq
                0x100028ec       0x10 CMakeFiles/memory_helpers_test.dir/home/sandra/.pico-sdk/sdk/2.1.0/src/rp2_common/pico_double/double_aeabi_rp2040.S.o
                0x100028ec                __wrap___aeabi_dcmpeq
 .text.__wrap___aeabi_dcmplt
                0x100028fc        0xc CMakeFiles/memory_helpers_test.dir/home/sandra/.pico-sdk/sdk/2.1.0/src/rp2_common/pico_double/double_aeabi_rp2040.S.o
                0x100028fc                __wrap___aeabi_dcmplt
 .text.__wrap___aeabi_dcmple
                0x10002908       0x10 CMakeFiles/memory_helpers_test.dir/home/sandra/.pico-sdk/sdk/2.1.0/src/rp2_common/pico_double/double_aeabi_rp2040.S.o
                0x10002908                __wrap___aeabi_dcmple
 .text.__wrap___aeabi_dcmpge
                0x10002918       0x10 CMakeFiles/memory_helpers_test.dir/home/sandra/.pico-sdk/sdk/2.1.0/src/rp2_common/pico_double/double_aeabi_rp2040.S.o
                0x10002918                __wrap___aeabi_dcmpge
 .text.__wrap___aeabi_dcmpgt
                0x10002928        0xa CMakeFiles/memory_helpers_test.dir/home/sandra/.pico-sdk/sdk/2.1.0/src/rp2_common/pico_double/double_aeabi_rp2040.S.o
                0x10002928                __wrap___aeabi_dcmpgt
 .text.__wrap___aeabi_dcmpun
                0x10002932       0x18 CMakeFiles/memory_helpers_test.dir/home/sandra/.pico-sdk/sdk/2.1.0/src/rp2_common/pico_double/double_aeabi_rp2040.S.o
                0x10002932                __wrap___aeabi_dcmpun
 *fill*         0x1000294a        0x2 
 .text.__wrap___aeabi_i2d
                0x1000294c       0x38 CMakeFiles/memory_helpers_test.dir/home/sandra/.pico-sdk/sdk/2.1.0/src/rp2_common/pico_double/double_aeabi_rp2040.S.o
                0x1000294c                __wrap___aeabi_ui2d
                0x10002954                __wrap___aeabi_i2d
 .text.__wrap___aeabi_d2iz
                0x10002984       0x48 CMakeFiles/memory_helpers_test.dir/home/sandra/.pico-sdk/sdk/2.1.0/src/rp2_common/pico_double/double_aeabi_rp2040.S.o
                0x10002984                __wrap___aeabi_d2iz
                0x10002984                double2int_z
 .text.__wrap___aeabi_d2uiz
                0x100029cc       0x18 CMakeFiles/memory_helpers_test.dir/home/sandra/.pico-sdk/sdk/2.1.0/src/rp2_common/pico_double/double_aeabi_rp2040.S.o
                0x100029cc                double2uint
                0x100029cc                __wrap___aeabi_d2uiz
 .text.__aeabi_double_init
                0x100029e4       0xa4 CMakeFiles/memory_helpers_test.dir/home/sandra/.pico-sdk/sdk/2.1.0/src/rp2_common/pico_double/double_init_rom_rp2040.c.o
                0x100029e4                __aeabi_double_init
 .text.double_table_shim_on_use_helper
                0x10002a88       0x2c CMakeFiles/memory_helpers_test.dir/home/sandra/.pico-sdk/sdk/2.1.0/src/rp2_common/pico_double/double_v1_rom_shim_rp2040.S.o
                0x10002a88                double_table_shim_on_use_helper
 .text.__wrap___aeabi_dsub
                0x10002ab4       0x10 CMakeFiles/memory_helpers_test.dir/home/sandra/.pico-sdk/sdk/2.1.0/src/rp2_common/pico_double/double_v1_rom_shim_rp2040.S.o
                0x10002ab4                drsub_shim
                0x10002aba                dsub_shim
 .text.dadd_shim
                0x10002ac4      0x15c CMakeFiles/memory_helpers_test.dir/home/sandra/.pico-sdk/sdk/2.1.0/src/rp2_common/pico_double/double_v1_rom_shim_rp2040.S.o
                0x10002ac4                dadd_shim
 .text.dmul_shim
                0x10002c20      0x15c CMakeFiles/memory_helpers_test.dir/home/sandra/.pico-sdk/sdk/2.1.0/src/rp2_common/pico_double/double_v1_rom_shim_rp2040.S.o
                0x10002c20                dmul_shim
 .text.ddiv_shim
                0x10002d7c      0x1b0 CMakeFiles/memory_helpers_test.dir/home/sandra/.pico-sdk/sdk/2.1.0/src/rp2_common/pico_double/double_v1_rom_shim_rp2040.S.o
                0x10002d7c                ddiv_shim
 .text.double2uint_shim
                0x10002f2c        0xe CMakeFiles/memory_helpers_test.dir/home/sandra/.pico-sdk/sdk/2.1.0/src/rp2_common/pico_double/double_v1_rom_shim_rp2040.S.o
                0x10002f2c                double2uint_shim
                0x10002f2e                double2ufix_shim
 *fill*         0x10002f3a        0x2 
 .text.double2uint64_shim
                0x10002f3c       0x70 CMakeFiles/memory_helpers_test.dir/home/sandra/.pico-sdk/sdk/2.1.0/src/rp2_common/pico_double/double_v1_rom_shim_rp2040.S.o
                0x10002f3c                double2uint64_shim
                0x10002f3e                double2ufix64_shim
                0x10002f5e                d2fix_a
 .text.dunpacks
                0x10002fac       0x3c CMakeFiles/memory_helpers_test.dir/home/sandra/.pico-sdk/sdk/2.1.0/src/rp2_common/pico_double/double_v1_rom_shim_rp2040.S.o
                0x10002fac                dunpacks
 .text.__aeabi_lmul
                0x10002fe8       0x32 CMakeFiles/memory_helpers_test.dir/home/sandra/.pico-sdk/sdk/2.1.0/src/rp2_common/pico_int64_ops/pico_int64_ops_aeabi.S.o
                0x10002fe8                __wrap___aeabi_lmul
 *fill*         0x1000301a        0x2 
 .text.__aeabi_float_init
                0x1000301c       0x64 CMakeFiles/memory_helpers_test.dir/home/sandra/.pico-sdk/sdk/2.1.0/src/rp2_common/pico_float/float_init_rom_rp2040.c.o
                0x1000301c                __aeabi_float_init
 .text.float_table_shim_on_use_helper
                0x10003080       0x2c CMakeFiles/memory_helpers_test.dir/home/sandra/.pico-sdk/sdk/2.1.0/src/rp2_common/pico_float/float_v1_rom_shim_rp2040.S.o
                0x10003080                float_table_shim_on_use_helper
 .text.__wrap_malloc
                0x100030ac       0x3c CMakeFiles/memory_helpers_test.dir/home/sandra/.pico-sdk/sdk/2.1.0/src/rp2_common/pico_malloc/malloc.c.o
                0x100030ac                __wrap_malloc
 .text.__wrap_realloc
                0x100030e8       0x40 CMakeFiles/memory_helpers_test.dir/home/sandra/.pico-sdk/sdk/2.1.0/src/rp2_common/pico_malloc/malloc.c.o
                0x100030e8                __wrap_realloc
 .text.__wrap_free
                0x10003128       0x20 CMakeFiles/memory_helpers_test.dir/home/sandra/.pico-sdk/sdk/2.1.0/src/rp2_common/pico_malloc/malloc.c.o
                0x10003128                __wrap_free
 .text          0x10003148       0x10 CMakeFiles/memory_helpers_test.dir/home/sandra/.pico-sdk/sdk/2.1.0/src/rp2_common/pico_mem_ops/mem_ops_aeabi.S.o
                0x10003148                __aeabi_mem_init
 .text.memset   0x10003158        0xc CMakeFiles/memory_helpers_test.dir/home/sandra/.pico-sdk/sdk/2.1.0/src/rp2_common/pico_mem_ops/mem_ops_aeabi.S.o
                0x10003158                __wrap_memset
 .text.memcpy   0x10003164        0xc CMakeFiles/memory_helpers_test.dir/home/sandra/.pico-sdk/sdk/2.1.0/src/rp2_common/pico_mem_ops/mem_ops_aeabi.S.o
                0x10003164                __wrap___aeabi_memcpy
                0x10003164                __wrap_memcpy
 .text._ZdlPvj  0x10003170        0x8 CMakeFiles/memory_helpers_test.dir/home/sandra/.pico-sdk/sdk/2.1.0/src/rp2_common/pico_cxx_options/new_delete.cpp.o
                0x10003170                operator delete(void*, unsigned int)
 .text._out_buffer
                0x10003178        0x8 CMakeFiles/memory_helpers_test.dir/home/sandra/.pico-sdk/sdk/2.1.0/src/rp2_common/pico_printf/printf.c.o
 .text._out_null
                0x10003180        0x4 CMakeFiles/memory_helpers_test.dir/home/sandra/.pico-sdk/sdk/2.1.0/src/rp2_common/pico_printf/printf.c.o
 .text._out_rev
                0x10003184       0xac CMakeFiles/memory_helpers_test.dir/home/sandra/.pico-sdk/sdk/2.1.0/src/rp2_common/pico_printf/printf.c.o
 .text._ntoa_format
                0x10003230      0x250 CMakeFiles/memory_helpers_test.dir/home/sandra/.pico-sdk/sdk/2.1.0/src/rp2_common/pico_printf/printf.c.o
 .text._out_char
                0x10003480       0x10 CMakeFiles/memory_helpers_test.dir/home/sandra/.pico-sdk/sdk/2.1.0/src/rp2_common/pico_printf/printf.c.o
 .text._etoa    0x10003490      0x464 CMakeFiles/memory_helpers_test.dir/home/sandra/.pico-sdk/sdk/2.1.0/src/rp2_common/pico_printf/printf.c.o
 .text._ftoa    0x100038f4      0x3c0 CMakeFiles/memory_helpers_test.dir/home/sandra/.pico-sdk/sdk/2.1.0/src/rp2_common/pico_printf/printf.c.o
 .text._vsnprintf
                0x10003cb4      0xbc8 CMakeFiles/memory_helpers_test.dir/home/sandra/.pico-sdk/sdk/2.1.0/src/rp2_common/pico_printf/printf.c.o
 .text.__wrap_sprintf
                0x1000487c       0x2c CMakeFiles/memory_helpers_test.dir/home/sandra/.pico-sdk/sdk/2.1.0/src/rp2_common/pico_printf/printf.c.o
                0x1000487c                __wrap_sprintf
 .text.weak_raw_printf
                0x100048a8       0x40 CMakeFiles/memory_helpers_test.dir/home/sandra/.pico-sdk/sdk/2.1.0/src/rp2_common/pico_printf/printf.c.o
                0x100048a8                weak_raw_printf
 .text.weak_raw_vprintf
                0x100048e8       0x30 CMakeFiles/memory_helpers_test.dir/home/sandra/.pico-sdk/sdk/2.1.0/src/rp2_common/pico_printf/printf.c.o
                0x100048e8                weak_raw_vprintf
 .text._exit    0x10004918        0x4 CMakeFiles/memory_helpers_test.dir/home/sandra/.pico-sdk/sdk/2.1.0/src/rp2_common/pico_clib_interface/newlib_interface.c.o
                0x10004918                _exit
 .text._sbrk    0x1000491c       0x34 CMakeFiles/memory_helpers_test.dir/home/sandra/.pico-sdk/sdk/2.1.0/src/rp2_common/pico_clib_interface/newlib_interface.c.o
                0x1000491c                _sbrk
 .text._getpid  0x10004950        0x4 CMakeFiles/memory_helpers_test.dir/home/sandra/.pico-sdk/sdk/2.1.0/src/rp2_common/pico_clib_interface/newlib_interface.c.o
                0x10004950                _getpid
 .text._kill    0x10004954        0x8 CMakeFiles/memory_helpers_test.dir/home/sandra/.pico-sdk/sdk/2.1.0/src/rp2_common/pico_clib_interface/newlib_interface.c.o
                0x10004954                _kill
 .text._read    0x1000495c       0x24 CMakeFiles/memory_helpers_test.dir/home/sandra/.pico-sdk/sdk/2.1.0/src/rp2_common/pico_clib_interface/newlib_interface.c.o
                0x1000495c                _read
 .text._write   0x10004980       0x24 CMakeFiles/memory_helpers_test.dir/home/sandra/.pico-sdk/sdk/2.1.0/src/rp2_common/pico_clib_interface/newlib_interface.c.o
                0x10004980                _write
 .text._close   0x100049a4        0x8 CMakeFiles/memory_helpers_test.dir/home/sandra/.pico-sdk/sdk/2.1.0/src/rp2_common/pico_clib_interface/newlib_interface.c.o
                0x100049a4                _close
 .text._lseek   0x100049ac        0x8 CMakeFiles/memory_helpers_test.dir/home/sandra/.pico-sdk/sdk/2.1.0/src/rp2_common/pico_clib_interface/newlib_interface.c.o
                0x100049ac                _lseek
 .text._fstat   0x100049b4        0x8 CMakeFiles/memory_helpers_test.dir/home/sandra/.pico-sdk/sdk/2.1.0/src/rp2_common/pico_clib_interface/newlib_interface.c.o
                0x100049b4                _fstat
 .text._isatty  0x100049bc        0xc CMakeFiles/memory_helpers_test.dir/home/sandra/.pico-sdk/sdk/2.1.0/src/rp2_common/pico_clib_interface/newlib_interface.c.o
                0x100049bc                _isatty
 .text.exit     0x100049c8        0x8 CMakeFiles/memory_helpers_test.dir/home/sandra/.pico-sdk/sdk/2.1.0/src/rp2_common/pico_clib_interface/newlib_interface.c.o
                0x100049c8                exit
 .text.__assert_func
                0x100049d0       0x38 CMakeFiles/memory_helpers_test.dir/home/sandra/.pico-sdk/sdk/2.1.0/src/rp2_common/pico_clib_interface/newlib_interface.c.o
                0x100049d0                __assert_func
 .text.runtime_init
                0x10004a08       0x2c CMakeFiles/memory_helpers_test.dir/home/sandra/.pico-sdk/sdk/2.1.0/src/rp2_common/pico_clib_interface/newlib_interface.c.o
                0x10004a08                runtime_init
 .text.stdio_out_chars_no_crlf
                0x10004a34       0x10 CMakeFiles/memory_helpers_test.dir/home/sandra/.pico-sdk/sdk/2.1.0/src/rp2_common/pico_stdio/stdio.c.o
 .text.stdio_out_chars_crlf
                0x10004a44       0x94 CMakeFiles/memory_helpers_test.dir/home/sandra/.pico-sdk/sdk/2.1.0/src/rp2_common/pico_stdio/stdio.c.o
 .text.stdio_put_string
                0x10004ad8      0x100 CMakeFiles/memory_helpers_test.dir/home/sandra/.pico-sdk/sdk/2.1.0/src/rp2_common/pico_stdio/stdio.c.o
                0x10004ad8                stdio_put_string
 .text.stdio_get_until
                0x10004bd8       0x84 CMakeFiles/memory_helpers_test.dir/home/sandra/.pico-sdk/sdk/2.1.0/src/rp2_common/pico_stdio/stdio.c.o
                0x10004bd8                stdio_get_until
 .text.stdio_set_driver_enabled
                0x10004c5c       0x30 CMakeFiles/memory_helpers_test.dir/home/sandra/.pico-sdk/sdk/2.1.0/src/rp2_common/pico_stdio/stdio.c.o
                0x10004c5c                stdio_set_driver_enabled
 .text.stdio_init_all
                0x10004c8c        0x8 CMakeFiles/memory_helpers_test.dir/home/sandra/.pico-sdk/sdk/2.1.0/src/rp2_common/pico_stdio/stdio.c.o
                0x10004c8c                stdio_init_all
 .text.__wrap_putchar
                0x10004c94       0x98 CMakeFiles/memory_helpers_test.dir/home/sandra/.pico-sdk/sdk/2.1.0/src/rp2_common/pico_stdio/stdio.c.o
                0x10004c94                stdio_putchar
                0x10004c94                __wrap_putchar
 .text.__wrap_puts
                0x10004d2c       0x3c CMakeFiles/memory_helpers_test.dir/home/sandra/.pico-sdk/sdk/2.1.0/src/rp2_common/pico_stdio/stdio.c.o
                0x10004d2c                __wrap_puts
                0x10004d2c                stdio_puts
 .text.resetd_init
                0x10004d68        0x4 CMakeFiles/memory_helpers_test.dir/home/sandra/.pico-sdk/sdk/2.1.0/src/rp2_common/pico_stdio_usb/reset_interface.c.o
 .text.resetd_reset
                0x10004d6c        0xc CMakeFiles/memory_helpers_test.dir/home/sandra/.pico-sdk/sdk/2.1.0/src/rp2_common/pico_stdio_usb/reset_interface.c.o
 .text.resetd_open
                0x10004d78       0x28 CMakeFiles/memory_helpers_test.dir/home/sandra/.pico-sdk/sdk/2.1.0/src/rp2_common/pico_stdio_usb/reset_interface.c.o
 .text.resetd_xfer_cb
                0x10004da0        0x4 CMakeFiles/memory_helpers_test.dir/home/sandra/.pico-sdk/sdk/2.1.0/src/rp2_common/pico_stdio_usb/reset_interface.c.o
 .text.resetd_control_xfer_cb
                0x10004da4       0x5c CMakeFiles/memory_helpers_test.dir/home/sandra/.pico-sdk/sdk/2.1.0/src/rp2_common/pico_stdio_usb/reset_interface.c.o
 .text.tud_descriptor_bos_cb
                0x10004e00        0x8 CMakeFiles/memory_helpers_test.dir/home/sandra/.pico-sdk/sdk/2.1.0/src/rp2_common/pico_stdio_usb/reset_interface.c.o
                0x10004e00                tud_descriptor_bos_cb
 .text.tud_vendor_control_xfer_cb
                0x10004e08       0x34 CMakeFiles/memory_helpers_test.dir/home/sandra/.pico-sdk/sdk/2.1.0/src/rp2_common/pico_stdio_usb/reset_interface.c.o
                0x10004e08                tud_vendor_control_xfer_cb
 .text.usbd_app_driver_get_cb
                0x10004e3c        0xc CMakeFiles/memory_helpers_test.dir/home/sandra/.pico-sdk/sdk/2.1.0/src/rp2_common/pico_stdio_usb/reset_interface.c.o
                0x10004e3c                usbd_app_driver_get_cb
 .text.tud_cdc_line_coding_cb
                0x10004e48       0x2c CMakeFiles/memory_helpers_test.dir/home/sandra/.pico-sdk/sdk/2.1.0/src/rp2_common/pico_stdio_usb/reset_interface.c.o
                0x10004e48                tud_cdc_line_coding_cb
 .text.stdio_usb_set_chars_available_callback
                0x10004e74       0x14 CMakeFiles/memory_helpers_test.dir/home/sandra/.pico-sdk/sdk/2.1.0/src/rp2_common/pico_stdio_usb/stdio_usb.c.o
                0x10004e74                stdio_usb_set_chars_available_callback
 .text.usb_irq  0x10004e88       0x10 CMakeFiles/memory_helpers_test.dir/home/sandra/.pico-sdk/sdk/2.1.0/src/rp2_common/pico_stdio_usb/stdio_usb.c.o
 .text.timer_task
                0x10004e98       0x64 CMakeFiles/memory_helpers_test.dir/home/sandra/.pico-sdk/sdk/2.1.0/src/rp2_common/pico_stdio_usb/stdio_usb.c.o
 .text.stdio_usb_in_chars
                0x10004efc       0x90 CMakeFiles/memory_helpers_test.dir/home/sandra/.pico-sdk/sdk/2.1.0/src/rp2_common/pico_stdio_usb/stdio_usb.c.o
                0x10004efc                stdio_usb_in_chars
 .text.stdio_usb_out_flush
                0x10004f8c       0x50 CMakeFiles/memory_helpers_test.dir/home/sandra/.pico-sdk/sdk/2.1.0/src/rp2_common/pico_stdio_usb/stdio_usb.c.o
 .text.stdio_usb_out_chars
                0x10004fdc      0x104 CMakeFiles/memory_helpers_test.dir/home/sandra/.pico-sdk/sdk/2.1.0/src/rp2_common/pico_stdio_usb/stdio_usb.c.o
 .text.low_priority_worker_irq
                0x100050e0       0xcc CMakeFiles/memory_helpers_test.dir/home/sandra/.pico-sdk/sdk/2.1.0/src/rp2_common/pico_stdio_usb/stdio_usb.c.o
 .text.stdio_usb_init
                0x100051ac       0xe8 CMakeFiles/memory_helpers_test.dir/home/sandra/.pico-sdk/sdk/2.1.0/src/rp2_common/pico_stdio_usb/stdio_usb.c.o
                0x100051ac                stdio_usb_init
 .text.tud_descriptor_device_cb
                0x10005294        0x8 CMakeFiles/memory_helpers_test.dir/home/sandra/.pico-sdk/sdk/2.1.0/src/rp2_common/pico_stdio_usb/stdio_usb_descriptors.c.o
                0x10005294                tud_descriptor_device_cb
 .text.tud_descriptor_configuration_cb
                0x1000529c        0x8 CMakeFiles/memory_helpers_test.dir/home/sandra/.pico-sdk/sdk/2.1.0/src/rp2_common/pico_stdio_usb/stdio_usb_descriptors.c.o
                0x1000529c                tud_descriptor_configuration_cb
 .text.tud_descriptor_string_cb
                0x100052a4       0x78 CMakeFiles/memory_helpers_test.dir/home/sandra/.pico-sdk/sdk/2.1.0/src/rp2_common/pico_stdio_usb/stdio_usb_descriptors.c.o
                0x100052a4                tud_descriptor_string_cb
 .text.startup._retrieve_unique_id_on_boot
                0x1000531c       0x10 CMakeFiles/memory_helpers_test.dir/home/sandra/.pico-sdk/sdk/2.1.0/src/rp2_common/pico_unique_id/unique_id.c.o
 .text.pico_get_unique_board_id_string
                0x1000532c      0x1a8 CMakeFiles/memory_helpers_test.dir/home/sandra/.pico-sdk/sdk/2.1.0/src/rp2_common/pico_unique_id/unique_id.c.o
                0x1000532c                pico_get_unique_board_id_string
 .text.flash_get_unique_id
                0x100054d4       0x3c CMakeFiles/memory_helpers_test.dir/home/sandra/.pico-sdk/sdk/2.1.0/src/rp2_common/hardware_flash/flash.c.o
                0x100054d4                flash_get_unique_id
 .text.dcd_init
                0x10005510       0x8c CMakeFiles/memory_helpers_test.dir/home/sandra/.pico-sdk/sdk/2.1.0/lib/tinyusb/src/portable/raspberrypi/rp2040/dcd_rp2040.c.o
                0x10005510                dcd_init
 .text.dcd_int_enable
                0x1000559c        0xc CMakeFiles/memory_helpers_test.dir/home/sandra/.pico-sdk/sdk/2.1.0/lib/tinyusb/src/portable/raspberrypi/rp2040/dcd_rp2040.c.o
                0x1000559c                dcd_int_enable
 .text.dcd_set_address
                0x100055a8       0x14 CMakeFiles/memory_helpers_test.dir/home/sandra/.pico-sdk/sdk/2.1.0/lib/tinyusb/src/portable/raspberrypi/rp2040/dcd_rp2040.c.o
                0x100055a8                dcd_set_address
 .text.dcd_sof_enable
                0x100055bc       0x1c CMakeFiles/memory_helpers_test.dir/home/sandra/.pico-sdk/sdk/2.1.0/lib/tinyusb/src/portable/raspberrypi/rp2040/dcd_rp2040.c.o
                0x100055bc                dcd_sof_enable
 .text.dcd_edpt0_status_complete
                0x100055d8       0x1c CMakeFiles/memory_helpers_test.dir/home/sandra/.pico-sdk/sdk/2.1.0/lib/tinyusb/src/portable/raspberrypi/rp2040/dcd_rp2040.c.o
                0x100055d8                dcd_edpt0_status_complete
 .text.dcd_edpt_open
                0x100055f4      0x108 CMakeFiles/memory_helpers_test.dir/home/sandra/.pico-sdk/sdk/2.1.0/lib/tinyusb/src/portable/raspberrypi/rp2040/dcd_rp2040.c.o
                0x100055f4                dcd_edpt_open
 .text.dcd_edpt_close_all
                0x100056fc        0x8 CMakeFiles/memory_helpers_test.dir/home/sandra/.pico-sdk/sdk/2.1.0/lib/tinyusb/src/portable/raspberrypi/rp2040/dcd_rp2040.c.o
                0x100056fc                dcd_edpt_close_all
 .text.dcd_edpt_xfer
                0x10005704       0x24 CMakeFiles/memory_helpers_test.dir/home/sandra/.pico-sdk/sdk/2.1.0/lib/tinyusb/src/portable/raspberrypi/rp2040/dcd_rp2040.c.o
                0x10005704                dcd_edpt_xfer
 .text.dcd_edpt_stall
                0x10005728       0x34 CMakeFiles/memory_helpers_test.dir/home/sandra/.pico-sdk/sdk/2.1.0/lib/tinyusb/src/portable/raspberrypi/rp2040/dcd_rp2040.c.o
                0x10005728                dcd_edpt_stall
 .text.dcd_edpt_clear_stall
                0x1000575c       0x30 CMakeFiles/memory_helpers_test.dir/home/sandra/.pico-sdk/sdk/2.1.0/lib/tinyusb/src/portable/raspberrypi/rp2040/dcd_rp2040.c.o
                0x1000575c                dcd_edpt_clear_stall
 .text.rp2040_usb_init
                0x1000578c       0x40 CMakeFiles/memory_helpers_test.dir/home/sandra/.pico-sdk/sdk/2.1.0/lib/tinyusb/src/portable/raspberrypi/rp2040/rp2040_usb.c.o
                0x1000578c                rp2040_usb_init
 .text.hw_endpoint_xfer_start
                0x100057cc       0x40 CMakeFiles/memory_helpers_test.dir/home/sandra/.pico-sdk/sdk/2.1.0/lib/tinyusb/src/portable/raspberrypi/rp2040/rp2040_usb.c.o
                0x100057cc                hw_endpoint_xfer_start
 .text.tud_event_hook_cb
                0x1000580c        0x4 CMakeFiles/memory_helpers_test.dir/home/sandra/.pico-sdk/sdk/2.1.0/lib/tinyusb/src/device/usbd.c.o
                0x1000580c                tud_event_hook_cb
 .text.tud_sof_cb
                0x10005810        0x4 CMakeFiles/memory_helpers_test.dir/home/sandra/.pico-sdk/sdk/2.1.0/lib/tinyusb/src/device/usbd.c.o
                0x10005810                tud_sof_cb
 .text.tud_descriptor_device_qualifier_cb
                0x10005814        0x4 CMakeFiles/memory_helpers_test.dir/home/sandra/.pico-sdk/sdk/2.1.0/lib/tinyusb/src/device/usbd.c.o
                0x10005814                tud_descriptor_device_qualifier_cb
 .text.tud_descriptor_other_speed_configuration_cb
                0x10005818        0x4 CMakeFiles/memory_helpers_test.dir/home/sandra/.pico-sdk/sdk/2.1.0/lib/tinyusb/src/device/usbd.c.o
                0x10005818                tud_descriptor_other_speed_configuration_cb
 .text.tud_mount_cb
                0x1000581c        0x4 CMakeFiles/memory_helpers_test.dir/home/sandra/.pico-sdk/sdk/2.1.0/lib/tinyusb/src/device/usbd.c.o
                0x1000581c                tud_mount_cb
 .text.tud_umount_cb
                0x10005820        0x4 CMakeFiles/memory_helpers_test.dir/home/sandra/.pico-sdk/sdk/2.1.0/lib/tinyusb/src/device/usbd.c.o
                0x10005820                tud_umount_cb
 .text.tud_suspend_cb
                0x10005824        0x4 CMakeFiles/memory_helpers_test.dir/home/sandra/.pico-sdk/sdk/2.1.0/lib/tinyusb/src/device/usbd.c.o
                0x10005824                tud_suspend_cb
 .text.tud_resume_cb
                0x10005828        0x4 CMakeFiles/memory_helpers_test.dir/home/sandra/.pico-sdk/sdk/2.1.0/lib/tinyusb/src/device/usbd.c.o
                0x10005828                tud_resume_cb
 .text.tud_mounted
                0x1000582c       0x10 CMakeFiles/memory_helpers_test.dir/home/sandra/.pico-sdk/sdk/2.1.0/lib/tinyusb/src/device/usbd.c.o
                0x1000582c                tud_mounted
 .text.tud_suspended
                0x1000583c       0x10 CMakeFiles/memory_helpers_test.dir/home/sandra/.pico-sdk/sdk/2.1.0/lib/tinyusb/src/device/usbd.c.o
                0x1000583c                tud_suspended
 .text.tud_init
                0x1000584c       0xe4 CMakeFiles/memory_helpers_test.dir/home/sandra/.pico-sdk/sdk/2.1.0/lib/tinyusb/src/device/usbd.c.o
                0x1000584c                tud_init
 .text.tud_task_ext
                0x10005930      0x800 CMakeFiles/memory_helpers_test.dir/home/sandra/.pico-sdk/sdk/2.1.0/lib/tinyusb/src/device/usbd.c.o
                0x10005930                tud_task_ext
 .text.usbd_open_edpt_pair
                0x10006130       0x9c CMakeFiles/memory_helpers_test.dir/home/sandra/.pico-sdk/sdk/2.1.0/lib/tinyusb/src/device/usbd.c.o
                0x10006130                usbd_open_edpt_pair
 .text.usbd_edpt_open
                0x100061cc       0x34 CMakeFiles/memory_helpers_test.dir/home/sandra/.pico-sdk/sdk/2.1.0/lib/tinyusb/src/device/usbd.c.o
                0x100061cc                usbd_edpt_open
 .text.usbd_edpt_claim
                0x10006200       0x28 CMakeFiles/memory_helpers_test.dir/home/sandra/.pico-sdk/sdk/2.1.0/lib/tinyusb/src/device/usbd.c.o
                0x10006200                usbd_edpt_claim
 .text.usbd_edpt_release
                0x10006228       0x28 CMakeFiles/memory_helpers_test.dir/home/sandra/.pico-sdk/sdk/2.1.0/lib/tinyusb/src/device/usbd.c.o
                0x10006228                usbd_edpt_release
 .text.usbd_edpt_xfer
                0x10006250       0x4c CMakeFiles/memory_helpers_test.dir/home/sandra/.pico-sdk/sdk/2.1.0/lib/tinyusb/src/device/usbd.c.o
                0x10006250                usbd_edpt_xfer
 .text.tud_control_status
                0x1000629c       0x2c CMakeFiles/memory_helpers_test.dir/home/sandra/.pico-sdk/sdk/2.1.0/lib/tinyusb/src/device/usbd_control.c.o
                0x1000629c                tud_control_status
 .text.tud_control_xfer
                0x100062c8       0xac CMakeFiles/memory_helpers_test.dir/home/sandra/.pico-sdk/sdk/2.1.0/lib/tinyusb/src/device/usbd_control.c.o
                0x100062c8                tud_control_xfer
 .text.usbd_control_reset
                0x10006374       0x14 CMakeFiles/memory_helpers_test.dir/home/sandra/.pico-sdk/sdk/2.1.0/lib/tinyusb/src/device/usbd_control.c.o
                0x10006374                usbd_control_reset
 .text.usbd_control_set_complete_callback
                0x10006388        0xc CMakeFiles/memory_helpers_test.dir/home/sandra/.pico-sdk/sdk/2.1.0/lib/tinyusb/src/device/usbd_control.c.o
                0x10006388                usbd_control_set_complete_callback
 .text.usbd_control_set_request
                0x10006394       0x1c CMakeFiles/memory_helpers_test.dir/home/sandra/.pico-sdk/sdk/2.1.0/lib/tinyusb/src/device/usbd_control.c.o
                0x10006394                usbd_control_set_request
 .text.usbd_control_xfer_cb
                0x100063b0       0xec CMakeFiles/memory_helpers_test.dir/home/sandra/.pico-sdk/sdk/2.1.0/lib/tinyusb/src/device/usbd_control.c.o
                0x100063b0                usbd_control_xfer_cb
 .text._prep_out_transaction.isra.0
                0x1000649c       0x5c CMakeFiles/memory_helpers_test.dir/home/sandra/.pico-sdk/sdk/2.1.0/lib/tinyusb/src/class/cdc/cdc_device.c.o
 .text.tud_cdc_n_connected
                0x100064f8       0x30 CMakeFiles/memory_helpers_test.dir/home/sandra/.pico-sdk/sdk/2.1.0/lib/tinyusb/src/class/cdc/cdc_device.c.o
                0x100064f8                tud_cdc_n_connected
 .text.tud_cdc_n_available
                0x10006528       0x18 CMakeFiles/memory_helpers_test.dir/home/sandra/.pico-sdk/sdk/2.1.0/lib/tinyusb/src/class/cdc/cdc_device.c.o
                0x10006528                tud_cdc_n_available
 .text.tud_cdc_n_read
                0x10006540       0x98 CMakeFiles/memory_helpers_test.dir/home/sandra/.pico-sdk/sdk/2.1.0/lib/tinyusb/src/class/cdc/cdc_device.c.o
                0x10006540                tud_cdc_n_read
 .text.tud_cdc_n_write_flush
                0x100065d8       0x78 CMakeFiles/memory_helpers_test.dir/home/sandra/.pico-sdk/sdk/2.1.0/lib/tinyusb/src/class/cdc/cdc_device.c.o
                0x100065d8                tud_cdc_n_write_flush
 .text.tud_cdc_n_write
                0x10006650       0x40 CMakeFiles/memory_helpers_test.dir/home/sandra/.pico-sdk/sdk/2.1.0/lib/tinyusb/src/class/cdc/cdc_device.c.o
                0x10006650                tud_cdc_n_write
 .text.tud_cdc_n_write_available
                0x10006690       0x18 CMakeFiles/memory_helpers_test.dir/home/sandra/.pico-sdk/sdk/2.1.0/lib/tinyusb/src/class/cdc/cdc_device.c.o
                0x10006690                tud_cdc_n_write_available
 .text.cdcd_init
                0x100066a8       0x7c CMakeFiles/memory_helpers_test.dir/home/sandra/.pico-sdk/sdk/2.1.0/lib/tinyusb/src/class/cdc/cdc_device.c.o
                0x100066a8                cdcd_init
 .text.cdcd_deinit
                0x10006724       0x34 CMakeFiles/memory_helpers_test.dir/home/sandra/.pico-sdk/sdk/2.1.0/lib/tinyusb/src/class/cdc/cdc_device.c.o
                0x10006724                cdcd_deinit
 .text.cdcd_reset
                0x10006758       0x4c CMakeFiles/memory_helpers_test.dir/home/sandra/.pico-sdk/sdk/2.1.0/lib/tinyusb/src/class/cdc/cdc_device.c.o
                0x10006758                cdcd_reset
 .text.cdcd_open
                0x100067a4       0xb0 CMakeFiles/memory_helpers_test.dir/home/sandra/.pico-sdk/sdk/2.1.0/lib/tinyusb/src/class/cdc/cdc_device.c.o
                0x100067a4                cdcd_open
 .text.cdcd_control_xfer_cb
                0x10006854       0xe4 CMakeFiles/memory_helpers_test.dir/home/sandra/.pico-sdk/sdk/2.1.0/lib/tinyusb/src/class/cdc/cdc_device.c.o
                0x10006854                cdcd_control_xfer_cb
 .text.cdcd_xfer_cb
                0x10006938      0x100 CMakeFiles/memory_helpers_test.dir/home/sandra/.pico-sdk/sdk/2.1.0/lib/tinyusb/src/class/cdc/cdc_device.c.o
                0x10006938                cdcd_xfer_cb
 .text.vendord_init
                0x10006a38       0x5c CMakeFiles/memory_helpers_test.dir/home/sandra/.pico-sdk/sdk/2.1.0/lib/tinyusb/src/class/vendor/vendor_device.c.o
                0x10006a38                vendord_init
 .text.vendord_deinit
                0x10006a94       0x1c CMakeFiles/memory_helpers_test.dir/home/sandra/.pico-sdk/sdk/2.1.0/lib/tinyusb/src/class/vendor/vendor_device.c.o
                0x10006a94                vendord_deinit
 .text.vendord_reset
                0x10006ab0       0x20 CMakeFiles/memory_helpers_test.dir/home/sandra/.pico-sdk/sdk/2.1.0/lib/tinyusb/src/class/vendor/vendor_device.c.o
                0x10006ab0                vendord_reset
 .text.vendord_open
                0x10006ad0      0x138 CMakeFiles/memory_helpers_test.dir/home/sandra/.pico-sdk/sdk/2.1.0/lib/tinyusb/src/class/vendor/vendor_device.c.o
                0x10006ad0                vendord_open
 .text.vendord_xfer_cb
                0x10006c08       0x9c CMakeFiles/memory_helpers_test.dir/home/sandra/.pico-sdk/sdk/2.1.0/lib/tinyusb/src/class/vendor/vendor_device.c.o
                0x10006c08                vendord_xfer_cb
 .text.tusb_init
                0x10006ca4        0xc CMakeFiles/memory_helpers_test.dir/home/sandra/.pico-sdk/sdk/2.1.0/lib/tinyusb/src/tusb.c.o
                0x10006ca4                tusb_init
 .text.tu_edpt_claim
                0x10006cb0       0x50 CMakeFiles/memory_helpers_test.dir/home/sandra/.pico-sdk/sdk/2.1.0/lib/tinyusb/src/tusb.c.o
                0x10006cb0                tu_edpt_claim
 .text.tu_edpt_release
                0x10006d00       0x38 CMakeFiles/memory_helpers_test.dir/home/sandra/.pico-sdk/sdk/2.1.0/lib/tinyusb/src/tusb.c.o
                0x10006d00                tu_edpt_release
 .text.tu_edpt_validate
                0x10006d38       0x7c CMakeFiles/memory_helpers_test.dir/home/sandra/.pico-sdk/sdk/2.1.0/lib/tinyusb/src/tusb.c.o
                0x10006d38                tu_edpt_validate
 .text.tu_edpt_bind_driver
                0x10006db4       0x34 CMakeFiles/memory_helpers_test.dir/home/sandra/.pico-sdk/sdk/2.1.0/lib/tinyusb/src/tusb.c.o
                0x10006db4                tu_edpt_bind_driver
 .text.tu_edpt_stream_init
                0x10006de8       0x6c CMakeFiles/memory_helpers_test.dir/home/sandra/.pico-sdk/sdk/2.1.0/lib/tinyusb/src/tusb.c.o
                0x10006de8                tu_edpt_stream_init
 .text.tu_edpt_stream_deinit
                0x10006e54        0x4 CMakeFiles/memory_helpers_test.dir/home/sandra/.pico-sdk/sdk/2.1.0/lib/tinyusb/src/tusb.c.o
                0x10006e54                tu_edpt_stream_deinit
 .text.tu_edpt_stream_write_zlp_if_needed
                0x10006e58       0x68 CMakeFiles/memory_helpers_test.dir/home/sandra/.pico-sdk/sdk/2.1.0/lib/tinyusb/src/tusb.c.o
                0x10006e58                tu_edpt_stream_write_zlp_if_needed
 .text.tu_edpt_stream_write_xfer
                0x10006ec0       0x64 CMakeFiles/memory_helpers_test.dir/home/sandra/.pico-sdk/sdk/2.1.0/lib/tinyusb/src/tusb.c.o
                0x10006ec0                tu_edpt_stream_write_xfer
 .text.tu_edpt_stream_read_xfer
                0x10006f24       0xdc CMakeFiles/memory_helpers_test.dir/home/sandra/.pico-sdk/sdk/2.1.0/lib/tinyusb/src/tusb.c.o
                0x10006f24                tu_edpt_stream_read_xfer
 .text.tu_fifo_config
                0x10007000       0x6c CMakeFiles/memory_helpers_test.dir/home/sandra/.pico-sdk/sdk/2.1.0/lib/tinyusb/src/common/tusb_fifo.c.o
                0x10007000                tu_fifo_config
 .text.tu_fifo_count
                0x1000706c       0x2c CMakeFiles/memory_helpers_test.dir/home/sandra/.pico-sdk/sdk/2.1.0/lib/tinyusb/src/common/tusb_fifo.c.o
                0x1000706c                tu_fifo_count
 .text.tu_fifo_empty
                0x10007098       0x10 CMakeFiles/memory_helpers_test.dir/home/sandra/.pico-sdk/sdk/2.1.0/lib/tinyusb/src/common/tusb_fifo.c.o
                0x10007098                tu_fifo_empty
 .text.tu_fifo_remaining
                0x100070a8       0x2c CMakeFiles/memory_helpers_test.dir/home/sandra/.pico-sdk/sdk/2.1.0/lib/tinyusb/src/common/tusb_fifo.c.o
                0x100070a8                tu_fifo_remaining
 .text.tu_fifo_read
                0x100070d4       0x9c CMakeFiles/memory_helpers_test.dir/home/sandra/.pico-sdk/sdk/2.1.0/lib/tinyusb/src/common/tusb_fifo.c.o
                0x100070d4                tu_fifo_read
 .text.tu_fifo_read_n
                0x10007170       0xe8 CMakeFiles/memory_helpers_test.dir/home/sandra/.pico-sdk/sdk/2.1.0/lib/tinyusb/src/common/tusb_fifo.c.o
                0x10007170                tu_fifo_read_n
 .text.tu_fifo_write
                0x10007258       0xa8 CMakeFiles/memory_helpers_test.dir/home/sandra/.pico-sdk/sdk/2.1.0/lib/tinyusb/src/common/tusb_fifo.c.o
                0x10007258                tu_fifo_write
 .text.tu_fifo_write_n
                0x10007300      0x178 CMakeFiles/memory_helpers_test.dir/home/sandra/.pico-sdk/sdk/2.1.0/lib/tinyusb/src/common/tusb_fifo.c.o
                0x10007300                tu_fifo_write_n
 .text.tu_fifo_clear
                0x10007478       0x40 CMakeFiles/memory_helpers_test.dir/home/sandra/.pico-sdk/sdk/2.1.0/lib/tinyusb/src/common/tusb_fifo.c.o
                0x10007478                tu_fifo_clear
 .text.tu_fifo_set_overwritable
                0x100074b8       0x48 CMakeFiles/memory_helpers_test.dir/home/sandra/.pico-sdk/sdk/2.1.0/lib/tinyusb/src/common/tusb_fifo.c.o
                0x100074b8                tu_fifo_set_overwritable
 .text._ZN6tflite17TfLiteTypeGetSizeE10TfLiteType
                0x10007500       0x18 ../../libpico-tflmicro.a(kernel_util.cpp.o)
                0x10007500                tflite::TfLiteTypeGetSize(TfLiteType)
 .text._ZN6tflite14AlignPointerUpEPhj
                0x10007518       0x10 ../../libpico-tflmicro.a(memory_helpers.cpp.o)
                0x10007518                tflite::AlignPointerUp(unsigned char*, unsigned int)
 .text._ZN6tflite16AlignPointerDownEPhj
                0x10007528        0xc ../../libpico-tflmicro.a(memory_helpers.cpp.o)
                0x10007528                tflite::AlignPointerDown(unsigned char*, unsigned int)
 .text._ZN6tflite11AlignSizeUpEjj
                0x10007534       0x10 ../../libpico-tflmicro.a(memory_helpers.cpp.o)
                0x10007534                tflite::AlignSizeUp(unsigned int, unsigned int)
 .text._ZN6tflite16TfLiteTypeSizeOfE10TfLiteTypePj
                0x10007544       0x60 ../../libpico-tflmicro.a(memory_helpers.cpp.o)
                0x10007544                tflite::TfLiteTypeSizeOf(TfLiteType, unsigned int*)
 .text._ZN6tflite22BytesRequiredForTensorERKNS_6TensorEPjS3_
                0x100075a4       0x8c ../../libpico-tflmicro.a(memory_helpers.cpp.o)
                0x100075a4                tflite::BytesRequiredForTensor(tflite::Tensor const&, unsigned int*, unsigned int*)
 .text._ZN6tflite33AllocateOutputDimensionsFromInputEP13TfLiteContextPK12TfLiteTensorS4_PS2_
                0x10007630      0x100 ../../libpico-tflmicro.a(memory_helpers.cpp.o)
                0x10007630                tflite::AllocateOutputDimensionsFromInput(TfLiteContext*, TfLiteTensor const*, TfLiteTensor const*, TfLiteTensor*)
 .text._ZN12_GLOBAL__N_19VDebugLogEPKcz.constprop.0
                0x10007730       0x1c ../../libpico-tflmicro.a(micro_log.cpp.o)
 .text._Z12VMicroPrintfPKcSt9__va_list
                0x1000774c       0x14 ../../libpico-tflmicro.a(micro_log.cpp.o)
                0x1000774c                VMicroPrintf(char const*, std::__va_list)
 .text._Z11MicroPrintfPKcz
                0x10007760       0x24 ../../libpico-tflmicro.a(micro_log.cpp.o)
                0x10007760                MicroPrintf(char const*, ...)
 .text._ZN6tflite12ElementCountERK14TfLiteIntArray
                0x10007784       0x20 ../../libpico-tflmicro.a(micro_utils.cpp.o)
                0x10007784                tflite::ElementCount(TfLiteIntArray const&)
 .text._ZN6tflite16InitializeTargetEv
                0x100077a4        0x8 ../../libpico-tflmicro.a(system_setup.cpp.o)
                0x100077a4                tflite::InitializeTarget()
 .text.DebugLog
                0x100077ac       0x18 ../../libpico-tflmicro.a(system_setup.cpp.o)
                0x100077ac                DebugLog
 .text._ZN6tflite7testing12_GLOBAL__N_114StackAllocator8allocateEj
                0x100077c4       0x20 ../../libpico-tflmicro.a(test_helpers.cpp.o)
 .text._ZN6tflite7testing12_GLOBAL__N_114StackAllocator10deallocateEPhj
                0x100077e4        0x4 ../../libpico-tflmicro.a(test_helpers.cpp.o)
 .text._ZN6tflite7testing12_GLOBAL__N_114StackAllocatorD0Ev
                0x100077e8        0x4 ../../libpico-tflmicro.a(test_helpers.cpp.o)
 .text._ZN11flatbuffers9Allocator19reallocate_downwardEPhjjjj
                0x100077ec       0x48 ../../libpico-tflmicro.a(test_helpers.cpp.o)
                0x100077ec                flatbuffers::Allocator::reallocate_downward(unsigned char*, unsigned int, unsigned int, unsigned int, unsigned int)
 .text._ZN6tflite7testing12_GLOBAL__N_115BuilderInstanceEv
                0x10007834       0xb0 ../../libpico-tflmicro.a(test_helpers.cpp.o)
 .text._ZN6tflite7testing16IntArrayFromIntsEPKi
                0x100078e4        0x4 ../../libpico-tflmicro.a(test_helpers.cpp.o)
                0x100078e4                tflite::testing::IntArrayFromInts(int const*)
 .text._ZN11flatbuffers15vector_downwardImE10reallocateEj
                0x100078e8       0xcc ../../libpico-tflmicro.a(test_helpers.cpp.o)
                0x100078e8                flatbuffers::vector_downward<unsigned long>::reallocate(unsigned int)
 .text._ZN11flatbuffers21FlatBufferBuilderImplILb0EE5AlignEj.constprop.0
                0x100079b4       0x64 ../../libpico-tflmicro.a(test_helpers.cpp.o)
 .text._ZN11flatbuffers21FlatBufferBuilderImplILb0EE10AddElementIhEEvtT_S3_
                0x10007a18       0x78 ../../libpico-tflmicro.a(test_helpers.cpp.o)
                0x10007a18                void flatbuffers::FlatBufferBuilderImpl<false>::AddElement<unsigned char>(unsigned short, unsigned char, unsigned char)
 .text._ZN11flatbuffers21FlatBufferBuilderImplILb0EE12CreateStringINS_6OffsetEEET_INS_6StringEEPKc
                0x10007a90       0xe4 ../../libpico-tflmicro.a(test_helpers.cpp.o)
                0x10007a90                flatbuffers::Offset<flatbuffers::String> flatbuffers::FlatBufferBuilderImpl<false>::CreateString<flatbuffers::Offset>(char const*)
 .text._ZN11flatbuffers21FlatBufferBuilderImplILb0EE12CreateVectorIlNS_6OffsetENS_6VectorEEET0_IJT1_IJT_EEEEPKS7_j.constprop.0
                0x10007b74      0x11c ../../libpico-tflmicro.a(test_helpers.cpp.o)
 .text._ZN11flatbuffers21FlatBufferBuilderImplILb0EE8EndTableEm
                0x10007c90      0x18c ../../libpico-tflmicro.a(test_helpers.cpp.o)
                0x10007c90                flatbuffers::FlatBufferBuilderImpl<false>::EndTable(unsigned long)
 .text._ZN11flatbuffers21FlatBufferBuilderImplILb0EE10AddElementImEEvtT_S3_.constprop.0
                0x10007e1c       0xbc ../../libpico-tflmicro.a(test_helpers.cpp.o)
 .text._ZN6tflite12CreateTensorERN11flatbuffers21FlatBufferBuilderImplILb0EEENS0_6OffsetINS0_6VectorIlmEEEENS_10TensorTypeEmNS4_INS0_6StringEEENS4_INS_22QuantizationParametersEEEbNS4_INS_18SparsityParametersEEES7_bNS4_INS5_INS4_INS_14VariantSubTypeEEEmEEEE.constprop.0
                0x10007ed8      0x160 ../../libpico-tflmicro.a(test_helpers.cpp.o)
 .text._ZN6tflite7testing24Create1dFlatbufferTensorEib
                0x10008038       0xc8 ../../libpico-tflmicro.a(test_helpers.cpp.o)
                0x10008038                tflite::testing::Create1dFlatbufferTensor(int, bool)
 .text._ZN6tflite17ConvertTensorTypeENS_10TensorTypeEP10TfLiteType
                0x10008100       0x18 ../../libpico-tflmicro.a(flatbuffer_conversions_bridge.cpp.o)
                0x10008100                tflite::ConvertTensorType(tflite::TensorType, TfLiteType*)
 .text._ZN6tflite18MicroErrorReporterD0Ev
                0x10008118        0x4 ../../libpico-tflmicro.a(micro_error_reporter.cpp.o)
                0x10008118                tflite::MicroErrorReporter::~MicroErrorReporter()
                0x10008118                tflite::MicroErrorReporter::~MicroErrorReporter()
                0x10008118                tflite::MicroErrorReporter::~MicroErrorReporter()
 .text._ZN6tflite18MicroErrorReporter6ReportEPKcSt9__va_list
                0x1000811c       0x10 ../../libpico-tflmicro.a(micro_error_reporter.cpp.o)
                0x1000811c                tflite::MicroErrorReporter::Report(char const*, std::__va_list)
 .text._ZN6tflite21GetMicroErrorReporterEv
                0x1000812c       0x20 ../../libpico-tflmicro.a(micro_error_reporter.cpp.o)
                0x1000812c                tflite::GetMicroErrorReporter()
 .text._ZN6tflite17ConvertTensorTypeENS_10TensorTypeEP10TfLiteTypePNS_13ErrorReporterE
                0x1000814c       0xa0 ../../libpico-tflmicro.a(flatbuffer_conversions.cpp.o)
                0x1000814c                tflite::ConvertTensorType(tflite::TensorType, TfLiteType*, tflite::ErrorReporter*)
 .text.TfLiteIntArrayGetSizeInBytes
                0x100081ec        0x8 ../../libpico-tflmicro.a(common.cpp.o)
                0x100081ec                TfLiteIntArrayGetSizeInBytes
 .text._ZN6tflite14GetTensorShapeEPK12TfLiteTensor
                0x100081f4       0x1c ../../libpico-tflmicro.a(tensor_ctypes.cpp.o)
                0x100081f4                tflite::GetTensorShape(TfLiteTensor const*)
 .text._ZN6tflite13ErrorReporter6ReportEPKcz
                0x10008210       0x1c ../../libpico-tflmicro.a(error_reporter.cpp.o)
                0x10008210                tflite::ErrorReporter::Report(char const*, ...)
 .text.__cxa_guard_acquire
                0x1000822c       0x38 /home/sandra/.pico-sdk/toolchain/13_3_Rel1/bin/../lib/gcc/arm-none-eabi/13.3.1/../../../../arm-none-eabi/lib/thumb/v6-m/nofp/libstdc++.a(guard.o)
                0x1000822c                __cxa_guard_acquire
 .text.__cxa_guard_release
                0x10008264        0x8 /home/sandra/.pico-sdk/toolchain/13_3_Rel1/bin/../lib/gcc/arm-none-eabi/13.3.1/../../../../arm-none-eabi/lib/thumb/v6-m/nofp/libstdc++.a(guard.o)
                0x10008264                __cxa_guard_release
 .text._ZN9__gnu_cxx20recursive_init_errorD2Ev
                0x1000826c       0x14 /home/sandra/.pico-sdk/toolchain/13_3_Rel1/bin/../lib/gcc/arm-none-eabi/13.3.1/../../../../arm-none-eabi/lib/thumb/v6-m/nofp/libstdc++.a(guard_error.o)
                0x1000826c                __gnu_cxx::recursive_init_error::~recursive_init_error()
                0x1000826c                __gnu_cxx::recursive_init_error::~recursive_init_error()
 .text._ZN9__gnu_cxx20recursive_init_errorD0Ev
                0x10008280       0x1c /home/sandra/.pico-sdk/toolchain/13_3_Rel1/bin/../lib/gcc/arm-none-eabi/13.3.1/../../../../arm-none-eabi/lib/thumb/v6-m/nofp/libstdc++.a(guard_error.o)
                0x10008280                __gnu_cxx::recursive_init_error::~recursive_init_error()
 .text._ZN9__gnu_cxx20recursive_init_errorC2Ev
                0x1000829c        0xc /home/sandra/.pico-sdk/toolchain/13_3_Rel1/bin/../lib/gcc/arm-none-eabi/13.3.1/../../../../arm-none-eabi/lib/thumb/v6-m/nofp/libstdc++.a(guard_error.o)
                0x1000829c                __gnu_cxx::recursive_init_error::recursive_init_error()
                0x1000829c                __gnu_cxx::recursive_init_error::recursive_init_error()
 .text._ZN10__cxxabiv120__si_class_type_infoD2Ev
                0x100082a8       0x14 /home/sandra/.pico-sdk/toolchain/13_3_Rel1/bin/../lib/gcc/arm-none-eabi/13.3.1/../../../../arm-none-eabi/lib/thumb/v6-m/nofp/libstdc++.a(si_class_type_info.o)
                0x100082a8                __cxxabiv1::__si_class_type_info::~__si_class_type_info()
                0x100082a8                __cxxabiv1::__si_class_type_info::~__si_class_type_info()
 .text._ZN10__cxxabiv120__si_class_type_infoD0Ev
                0x100082bc       0x1c /home/sandra/.pico-sdk/toolchain/13_3_Rel1/bin/../lib/gcc/arm-none-eabi/13.3.1/../../../../arm-none-eabi/lib/thumb/v6-m/nofp/libstdc++.a(si_class_type_info.o)
                0x100082bc                __cxxabiv1::__si_class_type_info::~__si_class_type_info()
 .text._ZNK10__cxxabiv120__si_class_type_info20__do_find_public_srcEiPKvPKNS_17__class_type_infoES2_
                0x100082d8       0x38 /home/sandra/.pico-sdk/toolchain/13_3_Rel1/bin/../lib/gcc/arm-none-eabi/13.3.1/../../../../arm-none-eabi/lib/thumb/v6-m/nofp/libstdc++.a(si_class_type_info.o)
                0x100082d8                __cxxabiv1::__si_class_type_info::__do_find_public_src(int, void const*, __cxxabiv1::__class_type_info const*, void const*) const
 .text._ZNK10__cxxabiv120__si_class_type_info12__do_dyncastEiNS_17__class_type_info10__sub_kindEPKS1_PKvS4_S6_RNS1_16__dyncast_resultE
                0x10008310       0x88 /home/sandra/.pico-sdk/toolchain/13_3_Rel1/bin/../lib/gcc/arm-none-eabi/13.3.1/../../../../arm-none-eabi/lib/thumb/v6-m/nofp/libstdc++.a(si_class_type_info.o)
                0x10008310                __cxxabiv1::__si_class_type_info::__do_dyncast(int, __cxxabiv1::__class_type_info::__sub_kind, __cxxabiv1::__class_type_info const*, void const*, __cxxabiv1::__class_type_info const*, void const*, __cxxabiv1::__class_type_info::__dyncast_result&) const
 .text._ZNK10__cxxabiv120__si_class_type_info11__do_upcastEPKNS_17__class_type_infoEPKvRNS1_15__upcast_resultE
                0x10008398       0x24 /home/sandra/.pico-sdk/toolchain/13_3_Rel1/bin/../lib/gcc/arm-none-eabi/13.3.1/../../../../arm-none-eabi/lib/thumb/v6-m/nofp/libstdc++.a(si_class_type_info.o)
                0x10008398                __cxxabiv1::__si_class_type_info::__do_upcast(__cxxabiv1::__class_type_info const*, void const*, __cxxabiv1::__class_type_info::__upcast_result&) const
 .text._ZNSt9type_infoD2Ev
                0x100083bc        0x4 /home/sandra/.pico-sdk/toolchain/13_3_Rel1/bin/../lib/gcc/arm-none-eabi/13.3.1/../../../../arm-none-eabi/lib/thumb/v6-m/nofp/libstdc++.a(tinfo.o)
                0x100083bc                std::type_info::~type_info()
                0x100083bc                std::type_info::~type_info()
 .text._ZNKSt9type_info14__is_pointer_pEv
                0x100083c0        0x4 /home/sandra/.pico-sdk/toolchain/13_3_Rel1/bin/../lib/gcc/arm-none-eabi/13.3.1/../../../../arm-none-eabi/lib/thumb/v6-m/nofp/libstdc++.a(tinfo.o)
                0x100083c0                std::type_info::__is_function_p() const
                0x100083c0                std::type_info::__is_pointer_p() const
 .text._ZNKSt9type_infoeqERKS_
                0x100083c4       0x30 /home/sandra/.pico-sdk/toolchain/13_3_Rel1/bin/../lib/gcc/arm-none-eabi/13.3.1/../../../../arm-none-eabi/lib/thumb/v6-m/nofp/libstdc++.a(tinfo.o)
                0x100083c4                std::type_info::__equal(std::type_info const&) const
                0x100083c4                std::type_info::operator==(std::type_info const&) const
 .text._ZNK10__cxxabiv117__class_type_info11__do_upcastEPKS0_PPv
                0x100083f4       0x34 /home/sandra/.pico-sdk/toolchain/13_3_Rel1/bin/../lib/gcc/arm-none-eabi/13.3.1/../../../../arm-none-eabi/lib/thumb/v6-m/nofp/libstdc++.a(class_type_info.o)
                0x100083f4                __cxxabiv1::__class_type_info::__do_upcast(__cxxabiv1::__class_type_info const*, void**) const
 .text._ZNK10__cxxabiv117__class_type_info20__do_find_public_srcEiPKvPKS0_S2_
                0x10008428       0x14 /home/sandra/.pico-sdk/toolchain/13_3_Rel1/bin/../lib/gcc/arm-none-eabi/13.3.1/../../../../arm-none-eabi/lib/thumb/v6-m/nofp/libstdc++.a(class_type_info.o)
                0x10008428                __cxxabiv1::__class_type_info::__do_find_public_src(int, void const*, __cxxabiv1::__class_type_info const*, void const*) const
 .text._ZN10__cxxabiv117__class_type_infoD2Ev
                0x1000843c       0x14 /home/sandra/.pico-sdk/toolchain/13_3_Rel1/bin/../lib/gcc/arm-none-eabi/13.3.1/../../../../arm-none-eabi/lib/thumb/v6-m/nofp/libstdc++.a(class_type_info.o)
                0x1000843c                __cxxabiv1::__class_type_info::~__class_type_info()
                0x1000843c                __cxxabiv1::__class_type_info::~__class_type_info()
 .text._ZN10__cxxabiv117__class_type_infoD0Ev
                0x10008450       0x1c /home/sandra/.pico-sdk/toolchain/13_3_Rel1/bin/../lib/gcc/arm-none-eabi/13.3.1/../../../../arm-none-eabi/lib/thumb/v6-m/nofp/libstdc++.a(class_type_info.o)
                0x10008450                __cxxabiv1::__class_type_info::~__class_type_info()
 .text._ZNK10__cxxabiv117__class_type_info12__do_dyncastEiNS0_10__sub_kindEPKS0_PKvS3_S5_RNS0_16__dyncast_resultE
                0x1000846c       0x40 /home/sandra/.pico-sdk/toolchain/13_3_Rel1/bin/../lib/gcc/arm-none-eabi/13.3.1/../../../../arm-none-eabi/lib/thumb/v6-m/nofp/libstdc++.a(class_type_info.o)
                0x1000846c                __cxxabiv1::__class_type_info::__do_dyncast(int, __cxxabiv1::__class_type_info::__sub_kind, __cxxabiv1::__class_type_info const*, void const*, __cxxabiv1::__class_type_info const*, void const*, __cxxabiv1::__class_type_info::__dyncast_result&) const
 .text._ZNK10__cxxabiv117__class_type_info11__do_upcastEPKS0_PKvRNS0_15__upcast_resultE
                0x100084ac       0x1c /home/sandra/.pico-sdk/toolchain/13_3_Rel1/bin/../lib/gcc/arm-none-eabi/13.3.1/../../../../arm-none-eabi/lib/thumb/v6-m/nofp/libstdc++.a(class_type_info.o)
                0x100084ac                __cxxabiv1::__class_type_info::__do_upcast(__cxxabiv1::__class_type_info const*, void const*, __cxxabiv1::__class_type_info::__upcast_result&) const
 .text._ZNK10__cxxabiv117__class_type_info10__do_catchEPKSt9type_infoPPvj
                0x100084c8       0x24 /home/sandra/.pico-sdk/toolchain/13_3_Rel1/bin/../lib/gcc/arm-none-eabi/13.3.1/../../../../arm-none-eabi/lib/thumb/v6-m/nofp/libstdc++.a(class_type_info.o)
                0x100084c8                __cxxabiv1::__class_type_info::__do_catch(std::type_info const*, void**, unsigned int) const
 .text._ZN12_GLOBAL__N_14pool4freeEPv.constprop.0
                0x100084ec       0x6c /home/sandra/.pico-sdk/toolchain/13_3_Rel1/bin/../lib/gcc/arm-none-eabi/13.3.1/../../../../arm-none-eabi/lib/thumb/v6-m/nofp/libstdc++.a(eh_alloc.o)
 .text._ZN12_GLOBAL__N_14pool8allocateEj.constprop.0
                0x10008558       0x50 /home/sandra/.pico-sdk/toolchain/13_3_Rel1/bin/../lib/gcc/arm-none-eabi/13.3.1/../../../../arm-none-eabi/lib/thumb/v6-m/nofp/libstdc++.a(eh_alloc.o)
 .text.__cxa_allocate_exception
                0x100085a8       0x2c /home/sandra/.pico-sdk/toolchain/13_3_Rel1/bin/../lib/gcc/arm-none-eabi/13.3.1/../../../../arm-none-eabi/lib/thumb/v6-m/nofp/libstdc++.a(eh_alloc.o)
                0x100085a8                __cxa_allocate_exception
 .text.__cxa_free_exception
                0x100085d4       0x24 /home/sandra/.pico-sdk/toolchain/13_3_Rel1/bin/../lib/gcc/arm-none-eabi/13.3.1/../../../../arm-none-eabi/lib/thumb/v6-m/nofp/libstdc++.a(eh_alloc.o)
                0x100085d4                __cxa_free_exception
 .text.startup._GLOBAL__sub_I__ZN9__gnu_cxx9__freeresEv
                0x100085f8      0x10c /home/sandra/.pico-sdk/toolchain/13_3_Rel1/bin/../lib/gcc/arm-none-eabi/13.3.1/../../../../arm-none-eabi/lib/thumb/v6-m/nofp/libstdc++.a(eh_alloc.o)
 .text._ZNSt9exceptionD2Ev
                0x10008704        0x4 /home/sandra/.pico-sdk/toolchain/13_3_Rel1/bin/../lib/gcc/arm-none-eabi/13.3.1/../../../../arm-none-eabi/lib/thumb/v6-m/nofp/libstdc++.a(eh_exception.o)
                0x10008704                std::exception::~exception()
                0x10008704                std::exception::~exception()
 .text._ZNSt13bad_exceptionD2Ev
                0x10008708        0x4 /home/sandra/.pico-sdk/toolchain/13_3_Rel1/bin/../lib/gcc/arm-none-eabi/13.3.1/../../../../arm-none-eabi/lib/thumb/v6-m/nofp/libstdc++.a(eh_exception.o)
                0x10008708                std::bad_exception::~bad_exception()
                0x10008708                std::bad_exception::~bad_exception()
 .text._ZNKSt9exception4whatEv
                0x1000870c        0x8 /home/sandra/.pico-sdk/toolchain/13_3_Rel1/bin/../lib/gcc/arm-none-eabi/13.3.1/../../../../arm-none-eabi/lib/thumb/v6-m/nofp/libstdc++.a(eh_exception.o)
                0x1000870c                transaction clone for std::exception::what() const
                0x1000870c                std::exception::what() const
 .text._ZNKSt13bad_exception4whatEv
                0x10008714        0x8 /home/sandra/.pico-sdk/toolchain/13_3_Rel1/bin/../lib/gcc/arm-none-eabi/13.3.1/../../../../arm-none-eabi/lib/thumb/v6-m/nofp/libstdc++.a(eh_exception.o)
                0x10008714                transaction clone for std::bad_exception::what() const
                0x10008714                std::bad_exception::what() const
 .text._ZNSt13bad_exceptionD0Ev
                0x1000871c       0x10 /home/sandra/.pico-sdk/toolchain/13_3_Rel1/bin/../lib/gcc/arm-none-eabi/13.3.1/../../../../arm-none-eabi/lib/thumb/v6-m/nofp/libstdc++.a(eh_exception.o)
                0x1000871c                std::bad_exception::~bad_exception()
 .text._ZN10__cxxabiv111__terminateEPFvvE
                0x1000872c       0x10 /home/sandra/.pico-sdk/toolchain/13_3_Rel1/bin/../lib/gcc/arm-none-eabi/13.3.1/../../../../arm-none-eabi/lib/thumb/v6-m/nofp/libstdc++.a(eh_terminate.o)
                0x1000872c                __cxxabiv1::__terminate(void (*)())
 .text._ZSt9terminatev
                0x1000873c       0x10 /home/sandra/.pico-sdk/toolchain/13_3_Rel1/bin/../lib/gcc/arm-none-eabi/13.3.1/../../../../arm-none-eabi/lib/thumb/v6-m/nofp/libstdc++.a(eh_terminate.o)
                0x1000873c                std::terminate()
 .text._ZN10__cxxabiv112__unexpectedEPFvvE
                0x1000874c        0x8 /home/sandra/.pico-sdk/toolchain/13_3_Rel1/bin/../lib/gcc/arm-none-eabi/13.3.1/../../../../arm-none-eabi/lib/thumb/v6-m/nofp/libstdc++.a(eh_terminate.o)
                0x1000874c                __cxxabiv1::__unexpected(void (*)())
 .text._ZSt10unexpectedv
                0x10008754       0x10 /home/sandra/.pico-sdk/toolchain/13_3_Rel1/bin/../lib/gcc/arm-none-eabi/13.3.1/../../../../arm-none-eabi/lib/thumb/v6-m/nofp/libstdc++.a(eh_terminate.o)
                0x10008754                std::unexpected()
 .text._ZSt13get_terminatev
                0x10008764        0xc /home/sandra/.pico-sdk/toolchain/13_3_Rel1/bin/../lib/gcc/arm-none-eabi/13.3.1/../../../../arm-none-eabi/lib/thumb/v6-m/nofp/libstdc++.a(eh_terminate.o)
                0x10008764                std::get_terminate()
 .text._ZSt14get_unexpectedv
                0x10008770        0xc /home/sandra/.pico-sdk/toolchain/13_3_Rel1/bin/../lib/gcc/arm-none-eabi/13.3.1/../../../../arm-none-eabi/lib/thumb/v6-m/nofp/libstdc++.a(eh_terminate.o)
                0x10008770                std::get_unexpected()
 .text._ZL23__gxx_exception_cleanup19_Unwind_Reason_CodeP21_Unwind_Control_Block
                0x1000877c       0x34 /home/sandra/.pico-sdk/toolchain/13_3_Rel1/bin/../lib/gcc/arm-none-eabi/13.3.1/../../../../arm-none-eabi/lib/thumb/v6-m/nofp/libstdc++.a(eh_throw.o)
 .text.__cxa_init_primary_exception
                0x100087b0       0x4c /home/sandra/.pico-sdk/toolchain/13_3_Rel1/bin/../lib/gcc/arm-none-eabi/13.3.1/../../../../arm-none-eabi/lib/thumb/v6-m/nofp/libstdc++.a(eh_throw.o)
                0x100087b0                __cxa_init_primary_exception
 .text.__cxa_throw
                0x100087fc       0x34 /home/sandra/.pico-sdk/toolchain/13_3_Rel1/bin/../lib/gcc/arm-none-eabi/13.3.1/../../../../arm-none-eabi/lib/thumb/v6-m/nofp/libstdc++.a(eh_throw.o)
                0x100087fc                __cxa_throw
 .text.__cxa_rethrow
                0x10008830       0x70 /home/sandra/.pico-sdk/toolchain/13_3_Rel1/bin/../lib/gcc/arm-none-eabi/13.3.1/../../../../arm-none-eabi/lib/thumb/v6-m/nofp/libstdc++.a(eh_throw.o)
                0x10008830                __cxa_rethrow
 .text._ZN9__gnu_cxx27__verbose_terminate_handlerEv
                0x100088a0      0x114 /home/sandra/.pico-sdk/toolchain/13_3_Rel1/bin/../lib/gcc/arm-none-eabi/13.3.1/../../../../arm-none-eabi/lib/thumb/v6-m/nofp/libstdc++.a(vterminate.o)
                0x100088a0                __gnu_cxx::__verbose_terminate_handler()
 .text.d_make_comp
                0x100089b4       0xd8 /home/sandra/.pico-sdk/toolchain/13_3_Rel1/bin/../lib/gcc/arm-none-eabi/13.3.1/../../../../arm-none-eabi/lib/thumb/v6-m/nofp/libstdc++.a(cp-demangle.o)
 .text.d_number
                0x10008a8c       0x80 /home/sandra/.pico-sdk/toolchain/13_3_Rel1/bin/../lib/gcc/arm-none-eabi/13.3.1/../../../../arm-none-eabi/lib/thumb/v6-m/nofp/libstdc++.a(cp-demangle.o)
 .text.d_call_offset
                0x10008b0c       0x4c /home/sandra/.pico-sdk/toolchain/13_3_Rel1/bin/../lib/gcc/arm-none-eabi/13.3.1/../../../../arm-none-eabi/lib/thumb/v6-m/nofp/libstdc++.a(cp-demangle.o)
 .text.d_discriminator
                0x10008b58       0x4c /home/sandra/.pico-sdk/toolchain/13_3_Rel1/bin/../lib/gcc/arm-none-eabi/13.3.1/../../../../arm-none-eabi/lib/thumb/v6-m/nofp/libstdc++.a(cp-demangle.o)
 .text.d_count_templates_scopes
                0x10008ba4       0xb8 /home/sandra/.pico-sdk/toolchain/13_3_Rel1/bin/../lib/gcc/arm-none-eabi/13.3.1/../../../../arm-none-eabi/lib/thumb/v6-m/nofp/libstdc++.a(cp-demangle.o)
 .text.d_index_template_argument.part.0
                0x10008c5c       0x20 /home/sandra/.pico-sdk/toolchain/13_3_Rel1/bin/../lib/gcc/arm-none-eabi/13.3.1/../../../../arm-none-eabi/lib/thumb/v6-m/nofp/libstdc++.a(cp-demangle.o)
 .text.d_growable_string_callback_adapter
                0x10008c7c       0x80 /home/sandra/.pico-sdk/toolchain/13_3_Rel1/bin/../lib/gcc/arm-none-eabi/13.3.1/../../../../arm-none-eabi/lib/thumb/v6-m/nofp/libstdc++.a(cp-demangle.o)
 .text.next_is_type_qual.isra.0
                0x10008cfc       0x30 /home/sandra/.pico-sdk/toolchain/13_3_Rel1/bin/../lib/gcc/arm-none-eabi/13.3.1/../../../../arm-none-eabi/lib/thumb/v6-m/nofp/libstdc++.a(cp-demangle.o)
 .text.d_append_char
                0x10008d2c       0x44 /home/sandra/.pico-sdk/toolchain/13_3_Rel1/bin/../lib/gcc/arm-none-eabi/13.3.1/../../../../arm-none-eabi/lib/thumb/v6-m/nofp/libstdc++.a(cp-demangle.o)
 .text.d_lookup_template_argument
                0x10008d70       0x40 /home/sandra/.pico-sdk/toolchain/13_3_Rel1/bin/../lib/gcc/arm-none-eabi/13.3.1/../../../../arm-none-eabi/lib/thumb/v6-m/nofp/libstdc++.a(cp-demangle.o)
 .text.d_find_pack
                0x10008db0       0x58 /home/sandra/.pico-sdk/toolchain/13_3_Rel1/bin/../lib/gcc/arm-none-eabi/13.3.1/../../../../arm-none-eabi/lib/thumb/v6-m/nofp/libstdc++.a(cp-demangle.o)
 .text.d_append_string
                0x10008e08       0x78 /home/sandra/.pico-sdk/toolchain/13_3_Rel1/bin/../lib/gcc/arm-none-eabi/13.3.1/../../../../arm-none-eabi/lib/thumb/v6-m/nofp/libstdc++.a(cp-demangle.o)
 .text.d_template_param
                0x10008e80       0x5c /home/sandra/.pico-sdk/toolchain/13_3_Rel1/bin/../lib/gcc/arm-none-eabi/13.3.1/../../../../arm-none-eabi/lib/thumb/v6-m/nofp/libstdc++.a(cp-demangle.o)
 .text.d_append_num
                0x10008edc       0x8c /home/sandra/.pico-sdk/toolchain/13_3_Rel1/bin/../lib/gcc/arm-none-eabi/13.3.1/../../../../arm-none-eabi/lib/thumb/v6-m/nofp/libstdc++.a(cp-demangle.o)
 .text.d_source_name
                0x10008f68       0xec /home/sandra/.pico-sdk/toolchain/13_3_Rel1/bin/../lib/gcc/arm-none-eabi/13.3.1/../../../../arm-none-eabi/lib/thumb/v6-m/nofp/libstdc++.a(cp-demangle.o)
 .text.d_substitution
                0x10009054      0x184 /home/sandra/.pico-sdk/toolchain/13_3_Rel1/bin/../lib/gcc/arm-none-eabi/13.3.1/../../../../arm-none-eabi/lib/thumb/v6-m/nofp/libstdc++.a(cp-demangle.o)
 .text.d_maybe_module_name
                0x100091d8       0x60 /home/sandra/.pico-sdk/toolchain/13_3_Rel1/bin/../lib/gcc/arm-none-eabi/13.3.1/../../../../arm-none-eabi/lib/thumb/v6-m/nofp/libstdc++.a(cp-demangle.o)
 .text.d_type   0x10009238      0x70c /home/sandra/.pico-sdk/toolchain/13_3_Rel1/bin/../lib/gcc/arm-none-eabi/13.3.1/../../../../arm-none-eabi/lib/thumb/v6-m/nofp/libstdc++.a(cp-demangle.o)
 .text.d_parmlist
                0x10009944       0x84 /home/sandra/.pico-sdk/toolchain/13_3_Rel1/bin/../lib/gcc/arm-none-eabi/13.3.1/../../../../arm-none-eabi/lib/thumb/v6-m/nofp/libstdc++.a(cp-demangle.o)
 .text.d_bare_function_type
                0x100099c8       0x48 /home/sandra/.pico-sdk/toolchain/13_3_Rel1/bin/../lib/gcc/arm-none-eabi/13.3.1/../../../../arm-none-eabi/lib/thumb/v6-m/nofp/libstdc++.a(cp-demangle.o)
 .text.d_function_type
                0x10009a10       0x94 /home/sandra/.pico-sdk/toolchain/13_3_Rel1/bin/../lib/gcc/arm-none-eabi/13.3.1/../../../../arm-none-eabi/lib/thumb/v6-m/nofp/libstdc++.a(cp-demangle.o)
 .text.d_template_parm
                0x10009aa4       0x78 /home/sandra/.pico-sdk/toolchain/13_3_Rel1/bin/../lib/gcc/arm-none-eabi/13.3.1/../../../../arm-none-eabi/lib/thumb/v6-m/nofp/libstdc++.a(cp-demangle.o)
 .text.d_template_head
                0x10009b1c       0x38 /home/sandra/.pico-sdk/toolchain/13_3_Rel1/bin/../lib/gcc/arm-none-eabi/13.3.1/../../../../arm-none-eabi/lib/thumb/v6-m/nofp/libstdc++.a(cp-demangle.o)
 .text.d_operator_name
                0x10009b54      0x11c /home/sandra/.pico-sdk/toolchain/13_3_Rel1/bin/../lib/gcc/arm-none-eabi/13.3.1/../../../../arm-none-eabi/lib/thumb/v6-m/nofp/libstdc++.a(cp-demangle.o)
 .text.d_unqualified_name
                0x10009c70      0x394 /home/sandra/.pico-sdk/toolchain/13_3_Rel1/bin/../lib/gcc/arm-none-eabi/13.3.1/../../../../arm-none-eabi/lib/thumb/v6-m/nofp/libstdc++.a(cp-demangle.o)
 .text.d_expression_1
                0x1000a004      0x4fc /home/sandra/.pico-sdk/toolchain/13_3_Rel1/bin/../lib/gcc/arm-none-eabi/13.3.1/../../../../arm-none-eabi/lib/thumb/v6-m/nofp/libstdc++.a(cp-demangle.o)
 .text.d_exprlist
                0x1000a500       0x70 /home/sandra/.pico-sdk/toolchain/13_3_Rel1/bin/../lib/gcc/arm-none-eabi/13.3.1/../../../../arm-none-eabi/lib/thumb/v6-m/nofp/libstdc++.a(cp-demangle.o)
 .text.d_cv_qualifiers
                0x1000a570      0x170 /home/sandra/.pico-sdk/toolchain/13_3_Rel1/bin/../lib/gcc/arm-none-eabi/13.3.1/../../../../arm-none-eabi/lib/thumb/v6-m/nofp/libstdc++.a(cp-demangle.o)
 .text.d_name   0x1000a6e0      0x2f0 /home/sandra/.pico-sdk/toolchain/13_3_Rel1/bin/../lib/gcc/arm-none-eabi/13.3.1/../../../../arm-none-eabi/lib/thumb/v6-m/nofp/libstdc++.a(cp-demangle.o)
 .text.d_encoding.part.0
                0x1000a9d0       0xf4 /home/sandra/.pico-sdk/toolchain/13_3_Rel1/bin/../lib/gcc/arm-none-eabi/13.3.1/../../../../arm-none-eabi/lib/thumb/v6-m/nofp/libstdc++.a(cp-demangle.o)
 .text.d_special_name
                0x1000aac4      0x430 /home/sandra/.pico-sdk/toolchain/13_3_Rel1/bin/../lib/gcc/arm-none-eabi/13.3.1/../../../../arm-none-eabi/lib/thumb/v6-m/nofp/libstdc++.a(cp-demangle.o)
 .text.d_expr_primary
                0x1000aef4      0x118 /home/sandra/.pico-sdk/toolchain/13_3_Rel1/bin/../lib/gcc/arm-none-eabi/13.3.1/../../../../arm-none-eabi/lib/thumb/v6-m/nofp/libstdc++.a(cp-demangle.o)
 .text.d_template_arg
                0x1000b00c       0x54 /home/sandra/.pico-sdk/toolchain/13_3_Rel1/bin/../lib/gcc/arm-none-eabi/13.3.1/../../../../arm-none-eabi/lib/thumb/v6-m/nofp/libstdc++.a(cp-demangle.o)
 .text.d_template_args_1
                0x1000b060       0x60 /home/sandra/.pico-sdk/toolchain/13_3_Rel1/bin/../lib/gcc/arm-none-eabi/13.3.1/../../../../arm-none-eabi/lib/thumb/v6-m/nofp/libstdc++.a(cp-demangle.o)
 .text.d_prefix
                0x1000b0c0       0xd4 /home/sandra/.pico-sdk/toolchain/13_3_Rel1/bin/../lib/gcc/arm-none-eabi/13.3.1/../../../../arm-none-eabi/lib/thumb/v6-m/nofp/libstdc++.a(cp-demangle.o)
 .text.d_print_comp_inner
                0x1000b194     0x2f2c /home/sandra/.pico-sdk/toolchain/13_3_Rel1/bin/../lib/gcc/arm-none-eabi/13.3.1/../../../../arm-none-eabi/lib/thumb/v6-m/nofp/libstdc++.a(cp-demangle.o)
 .text.d_print_comp
                0x1000e0c0       0x5c /home/sandra/.pico-sdk/toolchain/13_3_Rel1/bin/../lib/gcc/arm-none-eabi/13.3.1/../../../../arm-none-eabi/lib/thumb/v6-m/nofp/libstdc++.a(cp-demangle.o)
 .text.d_print_mod
                0x1000e11c      0x6a4 /home/sandra/.pico-sdk/toolchain/13_3_Rel1/bin/../lib/gcc/arm-none-eabi/13.3.1/../../../../arm-none-eabi/lib/thumb/v6-m/nofp/libstdc++.a(cp-demangle.o)
 .text.d_print_function_type
                0x1000e7c0      0x23c /home/sandra/.pico-sdk/toolchain/13_3_Rel1/bin/../lib/gcc/arm-none-eabi/13.3.1/../../../../arm-none-eabi/lib/thumb/v6-m/nofp/libstdc++.a(cp-demangle.o)
 .text.d_print_mod_list
                0x1000e9fc      0x2ac /home/sandra/.pico-sdk/toolchain/13_3_Rel1/bin/../lib/gcc/arm-none-eabi/13.3.1/../../../../arm-none-eabi/lib/thumb/v6-m/nofp/libstdc++.a(cp-demangle.o)
 .text.d_print_array_type
                0x1000eca8      0x1f8 /home/sandra/.pico-sdk/toolchain/13_3_Rel1/bin/../lib/gcc/arm-none-eabi/13.3.1/../../../../arm-none-eabi/lib/thumb/v6-m/nofp/libstdc++.a(cp-demangle.o)
 .text.d_print_expr_op
                0x1000eea0       0x84 /home/sandra/.pico-sdk/toolchain/13_3_Rel1/bin/../lib/gcc/arm-none-eabi/13.3.1/../../../../arm-none-eabi/lib/thumb/v6-m/nofp/libstdc++.a(cp-demangle.o)
 .text.d_demangle_callback.constprop.0
                0x1000ef24      0x3cc /home/sandra/.pico-sdk/toolchain/13_3_Rel1/bin/../lib/gcc/arm-none-eabi/13.3.1/../../../../arm-none-eabi/lib/thumb/v6-m/nofp/libstdc++.a(cp-demangle.o)
 .text.d_print_subexpr
                0x1000f2f0      0x124 /home/sandra/.pico-sdk/toolchain/13_3_Rel1/bin/../lib/gcc/arm-none-eabi/13.3.1/../../../../arm-none-eabi/lib/thumb/v6-m/nofp/libstdc++.a(cp-demangle.o)
 .text.d_maybe_print_fold_expression
                0x1000f414      0x28c /home/sandra/.pico-sdk/toolchain/13_3_Rel1/bin/../lib/gcc/arm-none-eabi/13.3.1/../../../../arm-none-eabi/lib/thumb/v6-m/nofp/libstdc++.a(cp-demangle.o)
 .text.d_maybe_print_designated_init
                0x1000f6a0      0x218 /home/sandra/.pico-sdk/toolchain/13_3_Rel1/bin/../lib/gcc/arm-none-eabi/13.3.1/../../../../arm-none-eabi/lib/thumb/v6-m/nofp/libstdc++.a(cp-demangle.o)
 .text.__cxa_demangle
                0x1000f8b8       0xd0 /home/sandra/.pico-sdk/toolchain/13_3_Rel1/bin/../lib/gcc/arm-none-eabi/13.3.1/../../../../arm-none-eabi/lib/thumb/v6-m/nofp/libstdc++.a(cp-demangle.o)
                0x1000f8b8                __cxa_demangle
 .text.__cxa_end_cleanup
                0x1000f988        0xc /home/sandra/.pico-sdk/toolchain/13_3_Rel1/bin/../lib/gcc/arm-none-eabi/13.3.1/../../../../arm-none-eabi/lib/thumb/v6-m/nofp/libstdc++.a(eh_arm.o)
                0x1000f988                __cxa_end_cleanup
 .text.__cxa_type_match
                0x1000f994       0xc0 /home/sandra/.pico-sdk/toolchain/13_3_Rel1/bin/../lib/gcc/arm-none-eabi/13.3.1/../../../../arm-none-eabi/lib/thumb/v6-m/nofp/libstdc++.a(eh_arm.o)
                0x1000f994                __cxa_type_match
 .text.__cxa_begin_cleanup
                0x1000fa54       0x60 /home/sandra/.pico-sdk/toolchain/13_3_Rel1/bin/../lib/gcc/arm-none-eabi/13.3.1/../../../../arm-none-eabi/lib/thumb/v6-m/nofp/libstdc++.a(eh_arm.o)
                0x1000fa54                __cxa_begin_cleanup
 .text.__gnu_end_cleanup
                0x1000fab4       0x70 /home/sandra/.pico-sdk/toolchain/13_3_Rel1/bin/../lib/gcc/arm-none-eabi/13.3.1/../../../../arm-none-eabi/lib/thumb/v6-m/nofp/libstdc++.a(eh_arm.o)
                0x1000fab4                __gnu_end_cleanup
 .text.__cxa_begin_catch
                0x1000fb24       0x74 /home/sandra/.pico-sdk/toolchain/13_3_Rel1/bin/../lib/gcc/arm-none-eabi/13.3.1/../../../../arm-none-eabi/lib/thumb/v6-m/nofp/libstdc++.a(eh_catch.o)
                0x1000fb24                __cxa_begin_catch
 .text.__cxa_end_catch
                0x1000fb98       0x90 /home/sandra/.pico-sdk/toolchain/13_3_Rel1/bin/../lib/gcc/arm-none-eabi/13.3.1/../../../../arm-none-eabi/lib/thumb/v6-m/nofp/libstdc++.a(eh_catch.o)
                0x1000fb98                __cxa_end_catch
 .text.__cxa_get_globals_fast
                0x1000fc28        0x8 /home/sandra/.pico-sdk/toolchain/13_3_Rel1/bin/../lib/gcc/arm-none-eabi/13.3.1/../../../../arm-none-eabi/lib/thumb/v6-m/nofp/libstdc++.a(eh_globals.o)
                0x1000fc28                __cxa_get_globals_fast
 .text.__cxa_get_globals
                0x1000fc30        0x8 /home/sandra/.pico-sdk/toolchain/13_3_Rel1/bin/../lib/gcc/arm-none-eabi/13.3.1/../../../../arm-none-eabi/lib/thumb/v6-m/nofp/libstdc++.a(eh_globals.o)
                0x1000fc30                __cxa_get_globals
 .text._ZL28read_encoded_value_with_basehjPKhPj
                0x1000fc38      0x104 /home/sandra/.pico-sdk/toolchain/13_3_Rel1/bin/../lib/gcc/arm-none-eabi/13.3.1/../../../../arm-none-eabi/lib/thumb/v6-m/nofp/libstdc++.a(eh_personality.o)
 .text._ZL21base_of_encoded_valuehP15_Unwind_Context
                0x1000fd3c       0x40 /home/sandra/.pico-sdk/toolchain/13_3_Rel1/bin/../lib/gcc/arm-none-eabi/13.3.1/../../../../arm-none-eabi/lib/thumb/v6-m/nofp/libstdc++.a(eh_personality.o)
 .text._ZL17parse_lsda_headerP15_Unwind_ContextPKhP16lsda_header_info
                0x1000fd7c       0x94 /home/sandra/.pico-sdk/toolchain/13_3_Rel1/bin/../lib/gcc/arm-none-eabi/13.3.1/../../../../arm-none-eabi/lib/thumb/v6-m/nofp/libstdc++.a(eh_personality.o)
 .text.__gxx_personality_v0
                0x1000fe10      0x4b8 /home/sandra/.pico-sdk/toolchain/13_3_Rel1/bin/../lib/gcc/arm-none-eabi/13.3.1/../../../../arm-none-eabi/lib/thumb/v6-m/nofp/libstdc++.a(eh_personality.o)
                0x1000fe10                __gxx_personality_v0
 .text.__cxa_current_exception_type
                0x100102c8       0x20 /home/sandra/.pico-sdk/toolchain/13_3_Rel1/bin/../lib/gcc/arm-none-eabi/13.3.1/../../../../arm-none-eabi/lib/thumb/v6-m/nofp/libstdc++.a(eh_type.o)
                0x100102c8                __cxa_current_exception_type
 .text._ZN10__cxxabiv1L24__is_gxx_exception_classEPc
                0x100102e8       0x3c /home/sandra/.pico-sdk/toolchain/13_3_Rel1/bin/../lib/gcc/arm-none-eabi/13.3.1/../../../../arm-none-eabi/lib/thumb/v6-m/nofp/libstdc++.a(eh_call.o)
 .text.__cxa_call_terminate
                0x10010324       0x20 /home/sandra/.pico-sdk/toolchain/13_3_Rel1/bin/../lib/gcc/arm-none-eabi/13.3.1/../../../../arm-none-eabi/lib/thumb/v6-m/nofp/libstdc++.a(eh_call.o)
                0x10010324                __cxa_call_terminate
 .text.unlikely.__cxa_call_unexpected
                0x10010344       0xfc /home/sandra/.pico-sdk/toolchain/13_3_Rel1/bin/../lib/gcc/arm-none-eabi/13.3.1/../../../../arm-none-eabi/lib/thumb/v6-m/nofp/libstdc++.a(eh_call.o)
                0x10010344                __cxa_call_unexpected
 .text._strtoul_l.isra.0
                0x10010440      0x144 /home/sandra/.pico-sdk/toolchain/13_3_Rel1/bin/../lib/gcc/arm-none-eabi/13.3.1/../../../../arm-none-eabi/lib/thumb/v6-m/nofp/libg.a(libc_a-strtoul.o)
 .text.strtoul  0x10010584       0x18 /home/sandra/.pico-sdk/toolchain/13_3_Rel1/bin/../lib/gcc/arm-none-eabi/13.3.1/../../../../arm-none-eabi/lib/thumb/v6-m/nofp/libg.a(libc_a-strtoul.o)
                0x10010584                strtoul
 .text.getenv   0x1001059c       0x18 /home/sandra/.pico-sdk/toolchain/13_3_Rel1/bin/../lib/gcc/arm-none-eabi/13.3.1/../../../../arm-none-eabi/lib/thumb/v6-m/nofp/libg.a(libc_a-getenv.o)
                0x1001059c                getenv
 .text._findenv_r
                0x100105b4       0x8c /home/sandra/.pico-sdk/toolchain/13_3_Rel1/bin/../lib/gcc/arm-none-eabi/13.3.1/../../../../arm-none-eabi/lib/thumb/v6-m/nofp/libg.a(libc_a-getenv_r.o)
                0x100105b4                _findenv_r
 .text.strlen   0x10010640       0x5c /home/sandra/.pico-sdk/toolchain/13_3_Rel1/bin/../lib/gcc/arm-none-eabi/13.3.1/../../../../arm-none-eabi/lib/thumb/v6-m/nofp/libg.a(libc_a-strlen-stub.o)